Archive member included to satisfy reference by file (symbol)

c:/renesas/synergy/e2studio_v7.5.1_ssp_v1.7.8/toolchains/gcc_arm/7.2.1_2017q4/bin/../lib/gcc/arm-none-eabi/7.2.1/thumb/v7e-m/fpv4-sp/hard\libgcc.a(_aeabi_ldivmod.o)
                              ./synergy/ssp/src/driver/r_gpt/r_gpt.o (__aeabi_ldivmod)
c:/renesas/synergy/e2studio_v7.5.1_ssp_v1.7.8/toolchains/gcc_arm/7.2.1_2017q4/bin/../lib/gcc/arm-none-eabi/7.2.1/thumb/v7e-m/fpv4-sp/hard\libgcc.a(_aeabi_uldivmod.o)
                              ./synergy/ssp/src/driver/r_gpt/r_gpt.o (__aeabi_uldivmod)
c:/renesas/synergy/e2studio_v7.5.1_ssp_v1.7.8/toolchains/gcc_arm/7.2.1_2017q4/bin/../lib/gcc/arm-none-eabi/7.2.1/thumb/v7e-m/fpv4-sp/hard\libgcc.a(_udivmoddi4.o)
                              c:/renesas/synergy/e2studio_v7.5.1_ssp_v1.7.8/toolchains/gcc_arm/7.2.1_2017q4/bin/../lib/gcc/arm-none-eabi/7.2.1/thumb/v7e-m/fpv4-sp/hard\libgcc.a(_aeabi_ldivmod.o) (__udivmoddi4)
c:/renesas/synergy/e2studio_v7.5.1_ssp_v1.7.8/toolchains/gcc_arm/7.2.1_2017q4/bin/../lib/gcc/arm-none-eabi/7.2.1/thumb/v7e-m/fpv4-sp/hard\libgcc.a(_dvmd_tls.o)
                              c:/renesas/synergy/e2studio_v7.5.1_ssp_v1.7.8/toolchains/gcc_arm/7.2.1_2017q4/bin/../lib/gcc/arm-none-eabi/7.2.1/thumb/v7e-m/fpv4-sp/hard\libgcc.a(_aeabi_ldivmod.o) (__aeabi_ldiv0)
c:/renesas/synergy/e2studio_v7.5.1_ssp_v1.7.8/toolchains/gcc_arm/7.2.1_2017q4/bin/../lib/gcc/arm-none-eabi/7.2.1/../../../../arm-none-eabi/lib/thumb/v7e-m/fpv4-sp/hard\libg_nano.a(lib_a-errno.o)
                              ./synergy/ssp/src/bsp/mcu/all/bsp_sbrk.o (__errno)
c:/renesas/synergy/e2studio_v7.5.1_ssp_v1.7.8/toolchains/gcc_arm/7.2.1_2017q4/bin/../lib/gcc/arm-none-eabi/7.2.1/../../../../arm-none-eabi/lib/thumb/v7e-m/fpv4-sp/hard\libg_nano.a(lib_a-exit.o)
                              c:/renesas/synergy/e2studio_v7.5.1_ssp_v1.7.8/toolchains/gcc_arm/7.2.1_2017q4/bin/../lib/gcc/arm-none-eabi/7.2.1/../../../../arm-none-eabi/lib/thumb/v7e-m/fpv4-sp/hard/rdimon-crt0.o (exit)
c:/renesas/synergy/e2studio_v7.5.1_ssp_v1.7.8/toolchains/gcc_arm/7.2.1_2017q4/bin/../lib/gcc/arm-none-eabi/7.2.1/../../../../arm-none-eabi/lib/thumb/v7e-m/fpv4-sp/hard\libg_nano.a(lib_a-impure.o)
                              c:/renesas/synergy/e2studio_v7.5.1_ssp_v1.7.8/toolchains/gcc_arm/7.2.1_2017q4/bin/../lib/gcc/arm-none-eabi/7.2.1/../../../../arm-none-eabi/lib/thumb/v7e-m/fpv4-sp/hard\libg_nano.a(lib_a-exit.o) (_global_impure_ptr)
c:/renesas/synergy/e2studio_v7.5.1_ssp_v1.7.8/toolchains/gcc_arm/7.2.1_2017q4/bin/../lib/gcc/arm-none-eabi/7.2.1/../../../../arm-none-eabi/lib/thumb/v7e-m/fpv4-sp/hard\libg_nano.a(lib_a-init.o)
                              c:/renesas/synergy/e2studio_v7.5.1_ssp_v1.7.8/toolchains/gcc_arm/7.2.1_2017q4/bin/../lib/gcc/arm-none-eabi/7.2.1/../../../../arm-none-eabi/lib/thumb/v7e-m/fpv4-sp/hard/rdimon-crt0.o (__libc_init_array)
c:/renesas/synergy/e2studio_v7.5.1_ssp_v1.7.8/toolchains/gcc_arm/7.2.1_2017q4/bin/../lib/gcc/arm-none-eabi/7.2.1/../../../../arm-none-eabi/lib/thumb/v7e-m/fpv4-sp/hard\libg_nano.a(lib_a-memcmp.o)
                              ./synergy/ssp/src/driver/r_fmi/r_fmi.o (memcmp)
c:/renesas/synergy/e2studio_v7.5.1_ssp_v1.7.8/toolchains/gcc_arm/7.2.1_2017q4/bin/../lib/gcc/arm-none-eabi/7.2.1/../../../../arm-none-eabi/lib/thumb/v7e-m/fpv4-sp/hard\libg_nano.a(lib_a-memset.o)
                              c:/renesas/synergy/e2studio_v7.5.1_ssp_v1.7.8/toolchains/gcc_arm/7.2.1_2017q4/bin/../lib/gcc/arm-none-eabi/7.2.1/../../../../arm-none-eabi/lib/thumb/v7e-m/fpv4-sp/hard/rdimon-crt0.o (memset)
c:/renesas/synergy/e2studio_v7.5.1_ssp_v1.7.8/toolchains/gcc_arm/7.2.1_2017q4/bin/../lib/gcc/arm-none-eabi/7.2.1/../../../../arm-none-eabi/lib/thumb/v7e-m/fpv4-sp/hard\libg_nano.a(lib_a-rand.o)
                              ./synergy/ssp/src/bsp/cmsis/Device/RENESAS/S7G2/Source/system_S7G2.o (srand)
c:/renesas/synergy/e2studio_v7.5.1_ssp_v1.7.8/toolchains/gcc_arm/7.2.1_2017q4/bin/../lib/gcc/arm-none-eabi/7.2.1/../../../../arm-none-eabi/lib/thumb/v7e-m/fpv4-sp/hard\libg_nano.a(lib_a-malloc.o)
                              c:/renesas/synergy/e2studio_v7.5.1_ssp_v1.7.8/toolchains/gcc_arm/7.2.1_2017q4/bin/../lib/gcc/arm-none-eabi/7.2.1/../../../../arm-none-eabi/lib/thumb/v7e-m/fpv4-sp/hard\libg_nano.a(lib_a-rand.o) (malloc)
c:/renesas/synergy/e2studio_v7.5.1_ssp_v1.7.8/toolchains/gcc_arm/7.2.1_2017q4/bin/../lib/gcc/arm-none-eabi/7.2.1/../../../../arm-none-eabi/lib/thumb/v7e-m/fpv4-sp/hard\libg_nano.a(lib_a-nano-freer.o)
                              c:/renesas/synergy/e2studio_v7.5.1_ssp_v1.7.8/toolchains/gcc_arm/7.2.1_2017q4/bin/../lib/gcc/arm-none-eabi/7.2.1/../../../../arm-none-eabi/lib/thumb/v7e-m/fpv4-sp/hard\libg_nano.a(lib_a-malloc.o) (_free_r)
c:/renesas/synergy/e2studio_v7.5.1_ssp_v1.7.8/toolchains/gcc_arm/7.2.1_2017q4/bin/../lib/gcc/arm-none-eabi/7.2.1/../../../../arm-none-eabi/lib/thumb/v7e-m/fpv4-sp/hard\libg_nano.a(lib_a-nano-mallocr.o)
[...]
Memory Configuration

Name             Origin             Length             Attributes
FLASH            0x00000000         0x00400000         xr
RAM              0x1ffe0000         0x000a0000         xrw
DATA_FLASH       0x40100000         0x00010000         xr
QSPI_FLASH       0x60000000         0x04000000         xr
SDRAM            0x90000000         0x02000000         xrw
ID_CODES         0x40120050         0x00000010         xr
*default*        0x00000000         0xffffffff

Linker script and memory map

LOAD c:/renesas/synergy/e2studio_v7.5.1_ssp_v1.7.8/toolchains/gcc_arm/7.2.1_2017q4/bin/../lib/gcc/arm-none-eabi/7.2.1/thumb/v7e-m/fpv4-sp/hard/crti.o
LOAD c:/renesas/synergy/e2studio_v7.5.1_ssp_v1.7.8/toolchains/gcc_arm/7.2.1_2017q4/bin/../lib/gcc/arm-none-eabi/7.2.1/thumb/v7e-m/fpv4-sp/hard/crtbegin.o
LOAD c:/renesas/synergy/e2studio_v7.5.1_ssp_v1.7.8/toolchains/gcc_arm/7.2.1_2017q4/bin/../lib/gcc/arm-none-eabi/7.2.1/../../../../arm-none-eabi/lib/thumb/v7e-m/fpv4-sp/hard/rdimon-crt0.o
START GROUP
LOAD ./synergy/ssp/src/driver/r_ioport/r_ioport.o
LOAD ./synergy/ssp/src/driver/r_icu/r_icu.o
LOAD ./synergy/ssp/src/driver/r_gpt/r_gpt.o
LOAD ./synergy/ssp/src/driver/r_fmi/r_fmi.o
LOAD ./synergy/ssp/src/driver/r_elc/r_elc.o
LOAD ./synergy/ssp/src/driver/r_cgc/r_cgc.o
LOAD ./synergy/ssp/src/bsp/mcu/s7g2/bsp_cache.o
LOAD ./synergy/ssp/src/bsp/mcu/s7g2/bsp_clocks.o
LOAD ./synergy/ssp/src/bsp/mcu/s7g2/bsp_feature.o
LOAD ./synergy/ssp/src/bsp/mcu/s7g2/bsp_fmi_R7FS7G27H3A01CFC.o
LOAD ./synergy/ssp/src/bsp/mcu/s7g2/bsp_group_irq.o
LOAD ./synergy/ssp/src/bsp/mcu/s7g2/bsp_hw_locks.o
LOAD ./synergy/ssp/src/bsp/mcu/s7g2/bsp_module_stop.o
LOAD ./synergy/ssp/src/bsp/mcu/s7g2/bsp_rom_registers.o
LOAD ./synergy/ssp/src/bsp/mcu/all/bsp_common.o
LOAD ./synergy/ssp/src/bsp/mcu/all/bsp_common_leds.o
LOAD ./synergy/ssp/src/bsp/mcu/all/bsp_delay.o
LOAD ./synergy/ssp/src/bsp/mcu/all/bsp_irq.o
LOAD ./synergy/ssp/src/bsp/mcu/all/bsp_locking.o
LOAD ./synergy/ssp/src/bsp/mcu/all/bsp_register_protection.o
LOAD ./synergy/ssp/src/bsp/mcu/all/bsp_sbrk.o
LOAD ./synergy/ssp/src/bsp/cmsis/Device/RENESAS/S7G2/Source/startup_S7G2.o
LOAD ./synergy/ssp/src/bsp/cmsis/Device/RENESAS/S7G2/Source/system_S7G2.o
LOAD ./synergy/board/s7g2_sk/bsp_init.o
LOAD ./synergy/board/s7g2_sk/bsp_leds.o
LOAD ./synergy/board/s7g2_sk/bsp_qspi.o
LOAD ./src/synergy_gen/common_data.o
LOAD ./src/synergy_gen/hal_data.o
LOAD ./src/synergy_gen/main.o
LOAD ./src/synergy_gen/pin_data.o
LOAD ./src/hal_entry.o
LOAD C:\Users\gabri\Documentos\e2_studio\workplace\djames\synergy\ssp\src\bsp\cmsis\DSP_Lib\cm4_gcc\libDSP_Lib.a
END GROUP
START GROUP
LOAD c:/renesas/synergy/e2studio_v7.5.1_ssp_v1.7.8/toolchains/gcc_arm/7.2.1_2017q4/bin/../lib/gcc/arm-none-eabi/7.2.1/thumb/v7e-m/fpv4-sp/hard\libgcc.a
LOAD c:/renesas/synergy/e2studio_v7.5.1_ssp_v1.7.8/toolchains/gcc_arm/7.2.1_2017q4/bin/../lib/gcc/arm-none-eabi/7.2.1/../../../../arm-none-eabi/lib/thumb/v7e-m/fpv4-sp/hard\libg_nano.a
LOAD c:/renesas/synergy/e2studio_v7.5.1_ssp_v1.7.8/toolchains/gcc_arm/7.2.1_2017q4/bin/../lib/gcc/arm-none-eabi/7.2.1/../../../../arm-none-eabi/lib/thumb/v7e-m/fpv4-sp/hard\libc_nano.a
END GROUP
START GROUP
LOAD c:/renesas/synergy/e2studio_v7.5.1_ssp_v1.7.8/toolchains/gcc_arm/7.2.1_2017q4/bin/../lib/gcc/arm-none-eabi/7.2.1/thumb/v7e-m/fpv4-sp/hard\libgcc.a
LOAD c:/renesas/synergy/e2studio_v7.5.1_ssp_v1.7.8/toolchains/gcc_arm/7.2.1_2017q4/bin/../lib/gcc/arm-none-eabi/7.2.1/../../../../arm-none-eabi/lib/thumb/v7e-m/fpv4-sp/hard\libc_nano.a
LOAD c:/renesas/synergy/e2studio_v7.5.1_ssp_v1.7.8/toolchains/gcc_arm/7.2.1_2017q4/bin/../lib/gcc/arm-none-eabi/7.2.1/../../../../arm-none-eabi/lib/thumb/v7e-m/fpv4-sp/hard\librdimon_nano.a
END GROUP
START GROUP
LOAD c:/renesas/synergy/e2studio_v7.5.1_ssp_v1.7.8/toolchains/gcc_arm/7.2.1_2017q4/bin/../lib/gcc/arm-none-eabi/7.2.1/thumb/v7e-m/fpv4-sp/hard\libgcc.a
LOAD c:/renesas/synergy/e2studio_v7.5.1_ssp_v1.7.8/toolchains/gcc_arm/7.2.1_2017q4/bin/../lib/gcc/arm-none-eabi/7.2.1/../../../../arm-none-eabi/lib/thumb/v7e-m/fpv4-sp/hard\libc_nano.a
LOAD c:/renesas/synergy/e2studio_v7.5.1_ssp_v1.7.8/toolchains/gcc_arm/7.2.1_2017q4/bin/../lib/gcc/arm-none-eabi/7.2.1/../../../../arm-none-eabi/lib/thumb/v7e-m/fpv4-sp/hard\librdimon_nano.a
END GROUP
LOAD c:/renesas/synergy/e2studio_v7.5.1_ssp_v1.7.8/toolchains/gcc_arm/7.2.1_2017q4/bin/../lib/gcc/arm-none-eabi/7.2.1/thumb/v7e-m/fpv4-sp/hard/crtend.o
LOAD c:/renesas/synergy/e2studio_v7.5.1_ssp_v1.7.8/toolchains/gcc_arm/7.2.1_2017q4/bin/../lib/gcc/arm-none-eabi/7.2.1/thumb/v7e-m/fpv4-sp/hard/crtn.o
START GROUP
LOAD c:/renesas/synergy/e2studio_v7.5.1_ssp_v1.7.8/toolchains/gcc_arm/7.2.1_2017q4/bin/../lib/gcc/arm-none-eabi/7.2.1/thumb/v7e-m/fpv4-sp/hard\libgcc.a
LOAD c:/renesas/synergy/e2studio_v7.5.1_ssp_v1.7.8/toolchains/gcc_arm/7.2.1_2017q4/bin/../lib/gcc/arm-none-eabi/7.2.1/../../../../arm-none-eabi/lib/thumb/v7e-m/fpv4-sp/hard\libc.a
LOAD c:/renesas/synergy/e2studio_v7.5.1_ssp_v1.7.8/toolchains/gcc_arm/7.2.1_2017q4/bin/../lib/gcc/arm-none-eabi/7.2.1/../../../../arm-none-eabi/lib/thumb/v7e-m/fpv4-sp/hard\libm.a
LOAD c:/renesas/synergy/e2studio_v7.5.1_ssp_v1.7.8/toolchains/gcc_arm/7.2.1_2017q4/bin/../lib/gcc/arm-none-eabi/7.2.1/../../../../arm-none-eabi/lib/thumb/v7e-m/fpv4-sp/hard\libnosys.a
END GROUP

.text           0x00000000     0x4d5c
                0x00000000                __ROM_Start = .
 *(.vectors)
 .vectors       0x00000000       0x40 ./synergy/ssp/src/bsp/cmsis/Device/RENESAS/S7G2/Source/startup_S7G2.o
                0x00000000                __Vectors
 *(SORT_BY_NAME(.vector.*))
 .vector.GPT_8_COUNTER_OVERFLOW
                0x00000040        0x4 ./src/synergy_gen/hal_data.o
                0x00000040                g_vector_GPT_8_COUNTER_OVERFLOW
 .vector.ICU_IRQ11
                0x00000044        0x4 ./src/synergy_gen/hal_data.o
                0x00000044                g_vector_ICU_IRQ11
                0x00000048                __Vectors_End = .
                0x00000048                __end__ = .
                0x00000400                . = (__ROM_Start + 0x400)
 *fill*         0x00000048      0x3b8 ff
 *(.rom_registers*)
 .rom_registers
                0x00000400       0x3c ./synergy/ssp/src/bsp/mcu/s7g2/bsp_rom_registers.o
                0x00000500                . = (__ROM_Start + 0x500)
 *fill*         0x0000043c       0xc4 ff
                0x00000500                __Vector_Info_Start = .
 *(SORT_BY_NAME(.vector_info.*))
 .vector_info.GPT_8_COUNTER_OVERFLOW
                0x00000500        0x8 ./src/synergy_gen/hal_data.o
                0x00000500                g_vector_info_GPT_8_COUNTER_OVERFLOW
 .vector_info.ICU_IRQ11
                0x00000508        0x8 ./src/synergy_gen/hal_data.o
                0x00000508                g_vector_info_ICU_IRQ11
                0x00000510                __Vector_Info_End = .
                0x00000510                __Lock_Lookup_Start = .
 *(SORT_BY_NAME(.hw_lock_lookup.*))
 .hw_lock_lookup.ADC_0U_0U
                0x00000510        0x4 ./synergy/ssp/src/bsp/mcu/s7g2/bsp_hw_locks.o
                0x00000510                g_lock_lookup_ADC_0U_0U
 .hw_lock_lookup.ADC_0U_1U
                0x00000514        0x4 ./synergy/ssp/src/bsp/mcu/s7g2/bsp_hw_locks.o
                0x00000514                g_lock_lookup_ADC_0U_1U
 .hw_lock_lookup.AGT_0U_0U
                0x00000518        0x4 ./synergy/ssp/src/bsp/mcu/s7g2/bsp_hw_locks.o
                0x00000518                g_lock_lookup_AGT_0U_0U
 .hw_lock_lookup.AGT_0U_1U
                0x0000051c        0x4 ./synergy/ssp/src/bsp/mcu/s7g2/bsp_hw_locks.o
                0x0000051c                g_lock_lookup_AGT_0U_1U
 .hw_lock_lookup.BSC_0U_1U
                0x00000520        0x4 ./synergy/ssp/src/bsp/mcu/s7g2/bsp_hw_locks.o
                0x00000520                g_lock_lookup_BSC_0U_1U
 .hw_lock_lookup.CAC_0U_0U
                0x00000524        0x4 ./synergy/ssp/src/bsp/mcu/s7g2/bsp_hw_locks.o
                0x00000524                g_lock_lookup_CAC_0U_0U
 .hw_lock_lookup.CAN_0U_0U
                0x00000528        0x4 ./synergy/ssp/src/bsp/mcu/s7g2/bsp_hw_locks.o
                0x00000528                g_lock_lookup_CAN_0U_0U
 .hw_lock_lookup.CAN_0U_1U
                0x0000052c        0x4 ./synergy/ssp/src/bsp/mcu/s7g2/bsp_hw_locks.o
                0x0000052c                g_lock_lookup_CAN_0U_1U
 .hw_lock_lookup.COMP_HS_0U_0U
                0x00000530        0x4 ./synergy/ssp/src/bsp/mcu/s7g2/bsp_hw_locks.o
                0x00000530                g_lock_lookup_COMP_HS_0U_0U
 .hw_lock_lookup.COMP_HS_0U_1U
                0x00000534        0x4 ./synergy/ssp/src/bsp/mcu/s7g2/bsp_hw_locks.o
                0x00000534                g_lock_lookup_COMP_HS_0U_1U
 .hw_lock_lookup.COMP_HS_0U_2U
                0x00000538        0x4 ./synergy/ssp/src/bsp/mcu/s7g2/bsp_hw_locks.o
                0x00000538                g_lock_lookup_COMP_HS_0U_2U
 .hw_lock_lookup.COMP_HS_0U_3U
                0x0000053c        0x4 ./synergy/ssp/src/bsp/mcu/s7g2/bsp_hw_locks.o
                0x0000053c                g_lock_lookup_COMP_HS_0U_3U
 .hw_lock_lookup.COMP_HS_0U_4U
                0x00000540        0x4 ./synergy/ssp/src/bsp/mcu/s7g2/bsp_hw_locks.o
                0x00000540                g_lock_lookup_COMP_HS_0U_4U
 .hw_lock_lookup.COMP_HS_0U_5U
                0x00000544        0x4 ./synergy/ssp/src/bsp/mcu/s7g2/bsp_hw_locks.o
                0x00000544                g_lock_lookup_COMP_HS_0U_5U
 .hw_lock_lookup.CRC_0U_0U
                0x00000548        0x4 ./synergy/ssp/src/bsp/mcu/s7g2/bsp_hw_locks.o
                0x00000548                g_lock_lookup_CRC_0U_0U
 .hw_lock_lookup.CTSU_0U_0U
                0x0000054c        0x4 ./synergy/ssp/src/bsp/mcu/s7g2/bsp_hw_locks.o
                0x0000054c                g_lock_lookup_CTSU_0U_0U
 .hw_lock_lookup.DAAD_0U_0U
                0x00000550        0x4 ./synergy/ssp/src/bsp/mcu/s7g2/bsp_hw_locks.o
                0x00000550                g_lock_lookup_DAAD_0U_0U
 .hw_lock_lookup.DAC_0U_0U
                0x00000554        0x4 ./synergy/ssp/src/bsp/mcu/s7g2/bsp_hw_locks.o
                0x00000554                g_lock_lookup_DAC_0U_0U
 .hw_lock_lookup.DAC_0U_1U
                0x00000558        0x4 ./synergy/ssp/src/bsp/mcu/s7g2/bsp_hw_locks.o
                0x00000558                g_lock_lookup_DAC_0U_1U
 .hw_lock_lookup.DMAC_0U_0U
                0x0000055c        0x4 ./synergy/ssp/src/bsp/mcu/s7g2/bsp_hw_locks.o
                0x0000055c                g_lock_lookup_DMAC_0U_0U
 .hw_lock_lookup.DMAC_0U_1U
                0x00000560        0x4 ./synergy/ssp/src/bsp/mcu/s7g2/bsp_hw_locks.o
                0x00000560                g_lock_lookup_DMAC_0U_1U
 .hw_lock_lookup.DMAC_0U_2U
                0x00000564        0x4 ./synergy/ssp/src/bsp/mcu/s7g2/bsp_hw_locks.o
                0x00000564                g_lock_lookup_DMAC_0U_2U
 .hw_lock_lookup.DMAC_0U_3U
                0x00000568        0x4 ./synergy/ssp/src/bsp/mcu/s7g2/bsp_hw_locks.o
                0x00000568                g_lock_lookup_DMAC_0U_3U
 .hw_lock_lookup.DMAC_0U_4U
                0x0000056c        0x4 ./synergy/ssp/src/bsp/mcu/s7g2/bsp_hw_locks.o
                0x0000056c                g_lock_lookup_DMAC_0U_4U
 .hw_lock_lookup.DMAC_0U_5U
                0x00000570        0x4 ./synergy/ssp/src/bsp/mcu/s7g2/bsp_hw_locks.o
                0x00000570                g_lock_lookup_DMAC_0U_5U
 .hw_lock_lookup.DMAC_0U_6U
                0x00000574        0x4 ./synergy/ssp/src/bsp/mcu/s7g2/bsp_hw_locks.o
                0x00000574                g_lock_lookup_DMAC_0U_6U
 .hw_lock_lookup.DMAC_0U_7U
                0x00000578        0x4 ./synergy/ssp/src/bsp/mcu/s7g2/bsp_hw_locks.o
                0x00000578                g_lock_lookup_DMAC_0U_7U
 .hw_lock_lookup.DOC_0U_0U
                0x0000057c        0x4 ./synergy/ssp/src/bsp/mcu/s7g2/bsp_hw_locks.o
                0x0000057c                g_lock_lookup_DOC_0U_0U
 .hw_lock_lookup.DRW_0U_0U
                0x00000580        0x4 ./synergy/ssp/src/bsp/mcu/s7g2/bsp_hw_locks.o
                0x00000580                g_lock_lookup_DRW_0U_0U
 .hw_lock_lookup.DTC_0U_0U
                0x00000584        0x4 ./synergy/ssp/src/bsp/mcu/s7g2/bsp_hw_locks.o
                0x00000584                g_lock_lookup_DTC_0U_0U
 .hw_lock_lookup.ELC_0U_0U
                0x00000588        0x4 ./synergy/ssp/src/bsp/mcu/s7g2/bsp_hw_locks.o
                0x00000588                g_lock_lookup_ELC_0U_0U
 .hw_lock_lookup.EPTPC_0U_0U
                0x0000058c        0x4 ./synergy/ssp/src/bsp/mcu/s7g2/bsp_hw_locks.o
                0x0000058c                g_lock_lookup_EPTPC_0U_0U
 .hw_lock_lookup.ETHER_0U_0U
                0x00000590        0x4 ./synergy/ssp/src/bsp/mcu/s7g2/bsp_hw_locks.o
                0x00000590                g_lock_lookup_ETHER_0U_0U
 .hw_lock_lookup.ETHER_0U_1U
                0x00000594        0x4 ./synergy/ssp/src/bsp/mcu/s7g2/bsp_hw_locks.o
                0x00000594                g_lock_lookup_ETHER_0U_1U
 .hw_lock_lookup.FCU_0U_0U
                0x00000598        0x4 ./synergy/ssp/src/bsp/mcu/s7g2/bsp_hw_locks.o
                0x00000598                g_lock_lookup_FCU_0U_0U
 .hw_lock_lookup.GLCDC_0U_0U
                0x0000059c        0x4 ./synergy/ssp/src/bsp/mcu/s7g2/bsp_hw_locks.o
                0x0000059c                g_lock_lookup_GLCDC_0U_0U
 .hw_lock_lookup.GPT_0U_0U
                0x000005a0        0x4 ./synergy/ssp/src/bsp/mcu/s7g2/bsp_hw_locks.o
                0x000005a0                g_lock_lookup_GPT_0U_0U
 .hw_lock_lookup.GPT_0U_10U
                0x000005a4        0x4 ./synergy/ssp/src/bsp/mcu/s7g2/bsp_hw_locks.o
                0x000005a4                g_lock_lookup_GPT_0U_10U
 .hw_lock_lookup.GPT_0U_11U
                0x000005a8        0x4 ./synergy/ssp/src/bsp/mcu/s7g2/bsp_hw_locks.o
                0x000005a8                g_lock_lookup_GPT_0U_11U
 .hw_lock_lookup.GPT_0U_12U
                0x000005ac        0x4 ./synergy/ssp/src/bsp/mcu/s7g2/bsp_hw_locks.o
                0x000005ac                g_lock_lookup_GPT_0U_12U
 .hw_lock_lookup.GPT_0U_13U
                0x000005b0        0x4 ./synergy/ssp/src/bsp/mcu/s7g2/bsp_hw_locks.o
                0x000005b0                g_lock_lookup_GPT_0U_13U
 .hw_lock_lookup.GPT_0U_1U
                0x000005b4        0x4 ./synergy/ssp/src/bsp/mcu/s7g2/bsp_hw_locks.o
                0x000005b4                g_lock_lookup_GPT_0U_1U
 .hw_lock_lookup.GPT_0U_2U
                0x000005b8        0x4 ./synergy/ssp/src/bsp/mcu/s7g2/bsp_hw_locks.o
                0x000005b8                g_lock_lookup_GPT_0U_2U
 .hw_lock_lookup.GPT_0U_3U
                0x000005bc        0x4 ./synergy/ssp/src/bsp/mcu/s7g2/bsp_hw_locks.o
                0x000005bc                g_lock_lookup_GPT_0U_3U
 .hw_lock_lookup.GPT_0U_4U
                0x000005c0        0x4 ./synergy/ssp/src/bsp/mcu/s7g2/bsp_hw_locks.o
                0x000005c0                g_lock_lookup_GPT_0U_4U
 .hw_lock_lookup.GPT_0U_5U
                0x000005c4        0x4 ./synergy/ssp/src/bsp/mcu/s7g2/bsp_hw_locks.o
                0x000005c4                g_lock_lookup_GPT_0U_5U
 .hw_lock_lookup.GPT_0U_6U
                0x000005c8        0x4 ./synergy/ssp/src/bsp/mcu/s7g2/bsp_hw_locks.o
                0x000005c8                g_lock_lookup_GPT_0U_6U
 .hw_lock_lookup.GPT_0U_7U
                0x000005cc        0x4 ./synergy/ssp/src/bsp/mcu/s7g2/bsp_hw_locks.o
                0x000005cc                g_lock_lookup_GPT_0U_7U
 .hw_lock_lookup.GPT_0U_8U
                0x000005d0        0x4 ./synergy/ssp/src/bsp/mcu/s7g2/bsp_hw_locks.o
                0x000005d0                g_lock_lookup_GPT_0U_8U
 .hw_lock_lookup.GPT_0U_9U
                0x000005d4        0x4 ./synergy/ssp/src/bsp/mcu/s7g2/bsp_hw_locks.o
                0x000005d4                g_lock_lookup_GPT_0U_9U
 .hw_lock_lookup.ICU_0U_0U
                0x000005d8        0x4 ./synergy/ssp/src/bsp/mcu/s7g2/bsp_hw_locks.o
                0x000005d8                g_lock_lookup_ICU_0U_0U
 .hw_lock_lookup.ICU_0U_10U
                0x000005dc        0x4 ./synergy/ssp/src/bsp/mcu/s7g2/bsp_hw_locks.o
                0x000005dc                g_lock_lookup_ICU_0U_10U
 .hw_lock_lookup.ICU_0U_11U
                0x000005e0        0x4 ./synergy/ssp/src/bsp/mcu/s7g2/bsp_hw_locks.o
                0x000005e0                g_lock_lookup_ICU_0U_11U
 .hw_lock_lookup.ICU_0U_12U
                0x000005e4        0x4 ./synergy/ssp/src/bsp/mcu/s7g2/bsp_hw_locks.o
                0x000005e4                g_lock_lookup_ICU_0U_12U
 .hw_lock_lookup.ICU_0U_13U
                0x000005e8        0x4 ./synergy/ssp/src/bsp/mcu/s7g2/bsp_hw_locks.o
                0x000005e8                g_lock_lookup_ICU_0U_13U
 .hw_lock_lookup.ICU_0U_14U
                0x000005ec        0x4 ./synergy/ssp/src/bsp/mcu/s7g2/bsp_hw_locks.o
                0x000005ec                g_lock_lookup_ICU_0U_14U
 .hw_lock_lookup.ICU_0U_15U
                0x000005f0        0x4 ./synergy/ssp/src/bsp/mcu/s7g2/bsp_hw_locks.o
                0x000005f0                g_lock_lookup_ICU_0U_15U
 .hw_lock_lookup.ICU_0U_1U
                0x000005f4        0x4 ./synergy/ssp/src/bsp/mcu/s7g2/bsp_hw_locks.o
                0x000005f4                g_lock_lookup_ICU_0U_1U
 .hw_lock_lookup.ICU_0U_2U
                0x000005f8        0x4 ./synergy/ssp/src/bsp/mcu/s7g2/bsp_hw_locks.o
                0x000005f8                g_lock_lookup_ICU_0U_2U
 .hw_lock_lookup.ICU_0U_3U
                0x000005fc        0x4 ./synergy/ssp/src/bsp/mcu/s7g2/bsp_hw_locks.o
                0x000005fc                g_lock_lookup_ICU_0U_3U
 .hw_lock_lookup.ICU_0U_4U
                0x00000600        0x4 ./synergy/ssp/src/bsp/mcu/s7g2/bsp_hw_locks.o
                0x00000600                g_lock_lookup_ICU_0U_4U
 .hw_lock_lookup.ICU_0U_5U
                0x00000604        0x4 ./synergy/ssp/src/bsp/mcu/s7g2/bsp_hw_locks.o
                0x00000604                g_lock_lookup_ICU_0U_5U
 .hw_lock_lookup.ICU_0U_6U
                0x00000608        0x4 ./synergy/ssp/src/bsp/mcu/s7g2/bsp_hw_locks.o
                0x00000608                g_lock_lookup_ICU_0U_6U
 .hw_lock_lookup.ICU_0U_7U
                0x0000060c        0x4 ./synergy/ssp/src/bsp/mcu/s7g2/bsp_hw_locks.o
                0x0000060c                g_lock_lookup_ICU_0U_7U
 .hw_lock_lookup.ICU_0U_8U
                0x00000610        0x4 ./synergy/ssp/src/bsp/mcu/s7g2/bsp_hw_locks.o
                0x00000610                g_lock_lookup_ICU_0U_8U
 .hw_lock_lookup.ICU_0U_9U
                0x00000614        0x4 ./synergy/ssp/src/bsp/mcu/s7g2/bsp_hw_locks.o
                0x00000614                g_lock_lookup_ICU_0U_9U
 .hw_lock_lookup.IIC_0U_0U
                0x00000618        0x4 ./synergy/ssp/src/bsp/mcu/s7g2/bsp_hw_locks.o
                0x00000618                g_lock_lookup_IIC_0U_0U
 .hw_lock_lookup.IIC_0U_1U
                0x0000061c        0x4 ./synergy/ssp/src/bsp/mcu/s7g2/bsp_hw_locks.o
                0x0000061c                g_lock_lookup_IIC_0U_1U
 .hw_lock_lookup.IIC_0U_2U
                0x00000620        0x4 ./synergy/ssp/src/bsp/mcu/s7g2/bsp_hw_locks.o
                0x00000620                g_lock_lookup_IIC_0U_2U
 .hw_lock_lookup.IRDA_0U_0U
                0x00000624        0x4 ./synergy/ssp/src/bsp/mcu/s7g2/bsp_hw_locks.o
                0x00000624                g_lock_lookup_IRDA_0U_0U
 .hw_lock_lookup.IWDT_0U_0U
                0x00000628        0x4 ./synergy/ssp/src/bsp/mcu/s7g2/bsp_hw_locks.o
                0x00000628                g_lock_lookup_IWDT_0U_0U
 .hw_lock_lookup.JPEG_0U_0U
                0x0000062c        0x4 ./synergy/ssp/src/bsp/mcu/s7g2/bsp_hw_locks.o
                0x0000062c                g_lock_lookup_JPEG_0U_0U
 .hw_lock_lookup.KEY_0U_0U
                0x00000630        0x4 ./synergy/ssp/src/bsp/mcu/s7g2/bsp_hw_locks.o
                0x00000630                g_lock_lookup_KEY_0U_0U
 .hw_lock_lookup.LPM_1U_0U
                0x00000634        0x4 ./synergy/ssp/src/bsp/mcu/s7g2/bsp_hw_locks.o
                0x00000634                g_lock_lookup_LPM_1U_0U
 .hw_lock_lookup.LVD_0U_0U
                0x00000638        0x4 ./synergy/ssp/src/bsp/mcu/s7g2/bsp_hw_locks.o
                0x00000638                g_lock_lookup_LVD_0U_0U
 .hw_lock_lookup.LVD_0U_1U
                0x0000063c        0x4 ./synergy/ssp/src/bsp/mcu/s7g2/bsp_hw_locks.o
                0x0000063c                g_lock_lookup_LVD_0U_1U
 .hw_lock_lookup.MMF_0U_0U
                0x00000640        0x4 ./synergy/ssp/src/bsp/mcu/s7g2/bsp_hw_locks.o
                0x00000640                g_lock_lookup_MMF_0U_0U
 .hw_lock_lookup.MPU_0U_0U
                0x00000644        0x4 ./synergy/ssp/src/bsp/mcu/s7g2/bsp_hw_locks.o
                0x00000644                g_lock_lookup_MPU_0U_0U
 .hw_lock_lookup.OPS_0U_0U
                0x00000648        0x4 ./synergy/ssp/src/bsp/mcu/s7g2/bsp_hw_locks.o
                0x00000648                g_lock_lookup_OPS_0U_0U
 .hw_lock_lookup.PDC_0U_0U
                0x0000064c        0x4 ./synergy/ssp/src/bsp/mcu/s7g2/bsp_hw_locks.o
                0x0000064c                g_lock_lookup_PDC_0U_0U
 .hw_lock_lookup.POEG_0U_0U
                0x00000650        0x4 ./synergy/ssp/src/bsp/mcu/s7g2/bsp_hw_locks.o
                0x00000650                g_lock_lookup_POEG_0U_0U
 .hw_lock_lookup.POEG_0U_1U
                0x00000654        0x4 ./synergy/ssp/src/bsp/mcu/s7g2/bsp_hw_locks.o
                0x00000654                g_lock_lookup_POEG_0U_1U
 .hw_lock_lookup.POEG_0U_2U
                0x00000658        0x4 ./synergy/ssp/src/bsp/mcu/s7g2/bsp_hw_locks.o
                0x00000658                g_lock_lookup_POEG_0U_2U
 .hw_lock_lookup.POEG_0U_3U
                0x0000065c        0x4 ./synergy/ssp/src/bsp/mcu/s7g2/bsp_hw_locks.o
                0x0000065c                g_lock_lookup_POEG_0U_3U
 .hw_lock_lookup.QSPI_0U_0U
                0x00000660        0x4 ./synergy/ssp/src/bsp/mcu/s7g2/bsp_hw_locks.o
                0x00000660                g_lock_lookup_QSPI_0U_0U
 .hw_lock_lookup.RTC_0U_0U
                0x00000664        0x4 ./synergy/ssp/src/bsp/mcu/s7g2/bsp_hw_locks.o
                0x00000664                g_lock_lookup_RTC_0U_0U
 .hw_lock_lookup.SCE_0U_0U
                0x00000668        0x4 ./synergy/ssp/src/bsp/mcu/s7g2/bsp_hw_locks.o
                0x00000668                g_lock_lookup_SCE_0U_0U
 .hw_lock_lookup.SCI_0U_0U
                0x0000066c        0x4 ./synergy/ssp/src/bsp/mcu/s7g2/bsp_hw_locks.o
                0x0000066c                g_lock_lookup_SCI_0U_0U
 .hw_lock_lookup.SCI_0U_1U
                0x00000670        0x4 ./synergy/ssp/src/bsp/mcu/s7g2/bsp_hw_locks.o
                0x00000670                g_lock_lookup_SCI_0U_1U
 .hw_lock_lookup.SCI_0U_2U
                0x00000674        0x4 ./synergy/ssp/src/bsp/mcu/s7g2/bsp_hw_locks.o
                0x00000674                g_lock_lookup_SCI_0U_2U
 .hw_lock_lookup.SCI_0U_3U
                0x00000678        0x4 ./synergy/ssp/src/bsp/mcu/s7g2/bsp_hw_locks.o
                0x00000678                g_lock_lookup_SCI_0U_3U
 .hw_lock_lookup.SCI_0U_4U
                0x0000067c        0x4 ./synergy/ssp/src/bsp/mcu/s7g2/bsp_hw_locks.o
                0x0000067c                g_lock_lookup_SCI_0U_4U
 .hw_lock_lookup.SCI_0U_5U
                0x00000680        0x4 ./synergy/ssp/src/bsp/mcu/s7g2/bsp_hw_locks.o
                0x00000680                g_lock_lookup_SCI_0U_5U
 .hw_lock_lookup.SCI_0U_6U
                0x00000684        0x4 ./synergy/ssp/src/bsp/mcu/s7g2/bsp_hw_locks.o
                0x00000684                g_lock_lookup_SCI_0U_6U
 .hw_lock_lookup.SCI_0U_7U
                0x00000688        0x4 ./synergy/ssp/src/bsp/mcu/s7g2/bsp_hw_locks.o
                0x00000688                g_lock_lookup_SCI_0U_7U
 .hw_lock_lookup.SCI_0U_8U
                0x0000068c        0x4 ./synergy/ssp/src/bsp/mcu/s7g2/bsp_hw_locks.o
                0x0000068c                g_lock_lookup_SCI_0U_8U
 .hw_lock_lookup.SCI_0U_9U
                0x00000690        0x4 ./synergy/ssp/src/bsp/mcu/s7g2/bsp_hw_locks.o
                0x00000690                g_lock_lookup_SCI_0U_9U
 .hw_lock_lookup.SDHIMMC_0U_0U
                0x00000694        0x4 ./synergy/ssp/src/bsp/mcu/s7g2/bsp_hw_locks.o
                0x00000694                g_lock_lookup_SDHIMMC_0U_0U
 .hw_lock_lookup.SDHIMMC_0U_1U
                0x00000698        0x4 ./synergy/ssp/src/bsp/mcu/s7g2/bsp_hw_locks.o
                0x00000698                g_lock_lookup_SDHIMMC_0U_1U
 .hw_lock_lookup.SPI_0U_0U
                0x0000069c        0x4 ./synergy/ssp/src/bsp/mcu/s7g2/bsp_hw_locks.o
                0x0000069c                g_lock_lookup_SPI_0U_0U
 .hw_lock_lookup.SPI_0U_1U
                0x000006a0        0x4 ./synergy/ssp/src/bsp/mcu/s7g2/bsp_hw_locks.o
                0x000006a0                g_lock_lookup_SPI_0U_1U
 .hw_lock_lookup.SRC_0U_0U
                0x000006a4        0x4 ./synergy/ssp/src/bsp/mcu/s7g2/bsp_hw_locks.o
                0x000006a4                g_lock_lookup_SRC_0U_0U
 .hw_lock_lookup.SSI_0U_0U
                0x000006a8        0x4 ./synergy/ssp/src/bsp/mcu/s7g2/bsp_hw_locks.o
                0x000006a8                g_lock_lookup_SSI_0U_0U
 .hw_lock_lookup.SSI_0U_1U
                0x000006ac        0x4 ./synergy/ssp/src/bsp/mcu/s7g2/bsp_hw_locks.o
                0x000006ac                g_lock_lookup_SSI_0U_1U
 .hw_lock_lookup.TSN_0U_0U
                0x000006b0        0x4 ./synergy/ssp/src/bsp/mcu/s7g2/bsp_hw_locks.o
                0x000006b0                g_lock_lookup_TSN_0U_0U
 .hw_lock_lookup.USB_0U_0U
                0x000006b4        0x4 ./synergy/ssp/src/bsp/mcu/s7g2/bsp_hw_locks.o
                0x000006b4                g_lock_lookup_USB_0U_0U
 .hw_lock_lookup.USB_1U_0U
                0x000006b8        0x4 ./synergy/ssp/src/bsp/mcu/s7g2/bsp_hw_locks.o
                0x000006b8                g_lock_lookup_USB_1U_0U
 .hw_lock_lookup.WDT_0U_0U
                0x000006bc        0x4 ./synergy/ssp/src/bsp/mcu/s7g2/bsp_hw_locks.o
                0x000006bc                g_lock_lookup_WDT_0U_0U
                0x000006c0                __Lock_Lookup_End = .
 *(.text*)
 .text          0x000006c0       0x40 c:/renesas/synergy/e2studio_v7.5.1_ssp_v1.7.8/toolchains/gcc_arm/7.2.1_2017q4/bin/../lib/gcc/arm-none-eabi/7.2.1/thumb/v7e-m/fpv4-sp/hard/crtbegin.o
 .text.R_IOPORT_PinRead
                0x00000700       0x4c ./synergy/ssp/src/driver/r_ioport/r_ioport.o
                0x00000700                R_IOPORT_PinRead
 .text.R_IOPORT_PortRead
                0x0000074c       0x28 ./synergy/ssp/src/driver/r_ioport/r_ioport.o
                0x0000074c                R_IOPORT_PortRead
 .text.R_IOPORT_PortEventInputRead
                0x00000774       0x28 ./synergy/ssp/src/driver/r_ioport/r_ioport.o
                0x00000774                R_IOPORT_PortEventInputRead
 .text.R_IOPORT_PinEventInputRead
                0x0000079c       0x54 ./synergy/ssp/src/driver/r_ioport/r_ioport.o
                0x0000079c                R_IOPORT_PinEventInputRead
 .text.R_IOPORT_PortEventOutputWrite
                0x000007f0       0x38 ./synergy/ssp/src/driver/r_ioport/r_ioport.o
                0x000007f0                R_IOPORT_PortEventOutputWrite
 .text.R_IOPORT_PinEventOutputWrite
                0x00000828       0x58 ./synergy/ssp/src/driver/r_ioport/r_ioport.o
                0x00000828                R_IOPORT_PinEventOutputWrite
 .text.R_IOPORT_VersionGet
                0x00000880       0x14 ./synergy/ssp/src/driver/r_ioport/r_ioport.o
                0x00000880                R_IOPORT_VersionGet
 .text.R_IOPORT_PinWrite
                0x00000894       0x54 ./synergy/ssp/src/driver/r_ioport/r_ioport.o
                0x00000894                R_IOPORT_PinWrite
 .text.R_IOPORT_PinDirectionSet
                0x000008e8       0xd0 ./synergy/ssp/src/driver/r_ioport/r_ioport.o
                0x000008e8                R_IOPORT_PinDirectionSet
 .text.R_IOPORT_PortWrite
                0x000009b8       0x38 ./synergy/ssp/src/driver/r_ioport/r_ioport.o
                0x000009b8                R_IOPORT_PortWrite
 .text.R_IOPORT_PortDirectionSet
                0x000009f0       0x40 ./synergy/ssp/src/driver/r_ioport/r_ioport.o
                0x000009f0                R_IOPORT_PortDirectionSet
 .text.bsp_vbatt_init.isra.4
                0x00000a30       0x8c ./synergy/ssp/src/driver/r_ioport/r_ioport.o
 .text.R_IOPORT_EthernetModeCfg
                0x00000abc       0x54 ./synergy/ssp/src/driver/r_ioport/r_ioport.o
                0x00000abc                R_IOPORT_EthernetModeCfg
 .text.R_IOPORT_PinsCfg.part.5
                0x00000b10       0xc0 ./synergy/ssp/src/driver/r_ioport/r_ioport.o
 .text.R_IOPORT_PinsCfg
                0x00000bd0       0x10 ./synergy/ssp/src/driver/r_ioport/r_ioport.o
                0x00000bd0                R_IOPORT_PinsCfg
 .text.R_IOPORT_Init
                0x00000be0       0x88 ./synergy/ssp/src/driver/r_ioport/r_ioport.o
                0x00000be0                R_IOPORT_Init
 .text.R_IOPORT_PinCfg
                0x00000c68       0xcc ./synergy/ssp/src/driver/r_ioport/r_ioport.o
                0x00000c68                R_IOPORT_PinCfg
 .text.R_ICU_ExternalIrqTriggerSet
                0x00000d34       0x2c ./synergy/ssp/src/driver/r_icu/r_icu.o
                0x00000d34                R_ICU_ExternalIrqTriggerSet
 .text.R_ICU_ExternalIrqFilterEnable
                0x00000d60       0x28 ./synergy/ssp/src/driver/r_icu/r_icu.o
                0x00000d60                R_ICU_ExternalIrqFilterEnable
 .text.R_ICU_ExternalIrqFilterDisable
                0x00000d88       0x28 ./synergy/ssp/src/driver/r_icu/r_icu.o
                0x00000d88                R_ICU_ExternalIrqFilterDisable
 .text.R_ICU_ExternalIrqVersionGet
                0x00000db0       0x14 ./synergy/ssp/src/driver/r_icu/r_icu.o
                0x00000db0                R_ICU_ExternalIrqVersionGet
 .text.R_ICU_ExternalIrqDisable
                0x00000dc4       0x74 ./synergy/ssp/src/driver/r_icu/r_icu.o
                0x00000dc4                R_ICU_ExternalIrqDisable
 .text.R_ICU_ExternalIrqClose
                0x00000e38       0x9c ./synergy/ssp/src/driver/r_icu/r_icu.o
                0x00000e38                R_ICU_ExternalIrqClose
 .text.R_ICU_ExternalIrqEnable
                0x00000ed4       0x5c ./synergy/ssp/src/driver/r_icu/r_icu.o
                0x00000ed4                R_ICU_ExternalIrqEnable
 .text.icu_irq_isr
                0x00000f30       0x44 ./synergy/ssp/src/driver/r_icu/r_icu.o
                0x00000f30                icu_irq_isr
 .text.r_icu_externalIRQ_initialize_interrupt
                0x00000f74       0x98 ./synergy/ssp/src/driver/r_icu/r_icu.o
                0x00000f74                r_icu_externalIRQ_initialize_interrupt
 .text.R_ICU_ExternalIrqOpen
                0x0000100c       0xc8 ./synergy/ssp/src/driver/r_icu/r_icu.o
                0x0000100c                R_ICU_ExternalIrqOpen
 .text.R_GPT_Stop
                0x000010d4       0x28 ./synergy/ssp/src/driver/r_gpt/r_gpt.o
                0x000010d4                R_GPT_Stop
 .text.R_GPT_Start
                0x000010fc       0x28 ./synergy/ssp/src/driver/r_gpt/r_gpt.o
                0x000010fc                R_GPT_Start
 .text.R_GPT_VersionGet
                0x00001124       0x14 ./synergy/ssp/src/driver/r_gpt/r_gpt.o
                0x00001124                R_GPT_VersionGet
 .text.gpt_period_to_pclk
                0x00001138      0x108 ./synergy/ssp/src/driver/r_gpt/r_gpt.o
 .text.gpt_duty_cycle_to_pclk
                0x00001240       0x80 ./synergy/ssp/src/driver/r_gpt/r_gpt.o
 .text.R_GPT_Close
                0x000012c0       0xa0 ./synergy/ssp/src/driver/r_gpt/r_gpt.o
                0x000012c0                R_GPT_Close
 .text.R_GPT_CounterGet
                0x00001360       0x24 ./synergy/ssp/src/driver/r_gpt/r_gpt.o
                0x00001360                R_GPT_CounterGet
 .text.R_GPT_Reset
                0x00001384       0x5c ./synergy/ssp/src/driver/r_gpt/r_gpt.o
                0x00001384                R_GPT_Reset
 .text.R_GPT_PeriodSet
                0x000013e0       0x74 ./synergy/ssp/src/driver/r_gpt/r_gpt.o
                0x000013e0                R_GPT_PeriodSet
 .text.R_GPT_DutyCycleSet
                0x00001454       0x98 ./synergy/ssp/src/driver/r_gpt/r_gpt.o
                0x00001454                R_GPT_DutyCycleSet
 .text.R_GPT_InfoGet
                0x000014ec       0x98 ./synergy/ssp/src/driver/r_gpt/r_gpt.o
                0x000014ec                R_GPT_InfoGet
 .text.R_GPT_TimerOpen
                0x00001584      0x464 ./synergy/ssp/src/driver/r_gpt/r_gpt.o
                0x00001584                R_GPT_TimerOpen
 .text.gpt_counter_overflow_isr
                0x000019e8       0x6c ./synergy/ssp/src/driver/r_gpt/r_gpt.o
                0x000019e8                gpt_counter_overflow_isr
 .text.R_FMI_ProductInfoGet
                0x00001a54       0x30 ./synergy/ssp/src/driver/r_fmi/r_fmi.o
 .text.R_FMI_VersionGet
                0x00001a84       0x14 ./synergy/ssp/src/driver/r_fmi/r_fmi.o
 .text.R_FMI_Init
                0x00001a98       0x6c ./synergy/ssp/src/driver/r_fmi/r_fmi.o
 .text.R_FMI_UniqueIdGet
                0x00001b04       0x40 ./synergy/ssp/src/driver/r_fmi/r_fmi.o
 .text.R_FMI_EventInfoGet
                0x00001b44       0x84 ./synergy/ssp/src/driver/r_fmi/r_fmi.o
 .text.R_FMI_FeatureGet
                0x00001bc8      0x244 ./synergy/ssp/src/driver/r_fmi/r_fmi.o
 .text.R_ELC_LinkSet
                0x00001e0c       0x14 ./synergy/ssp/src/driver/r_elc/r_elc.o
                0x00001e0c                R_ELC_LinkSet
 .text.R_ELC_LinkBreak
                0x00001e20       0x14 ./synergy/ssp/src/driver/r_elc/r_elc.o
                0x00001e20                R_ELC_LinkBreak
 .text.R_ELC_Enable
                0x00001e34       0x14 ./synergy/ssp/src/driver/r_elc/r_elc.o
                0x00001e34                R_ELC_Enable
 .text.R_ELC_Disable
                0x00001e48       0x14 ./synergy/ssp/src/driver/r_elc/r_elc.o
                0x00001e48                R_ELC_Disable
 .text.R_ELC_VersionGet
                0x00001e5c       0x14 ./synergy/ssp/src/driver/r_elc/r_elc.o
                0x00001e5c                R_ELC_VersionGet
 .text.R_ELC_SoftwareEventGenerate
                0x00001e70       0x30 ./synergy/ssp/src/driver/r_elc/r_elc.o
                0x00001e70                R_ELC_SoftwareEventGenerate
 .text.R_ELC_Init
                0x00001ea0       0x7c ./synergy/ssp/src/driver/r_elc/r_elc.o
                0x00001ea0                R_ELC_Init
 .text.R_CGC_LCDClockCfg
                0x00001f1c        0x4 ./synergy/ssp/src/driver/r_cgc/r_cgc.o
                0x00001f1c                R_CGC_LCDClockCfg
 .text.R_CGC_LCDClockEnable
                0x00001f20        0x4 ./synergy/ssp/src/driver/r_cgc/r_cgc.o
                0x00001f20                R_CGC_LCDClockEnable
 .text.R_CGC_VersionGet
                0x00001f24       0x14 ./synergy/ssp/src/driver/r_cgc/r_cgc.o
                0x00001f24                R_CGC_VersionGet
 .text.r_cgc_init_pllfreq
                0x00001f38       0xd8 ./synergy/ssp/src/driver/r_cgc/r_cgc.o
 .text.R_CGC_SystemClockFreqGet
                0x00002010       0xb4 ./synergy/ssp/src/driver/r_cgc/r_cgc.o
                0x00002010                R_CGC_SystemClockFreqGet
 .text.r_cgc_system_dividers_set
                0x000020c4       0x44 ./synergy/ssp/src/driver/r_cgc/r_cgc.o
 .text.R_CGC_OscStopStatusClear
                0x00002108       0x64 ./synergy/ssp/src/driver/r_cgc/r_cgc.o
                0x00002108                R_CGC_OscStopStatusClear
 .text.R_CGC_BusClockOutCfg
                0x0000216c       0x28 ./synergy/ssp/src/driver/r_cgc/r_cgc.o
                0x0000216c                R_CGC_BusClockOutCfg
 .text.R_CGC_BusClockOutEnable
                0x00002194       0x28 ./synergy/ssp/src/driver/r_cgc/r_cgc.o
                0x00002194                R_CGC_BusClockOutEnable
 .text.R_CGC_BusClockOutDisable
                0x000021bc       0x28 ./synergy/ssp/src/driver/r_cgc/r_cgc.o
                0x000021bc                R_CGC_BusClockOutDisable
 .text.R_CGC_ClockOutEnable
                0x000021e4       0x28 ./synergy/ssp/src/driver/r_cgc/r_cgc.o
                0x000021e4                R_CGC_ClockOutEnable
 .text.R_CGC_ClockOutDisable
                0x0000220c       0x28 ./synergy/ssp/src/driver/r_cgc/r_cgc.o
                0x0000220c                R_CGC_ClockOutDisable
 .text.R_CGC_SDRAMClockOutEnable
                0x00002234       0x28 ./synergy/ssp/src/driver/r_cgc/r_cgc.o
                0x00002234                R_CGC_SDRAMClockOutEnable
 .text.R_CGC_SDRAMClockOutDisable
                0x0000225c       0x28 ./synergy/ssp/src/driver/r_cgc/r_cgc.o
                0x0000225c                R_CGC_SDRAMClockOutDisable
 .text.R_CGC_USBClockCfg
                0x00002284       0x28 ./synergy/ssp/src/driver/r_cgc/r_cgc.o
                0x00002284                R_CGC_USBClockCfg
 .text.r_cgc_check_dividers
                0x000022ac       0x34 ./synergy/ssp/src/driver/r_cgc/r_cgc.o
 .text.R_CGC_SystickUpdate
                0x000022e0       0x98 ./synergy/ssp/src/driver/r_cgc/r_cgc.o
                0x000022e0                R_CGC_SystickUpdate
 .text.R_CGC_ClockOutCfg
                0x00002378       0x5c ./synergy/ssp/src/driver/r_cgc/r_cgc.o
                0x00002378                R_CGC_ClockOutCfg
 .text.R_CGC_OscStopDetect
                0x000023d4      0x118 ./synergy/ssp/src/driver/r_cgc/r_cgc.o
                0x000023d4                R_CGC_OscStopDetect
 .text.r_cgc_subclock_drive_set.constprop.16
                0x000024ec       0x34 ./synergy/ssp/src/driver/r_cgc/r_cgc.o
 .text.R_CGC_SDADCClockCfg
                0x00002520        0x4 ./synergy/ssp/src/driver/r_cgc/r_cgc.o
                0x00002520                R_CGC_SDADCClockCfg
 .text.R_CGC_SDADCClockEnable
                0x00002524        0x4 ./synergy/ssp/src/driver/r_cgc/r_cgc.o
                0x00002524                R_CGC_SDADCClockEnable
 .text.R_CGC_LCDClockDisable
                0x00002528        0x4 ./synergy/ssp/src/driver/r_cgc/r_cgc.o
                0x00002528                R_CGC_LCDClockDisable
 .text.R_CGC_SDADCClockDisable
                0x0000252c        0x4 ./synergy/ssp/src/driver/r_cgc/r_cgc.o
                0x0000252c                R_CGC_SDADCClockDisable
 .text.R_CGC_SystemClockGet
                0x00002530       0x58 ./synergy/ssp/src/driver/r_cgc/r_cgc.o
                0x00002530                R_CGC_SystemClockGet
 .text.r_cgc_clock_run_state_get
                0x00002588       0x68 ./synergy/ssp/src/driver/r_cgc/r_cgc.o
                0x00002588                r_cgc_clock_run_state_get
 .text.r_cgc_wait_to_complete
                0x000025f0       0x44 ./synergy/ssp/src/driver/r_cgc/r_cgc.o
 .text.R_CGC_Init
                0x00002634       0xe0 ./synergy/ssp/src/driver/r_cgc/r_cgc.o
                0x00002634                R_CGC_Init
 .text.R_CGC_ClockStop
                0x00002714      0x154 ./synergy/ssp/src/driver/r_cgc/r_cgc.o
                0x00002714                R_CGC_ClockStop
 .text.R_CGC_ClockCheck
                0x00002868       0x8c ./synergy/ssp/src/driver/r_cgc/r_cgc.o
                0x00002868                R_CGC_ClockCheck
 .text.r_cgc_stabilization_wait
                0x000028f4       0x30 ./synergy/ssp/src/driver/r_cgc/r_cgc.o
 .text.r_cgc_operating_hw_modeset
                0x00002924       0xfc ./synergy/ssp/src/driver/r_cgc/r_cgc.o
                0x00002924                r_cgc_operating_hw_modeset
 .text.r_cgc_operating_mode_set
                0x00002a20       0x50 ./synergy/ssp/src/driver/r_cgc/r_cgc.o
 .text.R_CGC_ClockStart
                0x00002a70      0x358 ./synergy/ssp/src/driver/r_cgc/r_cgc.o
                0x00002a70                R_CGC_ClockStart
 .text.r_cgc_clock_start_stop
                0x00002dc8       0x54 ./synergy/ssp/src/driver/r_cgc/r_cgc.o
 .text.R_CGC_SystemClockSet
                0x00002e1c      0x1b4 ./synergy/ssp/src/driver/r_cgc/r_cgc.o
                0x00002e1c                R_CGC_SystemClockSet
 .text.R_CGC_ClocksCfg
                0x00002fd0      0x14c ./synergy/ssp/src/driver/r_cgc/r_cgc.o
                0x00002fd0                R_CGC_ClocksCfg
 .text.R_BSP_CacheOff
                0x0000311c       0x28 ./synergy/ssp/src/bsp/mcu/s7g2/bsp_cache.o
                0x0000311c                R_BSP_CacheOff
 .text.R_BSP_CacheSet
                0x00003144       0x48 ./synergy/ssp/src/bsp/mcu/s7g2/bsp_cache.o
                0x00003144                R_BSP_CacheSet
 .text.bsp_clock_init
                0x0000318c       0xa0 ./synergy/ssp/src/bsp/mcu/s7g2/bsp_clocks.o
                0x0000318c                bsp_clock_init
 .text.bsp_cpu_clock_get
                0x0000322c       0x20 ./synergy/ssp/src/bsp/mcu/s7g2/bsp_clocks.o
                0x0000322c                bsp_cpu_clock_get
 .text.bsp_clock_set_callback
                0x0000324c      0x138 ./synergy/ssp/src/bsp/mcu/s7g2/bsp_clocks.o
                0x0000324c                bsp_clock_set_callback
 .text.R_BSP_FeatureIoportGet
                0x00003384        0xc ./synergy/ssp/src/bsp/mcu/s7g2/bsp_feature.o
                0x00003384                R_BSP_FeatureIoportGet
 .text.R_BSP_FeatureCgcGet
                0x00003390        0xc ./synergy/ssp/src/bsp/mcu/s7g2/bsp_feature.o
                0x00003390                R_BSP_FeatureCgcGet
 .text.bsp_group_interrupt_open
                0x0000339c       0x18 ./synergy/ssp/src/bsp/mcu/s7g2/bsp_group_irq.o
                0x0000339c                bsp_group_interrupt_open
 .text.R_BSP_GroupIrqWrite
                0x000033b4       0x10 ./synergy/ssp/src/bsp/mcu/s7g2/bsp_group_irq.o
                0x000033b4                R_BSP_GroupIrqWrite
 .text.NMI_Handler
                0x000033c4      0x1c8 ./synergy/ssp/src/bsp/mcu/s7g2/bsp_group_irq.o
                0x000033c4                NMI_Handler
 .text.r_bsp_get_mstp_mask
                0x0000358c       0x4c ./synergy/ssp/src/bsp/mcu/s7g2/bsp_module_stop.o
 .text.r_bsp_module_start_stop
                0x000035d8       0x6c ./synergy/ssp/src/bsp/mcu/s7g2/bsp_module_stop.o
 .text.R_BSP_ModuleStart
                0x00003644        0x8 ./synergy/ssp/src/bsp/mcu/s7g2/bsp_module_stop.o
                0x00003644                R_BSP_ModuleStart
 .text.R_BSP_LedsGet
                0x0000364c       0x20 ./synergy/ssp/src/bsp/mcu/all/bsp_common_leds.o
                0x0000364c                R_BSP_LedsGet
 .text.software_delay_loop
                0x0000366c        0xc ./synergy/ssp/src/bsp/mcu/all/bsp_delay.o
 .text.R_BSP_SoftwareDelay
                0x00003678       0x60 ./synergy/ssp/src/bsp/mcu/all/bsp_delay.o
                0x00003678                R_BSP_SoftwareDelay
 .text.R_BSP_IrqStatusClear
                0x000036d8       0x18 ./synergy/ssp/src/bsp/mcu/all/bsp_irq.o
                0x000036d8                R_BSP_IrqStatusClear
 .text.bsp_irq_cfg
                0x000036f0       0x40 ./synergy/ssp/src/bsp/mcu/all/bsp_irq.o
                0x000036f0                bsp_irq_cfg
 .text.R_BSP_HardwareLock
                0x00003730       0x68 ./synergy/ssp/src/bsp/mcu/all/bsp_locking.o
                0x00003730                R_BSP_HardwareLock
 .text.R_BSP_HardwareUnlock
                0x00003798       0x4c ./synergy/ssp/src/bsp/mcu/all/bsp_locking.o
                0x00003798                R_BSP_HardwareUnlock
 .text.bsp_init_hardware_locks
                0x000037e4       0x68 ./synergy/ssp/src/bsp/mcu/all/bsp_locking.o
                0x000037e4                bsp_init_hardware_locks
 .text.R_BSP_RegisterProtectEnable
                0x0000384c       0x60 ./synergy/ssp/src/bsp/mcu/all/bsp_register_protection.o
                0x0000384c                R_BSP_RegisterProtectEnable
 .text.R_BSP_RegisterProtectDisable
                0x000038ac       0x4c ./synergy/ssp/src/bsp/mcu/all/bsp_register_protection.o
                0x000038ac                R_BSP_RegisterProtectDisable
 .text.bsp_register_protect_open
                0x000038f8       0x10 ./synergy/ssp/src/bsp/mcu/all/bsp_register_protection.o
                0x000038f8                bsp_register_protect_open
 .text._sbrk    0x00003908       0x40 ./synergy/ssp/src/bsp/mcu/all/bsp_sbrk.o
                0x00003908                _sbrk
 .text.Default_Handler
                0x00003948        0x4 ./synergy/ssp/src/bsp/cmsis/Device/RENESAS/S7G2/Source/startup_S7G2.o
                0x00003948                DebugMon_Handler
                0x00003948                HardFault_Handler
                0x00003948                SysTick_Handler
                0x00003948                PendSV_Handler
                0x00003948                UsageFault_Handler
                0x00003948                Default_Handler
                0x00003948                MemManage_Handler
                0x00003948                SVC_Handler
                0x00003948                BusFault_Handler
 .text.Reset_Handler
                0x0000394c        0xc ./synergy/ssp/src/bsp/cmsis/Device/RENESAS/S7G2/Source/startup_S7G2.o
                0x0000394c                Reset_Handler
 .text.R_BSP_WarmStart
                0x00003958        0x4 ./synergy/ssp/src/bsp/cmsis/Device/RENESAS/S7G2/Source/system_S7G2.o
                0x00003958                R_BSP_WarmStart
 *fill*         0x0000395c        0x4 ff
 .text.SystemInit
                0x00003960      0x160 ./synergy/ssp/src/bsp/cmsis/Device/RENESAS/S7G2/Source/system_S7G2.o
                0x00003960                SystemInit
 .text.bsp_init
                0x00003ac0        0x4 ./synergy/board/s7g2_sk/bsp_init.o
                0x00003ac0                bsp_init
 .text.bsp_qspi_xip_mode
                0x00003ac4       0x80 ./synergy/board/s7g2_sk/bsp_qspi.o
 .text.bsp_qspi_init
                0x00003b44      0x138 ./synergy/board/s7g2_sk/bsp_qspi.o
                0x00003b44                bsp_qspi_init
 .text.startup.main
                0x00003c7c        0xc ./src/synergy_gen/main.o
                0x00003c7c                main
 .text.cb0      0x00003c88       0x68 ./src/hal_entry.o
                0x00003c88                cb0
 .text.switch_callback
                0x00003cf0       0x30 ./src/hal_entry.o
                0x00003cf0                switch_callback
 .text.hal_entry
                0x00003d20       0x8c ./src/hal_entry.o
                0x00003d20                hal_entry
 .text          0x00003dac       0x30 c:/renesas/synergy/e2studio_v7.5.1_ssp_v1.7.8/toolchains/gcc_arm/7.2.1_2017q4/bin/../lib/gcc/arm-none-eabi/7.2.1/thumb/v7e-m/fpv4-sp/hard\libgcc.a(_aeabi_uldivmod.o)
                0x00003dac                __aeabi_uldivmod
 .text          0x00003ddc      0x2cc c:/renesas/synergy/e2studio_v7.5.1_ssp_v1.7.8/toolchains/gcc_arm/7.2.1_2017q4/bin/../lib/gcc/arm-none-eabi/7.2.1/thumb/v7e-m/fpv4-sp/hard\libgcc.a(_udivmoddi4.o)
                0x00003ddc                __udivmoddi4
 .text          0x000040a8        0x4 c:/renesas/synergy/e2studio_v7.5.1_ssp_v1.7.8/toolchains/gcc_arm/7.2.1_2017q4/bin/../lib/gcc/arm-none-eabi/7.2.1/thumb/v7e-m/fpv4-sp/hard\libgcc.a(_dvmd_tls.o)
                0x000040a8                __aeabi_idiv0
                0x000040a8                __aeabi_ldiv0
 .text.__errno  0x000040ac        0xc c:/renesas/synergy/e2studio_v7.5.1_ssp_v1.7.8/toolchains/gcc_arm/7.2.1_2017q4/bin/../lib/gcc/arm-none-eabi/7.2.1/../../../../arm-none-eabi/lib/thumb/v7e-m/fpv4-sp/hard\libg_nano.a(lib_a-errno.o)
                0x000040ac                __errno
 .text.memcmp   0x000040b8       0x1e c:/renesas/synergy/e2studio_v7.5.1_ssp_v1.7.8/toolchains/gcc_arm/7.2.1_2017q4/bin/../lib/gcc/arm-none-eabi/7.2.1/../../../../arm-none-eabi/lib/thumb/v7e-m/fpv4-sp/hard\libg_nano.a(lib_a-memcmp.o)
                0x000040b8                memcmp
 *fill*         0x000040d6        0x2 ff
 .text.srand    0x000040d8       0x48 c:/renesas/synergy/e2studio_v7.5.1_ssp_v1.7.8/toolchains/gcc_arm/7.2.1_2017q4/bin/../lib/gcc/arm-none-eabi/7.2.1/../../../../arm-none-eabi/lib/thumb/v7e-m/fpv4-sp/hard\libg_nano.a(lib_a-rand.o)
                0x000040d8                srand
 .text.malloc   0x00004120       0x10 c:/renesas/synergy/e2studio_v7.5.1_ssp_v1.7.8/toolchains/gcc_arm/7.2.1_2017q4/bin/../lib/gcc/arm-none-eabi/7.2.1/../../../../arm-none-eabi/lib/thumb/v7e-m/fpv4-sp/hard\libg_nano.a(lib_a-malloc.o)
                0x00004120                malloc
 .text._malloc_r
                0x00004130       0xb4 c:/renesas/synergy/e2studio_v7.5.1_ssp_v1.7.8/toolchains/gcc_arm/7.2.1_2017q4/bin/../lib/gcc/arm-none-eabi/7.2.1/../../../../arm-none-eabi/lib/thumb/v7e-m/fpv4-sp/hard\libg_nano.a(lib_a-nano-mallocr.o)
                0x00004130                _malloc_r
 .text._sbrk_r  0x000041e4       0x20 c:/renesas/synergy/e2studio_v7.5.1_ssp_v1.7.8/toolchains/gcc_arm/7.2.1_2017q4/bin/../lib/gcc/arm-none-eabi/7.2.1/../../../../arm-none-eabi/lib/thumb/v7e-m/fpv4-sp/hard\libg_nano.a(lib_a-sbrkr.o)
                0x000041e4                _sbrk_r
 .text.__malloc_lock
                0x00004204        0x2 c:/renesas/synergy/e2studio_v7.5.1_ssp_v1.7.8/toolchains/gcc_arm/7.2.1_2017q4/bin/../lib/gcc/arm-none-eabi/7.2.1/../../../../arm-none-eabi/lib/thumb/v7e-m/fpv4-sp/hard\libg_nano.a(lib_a-mlock.o)
                0x00004204                __malloc_lock
 .text.__malloc_unlock
                0x00004206        0x2 c:/renesas/synergy/e2studio_v7.5.1_ssp_v1.7.8/toolchains/gcc_arm/7.2.1_2017q4/bin/../lib/gcc/arm-none-eabi/7.2.1/../../../../arm-none-eabi/lib/thumb/v7e-m/fpv4-sp/hard\libg_nano.a(lib_a-mlock.o)
                0x00004206                __malloc_unlock
 *(.version)
 .version       0x00004208       0x60 ./synergy/ssp/src/bsp/mcu/all/bsp_common.o
 *(.init)
 .init          0x00004268        0x4 c:/renesas/synergy/e2studio_v7.5.1_ssp_v1.7.8/toolchains/gcc_arm/7.2.1_2017q4/bin/../lib/gcc/arm-none-eabi/7.2.1/thumb/v7e-m/fpv4-sp/hard/crti.o
                0x00004268                _init
 .init          0x0000426c        0x8 c:/renesas/synergy/e2studio_v7.5.1_ssp_v1.7.8/toolchains/gcc_arm/7.2.1_2017q4/bin/../lib/gcc/arm-none-eabi/7.2.1/thumb/v7e-m/fpv4-sp/hard/crtn.o
 *(.fini)
 .fini          0x00004274        0x4 c:/renesas/synergy/e2studio_v7.5.1_ssp_v1.7.8/toolchains/gcc_arm/7.2.1_2017q4/bin/../lib/gcc/arm-none-eabi/7.2.1/thumb/v7e-m/fpv4-sp/hard/crti.o
                0x00004274                _fini
 .fini          0x00004278        0x8 c:/renesas/synergy/e2studio_v7.5.1_ssp_v1.7.8/toolchains/gcc_arm/7.2.1_2017q4/bin/../lib/gcc/arm-none-eabi/7.2.1/thumb/v7e-m/fpv4-sp/hard/crtn.o
 *crtbegin.o(.ctors)
 *crtbegin?.o(.ctors)
 *(EXCLUDE_FILE(*crtend.o *crtend?.o) .ctors)
 *(SORT_BY_NAME(.ctors.*))
 *(.ctors)
 *crtbegin.o(.dtors)
 *crtbegin?.o(.dtors)
 *(EXCLUDE_FILE(*crtend.o *crtend?.o) .dtors)
 *(SORT_BY_NAME(.dtors.*))
 *(.dtors)
 *(.rodata*)
 .rodata.g_ioport_on_ioport
                0x00004280       0x3c ./synergy/ssp/src/driver/r_ioport/r_ioport.o
                0x00004280                g_ioport_on_ioport
 .rodata.g_vbatt_pins_input
                0x000042bc        0x6 ./synergy/ssp/src/driver/r_ioport/r_ioport.o
 *fill*         0x000042c2        0x2 ff
 .rodata.g_external_irq_on_icu
                0x000042c4       0x20 ./synergy/ssp/src/driver/r_icu/r_icu.o
                0x000042c4                g_external_irq_on_icu
 .rodata.g_icu_version
                0x000042e4        0x4 ./synergy/ssp/src/driver/r_icu/r_icu.o
 .rodata.g_gpt_version
                0x000042e8        0x4 ./synergy/ssp/src/driver/r_gpt/r_gpt.o
 .rodata.g_timer_on_gpt
                0x000042ec       0x28 ./synergy/ssp/src/driver/r_gpt/r_gpt.o
                0x000042ec                g_timer_on_gpt
 .rodata.bit_count
                0x00004314       0x80 ./synergy/ssp/src/driver/r_fmi/r_fmi.o
 .rodata.bit_count_mask
                0x00004394        0x8 ./synergy/ssp/src/driver/r_fmi/r_fmi.o
 .rodata.g_fmi_on_fmi
                0x0000439c       0x18 ./synergy/ssp/src/driver/r_fmi/r_fmi.o
                0x0000439c                g_fmi_on_fmi
 .rodata.g_fmi_version
                0x000043b4        0x4 ./synergy/ssp/src/driver/r_fmi/r_fmi.o
 .rodata.g_elc_on_elc
                0x000043b8       0x1c ./synergy/ssp/src/driver/r_elc/r_elc.o
                0x000043b8                g_elc_on_elc
 .rodata.s_elc_version
                0x000043d4        0x4 ./synergy/ssp/src/driver/r_elc/r_elc.o
 .rodata.g_cgc_on_cgc
                0x000043d8       0x6c ./synergy/ssp/src/driver/r_cgc/r_cgc.o
                0x000043d8                g_cgc_on_cgc
 .rodata.g_cgc_version
                0x00004444        0x4 ./synergy/ssp/src/driver/r_cgc/r_cgc.o
 .rodata.g_pllccr2_div_setting
                0x00004448        0x8 ./synergy/ssp/src/driver/r_cgc/r_cgc.o
 .rodata.g_pllccr2_div_value
                0x00004450        0x6 ./synergy/ssp/src/driver/r_cgc/r_cgc.o
 *fill*         0x00004456        0x2 ff
 .rodata.g_pllccr_div_setting
                0x00004458        0x6 ./synergy/ssp/src/driver/r_cgc/r_cgc.o
 *fill*         0x0000445e        0x2 ff
 .rodata.g_pllccr_div_value
                0x00004460        0x6 ./synergy/ssp/src/driver/r_cgc/r_cgc.o
 *fill*         0x00004466        0x2 ff
 .rodata.g_cgc_feature
                0x00004468       0x2c ./synergy/ssp/src/bsp/mcu/s7g2/bsp_feature.o
 .rodata.g_fmi_data
                0x00004494      0x400 ./synergy/ssp/src/bsp/mcu/s7g2/bsp_fmi_R7FS7G27H3A01CFC.o
                0x00004494                g_fmi_data
 .rodata.g_bsp_module_stop
                0x00004894       0x46 ./synergy/ssp/src/bsp/mcu/s7g2/bsp_module_stop.o
 *fill*         0x000048da        0x2 ff
 .rodata.gp_mstp
                0x000048dc       0x10 ./synergy/ssp/src/bsp/mcu/s7g2/bsp_module_stop.o
 .rodata.gp_vector_information
                0x000048ec        0x4 ./synergy/ssp/src/bsp/mcu/all/bsp_irq.o
                0x000048ec                gp_vector_information
 .rodata.g_prcr_masks
                0x000048f0        0x6 ./synergy/ssp/src/bsp/mcu/all/bsp_register_protection.o
 *fill*         0x000048f6        0x2 ff
 .rodata.g_elc_cfg
                0x000048f8        0xc ./synergy/ssp/src/bsp/cmsis/Device/RENESAS/S7G2/Source/system_S7G2.o
 .rodata.g_bsp_leds
                0x00004904        0x8 ./synergy/board/s7g2_sk/bsp_leds.o
                0x00004904                g_bsp_leds
 .rodata.g_bsp_prv_leds
                0x0000490c        0x6 ./synergy/board/s7g2_sk/bsp_leds.o
 *fill*         0x00004912        0x2 ff
 .rodata.g_ioport
                0x00004914        0x8 ./src/synergy_gen/common_data.o
                0x00004914                g_ioport
 .rodata.g_external_irq0
                0x0000491c        0xc ./src/synergy_gen/hal_data.o
                0x0000491c                g_external_irq0
 .rodata.g_external_irq0_cfg
                0x00004928       0x14 ./src/synergy_gen/hal_data.o
 .rodata.g_timer0
                0x0000493c        0xc ./src/synergy_gen/hal_data.o
                0x0000493c                g_timer0
 .rodata.g_timer0_cfg
                0x00004948       0x20 ./src/synergy_gen/hal_data.o
 .rodata.g_timer0_extend
                0x00004968        0x5 ./src/synergy_gen/hal_data.o
 *fill*         0x0000496d        0x3 ff
 .rodata.g_bsp_pin_cfg
                0x00004970        0x8 ./src/synergy_gen/pin_data.o
                0x00004970                g_bsp_pin_cfg
 .rodata.g_bsp_pin_cfg_data
                0x00004978      0x380 ./src/synergy_gen/pin_data.o
                0x00004978                g_bsp_pin_cfg_data
 .rodata.__sf_fake_stderr
                0x00004cf8       0x20 c:/renesas/synergy/e2studio_v7.5.1_ssp_v1.7.8/toolchains/gcc_arm/7.2.1_2017q4/bin/../lib/gcc/arm-none-eabi/7.2.1/../../../../arm-none-eabi/lib/thumb/v7e-m/fpv4-sp/hard\libc_nano.a(lib_a-findfp.o)
                0x00004cf8                __sf_fake_stderr
 .rodata.__sf_fake_stdin
                0x00004d18       0x20 c:/renesas/synergy/e2studio_v7.5.1_ssp_v1.7.8/toolchains/gcc_arm/7.2.1_2017q4/bin/../lib/gcc/arm-none-eabi/7.2.1/../../../../arm-none-eabi/lib/thumb/v7e-m/fpv4-sp/hard\libc_nano.a(lib_a-findfp.o)
                0x00004d18                __sf_fake_stdin
 .rodata.__sf_fake_stdout
                0x00004d38       0x20 c:/renesas/synergy/e2studio_v7.5.1_ssp_v1.7.8/toolchains/gcc_arm/7.2.1_2017q4/bin/../lib/gcc/arm-none-eabi/7.2.1/../../../../arm-none-eabi/lib/thumb/v7e-m/fpv4-sp/hard\libc_nano.a(lib_a-findfp.o)
                0x00004d38                __sf_fake_stdout
                0x00004d58                __usb_dev_descriptor_start_fs = .
 *(.usb_device_desc_fs*)
                0x00004d58                __usb_cfg_descriptor_start_fs = .
 *(.usb_config_desc_fs*)
                0x00004d58                __usb_interface_descriptor_start_fs = .
 *(.usb_interface_desc_fs*)
                0x00004d58                __usb_descriptor_end_fs = .
                0x00004d58                __usb_dev_descriptor_start_hs = .
 *(.usb_device_desc_hs*)
                0x00004d58                __usb_cfg_descriptor_start_hs = .
 *(.usb_config_desc_hs*)
                0x00004d58                __usb_interface_descriptor_start_hs = .
 *(.usb_interface_desc_hs*)
                0x00004d58                __usb_descriptor_end_hs = .
 *(.eh_frame*)
 .eh_frame      0x00004d58        0x0 c:/renesas/synergy/e2studio_v7.5.1_ssp_v1.7.8/toolchains/gcc_arm/7.2.1_2017q4/bin/../lib/gcc/arm-none-eabi/7.2.1/thumb/v7e-m/fpv4-sp/hard/crtbegin.o
 .eh_frame      0x00004d58        0x4 c:/renesas/synergy/e2studio_v7.5.1_ssp_v1.7.8/toolchains/gcc_arm/7.2.1_2017q4/bin/../lib/gcc/arm-none-eabi/7.2.1/thumb/v7e-m/fpv4-sp/hard/crtend.o
                0x00004d5c                __ROM_End = .
                0x00000048                __Vectors_Size = (__Vectors_End - __Vectors)
                0x00000010                __Vector_Info_Size = (__Vector_Info_End - __Vector_Info_Start)
                0x000001b0                __Lock_Lookup_Size = (__Lock_Lookup_End - __Lock_Lookup_Start)

.glue_7         0x00004d5c        0x0
 .glue_7        0x00004d5c        0x0 linker stubs

.glue_7t        0x00004d5c        0x0
 .glue_7t       0x00004d5c        0x0 linker stubs

.vfp11_veneer   0x00004d5c        0x0
 .vfp11_veneer  0x00004d5c        0x0 linker stubs

.v4_bx          0x00004d5c        0x0
 .v4_bx         0x00004d5c        0x0 linker stubs

.iplt           0x00004d5c        0x0
 .iplt          0x00004d5c        0x0 c:/renesas/synergy/e2studio_v7.5.1_ssp_v1.7.8/toolchains/gcc_arm/7.2.1_2017q4/bin/../lib/gcc/arm-none-eabi/7.2.1/thumb/v7e-m/fpv4-sp/hard/crtbegin.o

.ARM.extab
 *(.ARM.extab* .gnu.linkonce.armextab.*)
                0x00004d5c                __exidx_start = .

.ARM.exidx      0x00004d5c        0x8
 *(.ARM.exidx* .gnu.linkonce.armexidx.*)
 .ARM.exidx     0x00004d5c        0x8 c:/renesas/synergy/e2studio_v7.5.1_ssp_v1.7.8/toolchains/gcc_arm/7.2.1_2017q4/bin/../lib/gcc/arm-none-eabi/7.2.1/thumb/v7e-m/fpv4-sp/hard\libgcc.a(_udivmoddi4.o)
                0x00004d64                __exidx_end = .
                0x00004d64                __etext = .

.ssp_dtc_vector_table
                0x1ffe0000        0x0
                0x1ffe0000                . = ORIGIN (RAM)
 *(.ssp_dtc_vector_table)

.data           0x1ffe0000       0xd8 load address 0x00004d64
                0x1ffe0000                __data_start__ = .
 *(vtable)
 *(.data*)
 .data._impure_ptr
                0x1ffe0000        0x4 c:/renesas/synergy/e2studio_v7.5.1_ssp_v1.7.8/toolchains/gcc_arm/7.2.1_2017q4/bin/../lib/gcc/arm-none-eabi/7.2.1/../../../../arm-none-eabi/lib/thumb/v7e-m/fpv4-sp/hard\libg_nano.a(lib_a-impure.o)
                0x1ffe0000                _impure_ptr
 .data.impure_data
                0x1ffe0004       0x60 c:/renesas/synergy/e2studio_v7.5.1_ssp_v1.7.8/toolchains/gcc_arm/7.2.1_2017q4/bin/../lib/gcc/arm-none-eabi/7.2.1/../../../../arm-none-eabi/lib/thumb/v7e-m/fpv4-sp/hard\libg_nano.a(lib_a-impure.o)
                0x1ffe0064                . = ALIGN (0x4)
                0x1ffe0064                PROVIDE (__preinit_array_start, .)
 *(.preinit_array)
                0x1ffe0064                PROVIDE (__preinit_array_end, .)
                0x1ffe0064                . = ALIGN (0x4)
                0x1ffe0064                PROVIDE (__init_array_start, .)
 *(SORT_BY_NAME(.init_array.*))
 *(.init_array)
 .init_array    0x1ffe0064        0x4 c:/renesas/synergy/e2studio_v7.5.1_ssp_v1.7.8/toolchains/gcc_arm/7.2.1_2017q4/bin/../lib/gcc/arm-none-eabi/7.2.1/thumb/v7e-m/fpv4-sp/hard/crtbegin.o
                0x1ffe0068                PROVIDE (__init_array_end, .)
                0x1ffe0068                . = ALIGN (0x4)
                [!provide]                PROVIDE (__fini_array_start, .)
 *(SORT_BY_NAME(.fini_array.*))
 *(.fini_array)
 .fini_array    0x1ffe0068        0x4 c:/renesas/synergy/e2studio_v7.5.1_ssp_v1.7.8/toolchains/gcc_arm/7.2.1_2017q4/bin/../lib/gcc/arm-none-eabi/7.2.1/thumb/v7e-m/fpv4-sp/hard/crtbegin.o
                [!provide]                PROVIDE (__fini_array_end, .)
 *(.jcr*)
                0x1ffe006c                . = ALIGN (0x4)
                0x1ffe006c                __Code_In_RAM_Start = .
 *(.code_in_ram*)
                0x1ffe006c                __Code_In_RAM_End = .
                0x1ffe006c                __Lock_Start = .
 *(SORT_BY_NAME(.hw_lock*))
 .hw_lock.ADC_0U_0U
                0x1ffe006c        0x1 ./synergy/ssp/src/bsp/mcu/s7g2/bsp_hw_locks.o
                0x1ffe006c                g_hw_lock_ADC_0U_0U
 .hw_lock.ADC_0U_1U
                0x1ffe006d        0x1 ./synergy/ssp/src/bsp/mcu/s7g2/bsp_hw_locks.o
                0x1ffe006d                g_hw_lock_ADC_0U_1U
 .hw_lock.AGT_0U_0U
                0x1ffe006e        0x1 ./synergy/ssp/src/bsp/mcu/s7g2/bsp_hw_locks.o
                0x1ffe006e                g_hw_lock_AGT_0U_0U
 .hw_lock.AGT_0U_1U
                0x1ffe006f        0x1 ./synergy/ssp/src/bsp/mcu/s7g2/bsp_hw_locks.o
                0x1ffe006f                g_hw_lock_AGT_0U_1U
 .hw_lock.BSC_0U_1U
                0x1ffe0070        0x1 ./synergy/ssp/src/bsp/mcu/s7g2/bsp_hw_locks.o
                0x1ffe0070                g_hw_lock_BSC_0U_1U
 .hw_lock.CAC_0U_0U
                0x1ffe0071        0x1 ./synergy/ssp/src/bsp/mcu/s7g2/bsp_hw_locks.o
                0x1ffe0071                g_hw_lock_CAC_0U_0U
 .hw_lock.CAN_0U_0U
                0x1ffe0072        0x1 ./synergy/ssp/src/bsp/mcu/s7g2/bsp_hw_locks.o
                0x1ffe0072                g_hw_lock_CAN_0U_0U
 .hw_lock.CAN_0U_1U
                0x1ffe0073        0x1 ./synergy/ssp/src/bsp/mcu/s7g2/bsp_hw_locks.o
                0x1ffe0073                g_hw_lock_CAN_0U_1U
 .hw_lock.COMP_HS_0U_0U
                0x1ffe0074        0x1 ./synergy/ssp/src/bsp/mcu/s7g2/bsp_hw_locks.o
                0x1ffe0074                g_hw_lock_COMP_HS_0U_0U
 .hw_lock.COMP_HS_0U_1U
                0x1ffe0075        0x1 ./synergy/ssp/src/bsp/mcu/s7g2/bsp_hw_locks.o
                0x1ffe0075                g_hw_lock_COMP_HS_0U_1U
 .hw_lock.COMP_HS_0U_2U
                0x1ffe0076        0x1 ./synergy/ssp/src/bsp/mcu/s7g2/bsp_hw_locks.o
                0x1ffe0076                g_hw_lock_COMP_HS_0U_2U
 .hw_lock.COMP_HS_0U_3U
                0x1ffe0077        0x1 ./synergy/ssp/src/bsp/mcu/s7g2/bsp_hw_locks.o
                0x1ffe0077                g_hw_lock_COMP_HS_0U_3U
 .hw_lock.COMP_HS_0U_4U
                0x1ffe0078        0x1 ./synergy/ssp/src/bsp/mcu/s7g2/bsp_hw_locks.o
                0x1ffe0078                g_hw_lock_COMP_HS_0U_4U
 .hw_lock.COMP_HS_0U_5U
                0x1ffe0079        0x1 ./synergy/ssp/src/bsp/mcu/s7g2/bsp_hw_locks.o
                0x1ffe0079                g_hw_lock_COMP_HS_0U_5U
 .hw_lock.CRC_0U_0U
                0x1ffe007a        0x1 ./synergy/ssp/src/bsp/mcu/s7g2/bsp_hw_locks.o
                0x1ffe007a                g_hw_lock_CRC_0U_0U
 .hw_lock.CTSU_0U_0U
                0x1ffe007b        0x1 ./synergy/ssp/src/bsp/mcu/s7g2/bsp_hw_locks.o
                0x1ffe007b                g_hw_lock_CTSU_0U_0U
 .hw_lock.DAAD_0U_0U
                0x1ffe007c        0x1 ./synergy/ssp/src/bsp/mcu/s7g2/bsp_hw_locks.o
                0x1ffe007c                g_hw_lock_DAAD_0U_0U
 .hw_lock.DAC_0U_0U
                0x1ffe007d        0x1 ./synergy/ssp/src/bsp/mcu/s7g2/bsp_hw_locks.o
                0x1ffe007d                g_hw_lock_DAC_0U_0U
 .hw_lock.DAC_0U_1U
                0x1ffe007e        0x1 ./synergy/ssp/src/bsp/mcu/s7g2/bsp_hw_locks.o
                0x1ffe007e                g_hw_lock_DAC_0U_1U
 .hw_lock.DMAC_0U_0U
                0x1ffe007f        0x1 ./synergy/ssp/src/bsp/mcu/s7g2/bsp_hw_locks.o
                0x1ffe007f                g_hw_lock_DMAC_0U_0U
 .hw_lock.DMAC_0U_1U
                0x1ffe0080        0x1 ./synergy/ssp/src/bsp/mcu/s7g2/bsp_hw_locks.o
                0x1ffe0080                g_hw_lock_DMAC_0U_1U
 .hw_lock.DMAC_0U_2U
                0x1ffe0081        0x1 ./synergy/ssp/src/bsp/mcu/s7g2/bsp_hw_locks.o
                0x1ffe0081                g_hw_lock_DMAC_0U_2U
 .hw_lock.DMAC_0U_3U
                0x1ffe0082        0x1 ./synergy/ssp/src/bsp/mcu/s7g2/bsp_hw_locks.o
                0x1ffe0082                g_hw_lock_DMAC_0U_3U
 .hw_lock.DMAC_0U_4U
                0x1ffe0083        0x1 ./synergy/ssp/src/bsp/mcu/s7g2/bsp_hw_locks.o
                0x1ffe0083                g_hw_lock_DMAC_0U_4U
 .hw_lock.DMAC_0U_5U
                0x1ffe0084        0x1 ./synergy/ssp/src/bsp/mcu/s7g2/bsp_hw_locks.o
                0x1ffe0084                g_hw_lock_DMAC_0U_5U
 .hw_lock.DMAC_0U_6U
                0x1ffe0085        0x1 ./synergy/ssp/src/bsp/mcu/s7g2/bsp_hw_locks.o
                0x1ffe0085                g_hw_lock_DMAC_0U_6U
 .hw_lock.DMAC_0U_7U
                0x1ffe0086        0x1 ./synergy/ssp/src/bsp/mcu/s7g2/bsp_hw_locks.o
                0x1ffe0086                g_hw_lock_DMAC_0U_7U
 .hw_lock.DOC_0U_0U
                0x1ffe0087        0x1 ./synergy/ssp/src/bsp/mcu/s7g2/bsp_hw_locks.o
                0x1ffe0087                g_hw_lock_DOC_0U_0U
 .hw_lock.DRW_0U_0U
                0x1ffe0088        0x1 ./synergy/ssp/src/bsp/mcu/s7g2/bsp_hw_locks.o
                0x1ffe0088                g_hw_lock_DRW_0U_0U
 .hw_lock.DTC_0U_0U
                0x1ffe0089        0x1 ./synergy/ssp/src/bsp/mcu/s7g2/bsp_hw_locks.o
                0x1ffe0089                g_hw_lock_DTC_0U_0U
 .hw_lock.ELC_0U_0U
                0x1ffe008a        0x1 ./synergy/ssp/src/bsp/mcu/s7g2/bsp_hw_locks.o
                0x1ffe008a                g_hw_lock_ELC_0U_0U
 .hw_lock.EPTPC_0U_0U
                0x1ffe008b        0x1 ./synergy/ssp/src/bsp/mcu/s7g2/bsp_hw_locks.o
                0x1ffe008b                g_hw_lock_EPTPC_0U_0U
 .hw_lock.ETHER_0U_0U
                0x1ffe008c        0x1 ./synergy/ssp/src/bsp/mcu/s7g2/bsp_hw_locks.o
                0x1ffe008c                g_hw_lock_ETHER_0U_0U
 .hw_lock.ETHER_0U_1U
                0x1ffe008d        0x1 ./synergy/ssp/src/bsp/mcu/s7g2/bsp_hw_locks.o
                0x1ffe008d                g_hw_lock_ETHER_0U_1U
 .hw_lock.FCU_0U_0U
                0x1ffe008e        0x1 ./synergy/ssp/src/bsp/mcu/s7g2/bsp_hw_locks.o
                0x1ffe008e                g_hw_lock_FCU_0U_0U
 .hw_lock.GLCDC_0U_0U
                0x1ffe008f        0x1 ./synergy/ssp/src/bsp/mcu/s7g2/bsp_hw_locks.o
                0x1ffe008f                g_hw_lock_GLCDC_0U_0U
 .hw_lock.GPT_0U_0U
                0x1ffe0090        0x1 ./synergy/ssp/src/bsp/mcu/s7g2/bsp_hw_locks.o
                0x1ffe0090                g_hw_lock_GPT_0U_0U
 .hw_lock.GPT_0U_10U
                0x1ffe0091        0x1 ./synergy/ssp/src/bsp/mcu/s7g2/bsp_hw_locks.o
                0x1ffe0091                g_hw_lock_GPT_0U_10U
 .hw_lock.GPT_0U_11U
                0x1ffe0092        0x1 ./synergy/ssp/src/bsp/mcu/s7g2/bsp_hw_locks.o
                0x1ffe0092                g_hw_lock_GPT_0U_11U
 .hw_lock.GPT_0U_12U
                0x1ffe0093        0x1 ./synergy/ssp/src/bsp/mcu/s7g2/bsp_hw_locks.o
                0x1ffe0093                g_hw_lock_GPT_0U_12U
 .hw_lock.GPT_0U_13U
                0x1ffe0094        0x1 ./synergy/ssp/src/bsp/mcu/s7g2/bsp_hw_locks.o
                0x1ffe0094                g_hw_lock_GPT_0U_13U
 .hw_lock.GPT_0U_1U
                0x1ffe0095        0x1 ./synergy/ssp/src/bsp/mcu/s7g2/bsp_hw_locks.o
                0x1ffe0095                g_hw_lock_GPT_0U_1U
 .hw_lock.GPT_0U_2U
                0x1ffe0096        0x1 ./synergy/ssp/src/bsp/mcu/s7g2/bsp_hw_locks.o
                0x1ffe0096                g_hw_lock_GPT_0U_2U
 .hw_lock.GPT_0U_3U
                0x1ffe0097        0x1 ./synergy/ssp/src/bsp/mcu/s7g2/bsp_hw_locks.o
                0x1ffe0097                g_hw_lock_GPT_0U_3U
 .hw_lock.GPT_0U_4U
                0x1ffe0098        0x1 ./synergy/ssp/src/bsp/mcu/s7g2/bsp_hw_locks.o
                0x1ffe0098                g_hw_lock_GPT_0U_4U
 .hw_lock.GPT_0U_5U
                0x1ffe0099        0x1 ./synergy/ssp/src/bsp/mcu/s7g2/bsp_hw_locks.o
                0x1ffe0099                g_hw_lock_GPT_0U_5U
 .hw_lock.GPT_0U_6U
                0x1ffe009a        0x1 ./synergy/ssp/src/bsp/mcu/s7g2/bsp_hw_locks.o
                0x1ffe009a                g_hw_lock_GPT_0U_6U
 .hw_lock.GPT_0U_7U
                0x1ffe009b        0x1 ./synergy/ssp/src/bsp/mcu/s7g2/bsp_hw_locks.o
                0x1ffe009b                g_hw_lock_GPT_0U_7U
 .hw_lock.GPT_0U_8U
                0x1ffe009c        0x1 ./synergy/ssp/src/bsp/mcu/s7g2/bsp_hw_locks.o
                0x1ffe009c                g_hw_lock_GPT_0U_8U
 .hw_lock.GPT_0U_9U
                0x1ffe009d        0x1 ./synergy/ssp/src/bsp/mcu/s7g2/bsp_hw_locks.o
                0x1ffe009d                g_hw_lock_GPT_0U_9U
 .hw_lock.ICU_0U_0U
                0x1ffe009e        0x1 ./synergy/ssp/src/bsp/mcu/s7g2/bsp_hw_locks.o
                0x1ffe009e                g_hw_lock_ICU_0U_0U
 .hw_lock.ICU_0U_10U
                0x1ffe009f        0x1 ./synergy/ssp/src/bsp/mcu/s7g2/bsp_hw_locks.o
                0x1ffe009f                g_hw_lock_ICU_0U_10U
 .hw_lock.ICU_0U_11U
                0x1ffe00a0        0x1 ./synergy/ssp/src/bsp/mcu/s7g2/bsp_hw_locks.o
                0x1ffe00a0                g_hw_lock_ICU_0U_11U
 .hw_lock.ICU_0U_12U
                0x1ffe00a1        0x1 ./synergy/ssp/src/bsp/mcu/s7g2/bsp_hw_locks.o
                0x1ffe00a1                g_hw_lock_ICU_0U_12U
 .hw_lock.ICU_0U_13U
                0x1ffe00a2        0x1 ./synergy/ssp/src/bsp/mcu/s7g2/bsp_hw_locks.o
                0x1ffe00a2                g_hw_lock_ICU_0U_13U
 .hw_lock.ICU_0U_14U
                0x1ffe00a3        0x1 ./synergy/ssp/src/bsp/mcu/s7g2/bsp_hw_locks.o
                0x1ffe00a3                g_hw_lock_ICU_0U_14U
 .hw_lock.ICU_0U_15U
                0x1ffe00a4        0x1 ./synergy/ssp/src/bsp/mcu/s7g2/bsp_hw_locks.o
                0x1ffe00a4                g_hw_lock_ICU_0U_15U
 .hw_lock.ICU_0U_1U
                0x1ffe00a5        0x1 ./synergy/ssp/src/bsp/mcu/s7g2/bsp_hw_locks.o
                0x1ffe00a5                g_hw_lock_ICU_0U_1U
 .hw_lock.ICU_0U_2U
                0x1ffe00a6        0x1 ./synergy/ssp/src/bsp/mcu/s7g2/bsp_hw_locks.o
                0x1ffe00a6                g_hw_lock_ICU_0U_2U
 .hw_lock.ICU_0U_3U
                0x1ffe00a7        0x1 ./synergy/ssp/src/bsp/mcu/s7g2/bsp_hw_locks.o
                0x1ffe00a7                g_hw_lock_ICU_0U_3U
 .hw_lock.ICU_0U_4U
                0x1ffe00a8        0x1 ./synergy/ssp/src/bsp/mcu/s7g2/bsp_hw_locks.o
                0x1ffe00a8                g_hw_lock_ICU_0U_4U
 .hw_lock.ICU_0U_5U
                0x1ffe00a9        0x1 ./synergy/ssp/src/bsp/mcu/s7g2/bsp_hw_locks.o
                0x1ffe00a9                g_hw_lock_ICU_0U_5U
 .hw_lock.ICU_0U_6U
                0x1ffe00aa        0x1 ./synergy/ssp/src/bsp/mcu/s7g2/bsp_hw_locks.o
                0x1ffe00aa                g_hw_lock_ICU_0U_6U
 .hw_lock.ICU_0U_7U
                0x1ffe00ab        0x1 ./synergy/ssp/src/bsp/mcu/s7g2/bsp_hw_locks.o
                0x1ffe00ab                g_hw_lock_ICU_0U_7U
 .hw_lock.ICU_0U_8U
                0x1ffe00ac        0x1 ./synergy/ssp/src/bsp/mcu/s7g2/bsp_hw_locks.o
                0x1ffe00ac                g_hw_lock_ICU_0U_8U
 .hw_lock.ICU_0U_9U
                0x1ffe00ad        0x1 ./synergy/ssp/src/bsp/mcu/s7g2/bsp_hw_locks.o
                0x1ffe00ad                g_hw_lock_ICU_0U_9U
 .hw_lock.IIC_0U_0U
                0x1ffe00ae        0x1 ./synergy/ssp/src/bsp/mcu/s7g2/bsp_hw_locks.o
                0x1ffe00ae                g_hw_lock_IIC_0U_0U
 .hw_lock.IIC_0U_1U
                0x1ffe00af        0x1 ./synergy/ssp/src/bsp/mcu/s7g2/bsp_hw_locks.o
                0x1ffe00af                g_hw_lock_IIC_0U_1U
 .hw_lock.IIC_0U_2U
                0x1ffe00b0        0x1 ./synergy/ssp/src/bsp/mcu/s7g2/bsp_hw_locks.o
                0x1ffe00b0                g_hw_lock_IIC_0U_2U
 .hw_lock.IRDA_0U_0U
                0x1ffe00b1        0x1 ./synergy/ssp/src/bsp/mcu/s7g2/bsp_hw_locks.o
                0x1ffe00b1                g_hw_lock_IRDA_0U_0U
 .hw_lock.IWDT_0U_0U
                0x1ffe00b2        0x1 ./synergy/ssp/src/bsp/mcu/s7g2/bsp_hw_locks.o
                0x1ffe00b2                g_hw_lock_IWDT_0U_0U
 .hw_lock.JPEG_0U_0U
                0x1ffe00b3        0x1 ./synergy/ssp/src/bsp/mcu/s7g2/bsp_hw_locks.o
                0x1ffe00b3                g_hw_lock_JPEG_0U_0U
 .hw_lock.KEY_0U_0U
                0x1ffe00b4        0x1 ./synergy/ssp/src/bsp/mcu/s7g2/bsp_hw_locks.o
                0x1ffe00b4                g_hw_lock_KEY_0U_0U
 .hw_lock.LPM_1U_0U
                0x1ffe00b5        0x1 ./synergy/ssp/src/bsp/mcu/s7g2/bsp_hw_locks.o
                0x1ffe00b5                g_hw_lock_LPM_1U_0U
 .hw_lock.LVD_0U_0U
                0x1ffe00b6        0x1 ./synergy/ssp/src/bsp/mcu/s7g2/bsp_hw_locks.o
                0x1ffe00b6                g_hw_lock_LVD_0U_0U
 .hw_lock.LVD_0U_1U
                0x1ffe00b7        0x1 ./synergy/ssp/src/bsp/mcu/s7g2/bsp_hw_locks.o
                0x1ffe00b7                g_hw_lock_LVD_0U_1U
 .hw_lock.MMF_0U_0U
                0x1ffe00b8        0x1 ./synergy/ssp/src/bsp/mcu/s7g2/bsp_hw_locks.o
                0x1ffe00b8                g_hw_lock_MMF_0U_0U
 .hw_lock.MPU_0U_0U
                0x1ffe00b9        0x1 ./synergy/ssp/src/bsp/mcu/s7g2/bsp_hw_locks.o
                0x1ffe00b9                g_hw_lock_MPU_0U_0U
 .hw_lock.OPS_0U_0U
                0x1ffe00ba        0x1 ./synergy/ssp/src/bsp/mcu/s7g2/bsp_hw_locks.o
                0x1ffe00ba                g_hw_lock_OPS_0U_0U
 .hw_lock.PDC_0U_0U
                0x1ffe00bb        0x1 ./synergy/ssp/src/bsp/mcu/s7g2/bsp_hw_locks.o
                0x1ffe00bb                g_hw_lock_PDC_0U_0U
 .hw_lock.POEG_0U_0U
                0x1ffe00bc        0x1 ./synergy/ssp/src/bsp/mcu/s7g2/bsp_hw_locks.o
                0x1ffe00bc                g_hw_lock_POEG_0U_0U
 .hw_lock.POEG_0U_1U
                0x1ffe00bd        0x1 ./synergy/ssp/src/bsp/mcu/s7g2/bsp_hw_locks.o
                0x1ffe00bd                g_hw_lock_POEG_0U_1U
 .hw_lock.POEG_0U_2U
                0x1ffe00be        0x1 ./synergy/ssp/src/bsp/mcu/s7g2/bsp_hw_locks.o
                0x1ffe00be                g_hw_lock_POEG_0U_2U
 .hw_lock.POEG_0U_3U
                0x1ffe00bf        0x1 ./synergy/ssp/src/bsp/mcu/s7g2/bsp_hw_locks.o
                0x1ffe00bf                g_hw_lock_POEG_0U_3U
 .hw_lock.QSPI_0U_0U
                0x1ffe00c0        0x1 ./synergy/ssp/src/bsp/mcu/s7g2/bsp_hw_locks.o
                0x1ffe00c0                g_hw_lock_QSPI_0U_0U
 .hw_lock.RTC_0U_0U
                0x1ffe00c1        0x1 ./synergy/ssp/src/bsp/mcu/s7g2/bsp_hw_locks.o
                0x1ffe00c1                g_hw_lock_RTC_0U_0U
 .hw_lock.SCE_0U_0U
                0x1ffe00c2        0x1 ./synergy/ssp/src/bsp/mcu/s7g2/bsp_hw_locks.o
                0x1ffe00c2                g_hw_lock_SCE_0U_0U
 .hw_lock.SCI_0U_0U
                0x1ffe00c3        0x1 ./synergy/ssp/src/bsp/mcu/s7g2/bsp_hw_locks.o
                0x1ffe00c3                g_hw_lock_SCI_0U_0U
 .hw_lock.SCI_0U_1U
                0x1ffe00c4        0x1 ./synergy/ssp/src/bsp/mcu/s7g2/bsp_hw_locks.o
                0x1ffe00c4                g_hw_lock_SCI_0U_1U
 .hw_lock.SCI_0U_2U
                0x1ffe00c5        0x1 ./synergy/ssp/src/bsp/mcu/s7g2/bsp_hw_locks.o
                0x1ffe00c5                g_hw_lock_SCI_0U_2U
 .hw_lock.SCI_0U_3U
                0x1ffe00c6        0x1 ./synergy/ssp/src/bsp/mcu/s7g2/bsp_hw_locks.o
                0x1ffe00c6                g_hw_lock_SCI_0U_3U
 .hw_lock.SCI_0U_4U
                0x1ffe00c7        0x1 ./synergy/ssp/src/bsp/mcu/s7g2/bsp_hw_locks.o
                0x1ffe00c7                g_hw_lock_SCI_0U_4U
 .hw_lock.SCI_0U_5U
                0x1ffe00c8        0x1 ./synergy/ssp/src/bsp/mcu/s7g2/bsp_hw_locks.o
                0x1ffe00c8                g_hw_lock_SCI_0U_5U
 .hw_lock.SCI_0U_6U
                0x1ffe00c9        0x1 ./synergy/ssp/src/bsp/mcu/s7g2/bsp_hw_locks.o
                0x1ffe00c9                g_hw_lock_SCI_0U_6U
 .hw_lock.SCI_0U_7U
                0x1ffe00ca        0x1 ./synergy/ssp/src/bsp/mcu/s7g2/bsp_hw_locks.o
                0x1ffe00ca                g_hw_lock_SCI_0U_7U
 .hw_lock.SCI_0U_8U
                0x1ffe00cb        0x1 ./synergy/ssp/src/bsp/mcu/s7g2/bsp_hw_locks.o
                0x1ffe00cb                g_hw_lock_SCI_0U_8U
 .hw_lock.SCI_0U_9U
                0x1ffe00cc        0x1 ./synergy/ssp/src/bsp/mcu/s7g2/bsp_hw_locks.o
                0x1ffe00cc                g_hw_lock_SCI_0U_9U
 .hw_lock.SDHIMMC_0U_0U
                0x1ffe00cd        0x1 ./synergy/ssp/src/bsp/mcu/s7g2/bsp_hw_locks.o
                0x1ffe00cd                g_hw_lock_SDHIMMC_0U_0U
 .hw_lock.SDHIMMC_0U_1U
                0x1ffe00ce        0x1 ./synergy/ssp/src/bsp/mcu/s7g2/bsp_hw_locks.o
                0x1ffe00ce                g_hw_lock_SDHIMMC_0U_1U
 .hw_lock.SPI_0U_0U
                0x1ffe00cf        0x1 ./synergy/ssp/src/bsp/mcu/s7g2/bsp_hw_locks.o
                0x1ffe00cf                g_hw_lock_SPI_0U_0U
 .hw_lock.SPI_0U_1U
                0x1ffe00d0        0x1 ./synergy/ssp/src/bsp/mcu/s7g2/bsp_hw_locks.o
                0x1ffe00d0                g_hw_lock_SPI_0U_1U
 .hw_lock.SRC_0U_0U
                0x1ffe00d1        0x1 ./synergy/ssp/src/bsp/mcu/s7g2/bsp_hw_locks.o
                0x1ffe00d1                g_hw_lock_SRC_0U_0U
 .hw_lock.SSI_0U_0U
                0x1ffe00d2        0x1 ./synergy/ssp/src/bsp/mcu/s7g2/bsp_hw_locks.o
                0x1ffe00d2                g_hw_lock_SSI_0U_0U
 .hw_lock.SSI_0U_1U
                0x1ffe00d3        0x1 ./synergy/ssp/src/bsp/mcu/s7g2/bsp_hw_locks.o
                0x1ffe00d3                g_hw_lock_SSI_0U_1U
 .hw_lock.TSN_0U_0U
                0x1ffe00d4        0x1 ./synergy/ssp/src/bsp/mcu/s7g2/bsp_hw_locks.o
                0x1ffe00d4                g_hw_lock_TSN_0U_0U
 .hw_lock.USB_0U_0U
                0x1ffe00d5        0x1 ./synergy/ssp/src/bsp/mcu/s7g2/bsp_hw_locks.o
                0x1ffe00d5                g_hw_lock_USB_0U_0U
 .hw_lock.USB_1U_0U
                0x1ffe00d6        0x1 ./synergy/ssp/src/bsp/mcu/s7g2/bsp_hw_locks.o
                0x1ffe00d6                g_hw_lock_USB_1U_0U
 .hw_lock.WDT_0U_0U
                0x1ffe00d7        0x1 ./synergy/ssp/src/bsp/mcu/s7g2/bsp_hw_locks.o
                0x1ffe00d7                g_hw_lock_WDT_0U_0U
                0x1ffe00d8                __Lock_End = .
                0x1ffe00d8                . = ALIGN (0x4)
                0x1ffe00d8                __data_end__ = .
                0x0000006c                __Lock_Size = (__Lock_End - __Lock_Start)

.igot.plt       0x1ffe00d8        0x0 load address 0x00004e3c
 .igot.plt      0x1ffe00d8        0x0 c:/renesas/synergy/e2studio_v7.5.1_ssp_v1.7.8/toolchains/gcc_arm/7.2.1_2017q4/bin/../lib/gcc/arm-none-eabi/7.2.1/thumb/v7e-m/fpv4-sp/hard/crtbegin.o

.qspi_flash     0x60000000        0x0
                0x60000000                __qspi_flash_start__ = .
 *(.qspi_flash*)
                0x60000000                __qspi_flash_end__ = .
                0x00000000                __qspi_flash_code_size__ = (__qspi_flash_end__ - __qspi_flash_start__)
                0x00004e3c                __qspi_flash_code_addr__ = (__etext + (__data_end__ - __data_start__))

.qspi_non_retentive
                0x60000000        0x0 load address 0x00004e3c
                0x60000000                __qspi_non_retentive_start__ = .
 *(.qspi_non_retentive*)
                0x60000000                __qspi_non_retentive_end__ = .
                0x00000000                __qspi_non_retentive_size__ = (__qspi_non_retentive_end__ - __qspi_non_retentive_start__)
                0x04000000                __qspi_region_max_size__ = 0x4000000
                0x60000000                __qspi_region_start_address__ = __qspi_flash_start__
                0x64000000                __qspi_region_end_address__ = (__qspi_flash_start__ + __qspi_region_max_size__)

.noinit         0x1ffe00d8       0x40
                0x1ffe00d8                . = ALIGN (0x4)
                0x1ffe00d8                __noinit_start = .
 *(.noinit*)
 .noinit        0x1ffe00d8       0x14 ./synergy/ssp/src/driver/r_ioport/r_ioport.o
 .noinit        0x1ffe00ec        0x4 ./synergy/ssp/src/driver/r_fmi/r_fmi.o
 .noinit        0x1ffe00f0       0x20 ./synergy/ssp/src/driver/r_cgc/r_cgc.o
                0x1ffe00f0                gp_cgc_feature
 .noinit        0x1ffe0110        0x8 ./synergy/ssp/src/bsp/cmsis/Device/RENESAS/S7G2/Source/system_S7G2.o
                0x1ffe0118                __noinit_end = .

.bss            0x1ffe0118       0xc4
                0x1ffe0118                . = ALIGN (0x4)
                0x1ffe0118                __bss_start__ = .
 *(.bss*)
 .bss           0x1ffe0118       0x1c c:/renesas/synergy/e2studio_v7.5.1_ssp_v1.7.8/toolchains/gcc_arm/7.2.1_2017q4/bin/../lib/gcc/arm-none-eabi/7.2.1/thumb/v7e-m/fpv4-sp/hard/crtbegin.o
 .bss.g_protect_pfswe_counter
                0x1ffe0134        0x2 ./synergy/ssp/src/driver/r_ioport/r_ioport.o
                0x1ffe0134                g_protect_pfswe_counter
 *fill*         0x1ffe0136        0x2 
 .bss.gp_elc_reg
                0x1ffe0138        0x4 ./synergy/ssp/src/driver/r_elc/r_elc.o
 .bss.g_bsp_group_irq_sources
                0x1ffe013c       0x30 ./synergy/ssp/src/bsp/mcu/s7g2/bsp_group_irq.o
 .bss.g_vector_information_size
                0x1ffe016c        0x4 ./synergy/ssp/src/bsp/mcu/all/bsp_irq.o
                0x1ffe016c                g_vector_information_size
 .bss.g_bsp_lock_lookup_size
                0x1ffe0170        0x4 ./synergy/ssp/src/bsp/mcu/all/bsp_locking.o
 .bss.gp_bsp_lock_lookup
                0x1ffe0174        0x4 ./synergy/ssp/src/bsp/mcu/all/bsp_locking.o
 .bss.gp_bsp_locks
                0x1ffe0178        0x4 ./synergy/ssp/src/bsp/mcu/all/bsp_locking.o
 .bss.g_protect_counters
                0x1ffe017c        0x6 ./synergy/ssp/src/bsp/mcu/all/bsp_register_protection.o
 *fill*         0x1ffe0182        0x2 
 .bss.current_heap_end.23814
                0x1ffe0184        0x4 ./synergy/ssp/src/bsp/mcu/all/bsp_sbrk.o
 .bss.SystemCoreClock
                0x1ffe0188        0x4 ./synergy/ssp/src/bsp/cmsis/Device/RENESAS/S7G2/Source/system_S7G2.o
                0x1ffe0188                SystemCoreClock
 .bss.device_characteristics
                0x1ffe018c        0x3 ./synergy/board/s7g2_sk/bsp_qspi.o
 *fill*         0x1ffe018f        0x1 
 .bss.flag_status2
                0x1ffe0190        0x1 ./synergy/board/s7g2_sk/bsp_qspi.o
 *fill*         0x1ffe0191        0x3 
 .bss.g_external_irq0_ctrl
                0x1ffe0194       0x14 ./src/synergy_gen/hal_data.o
 .bss.g_timer0_ctrl
                0x1ffe01a8       0x18 ./src/synergy_gen/hal_data.o
 .bss.gp_ctrl_GPT_8_COUNTER_OVERFLOW
                0x1ffe01c0        0x4 ./src/synergy_gen/hal_data.o
 .bss.gp_ctrl_ICU_IRQ11
                0x1ffe01c4        0x4 ./src/synergy_gen/hal_data.o
 .bss.__malloc_free_list
                0x1ffe01c8        0x4 c:/renesas/synergy/e2studio_v7.5.1_ssp_v1.7.8/toolchains/gcc_arm/7.2.1_2017q4/bin/../lib/gcc/arm-none-eabi/7.2.1/../../../../arm-none-eabi/lib/thumb/v7e-m/fpv4-sp/hard\libg_nano.a(lib_a-nano-mallocr.o)
                0x1ffe01c8                __malloc_free_list
 .bss.__malloc_sbrk_start
                0x1ffe01cc        0x4 c:/renesas/synergy/e2studio_v7.5.1_ssp_v1.7.8/toolchains/gcc_arm/7.2.1_2017q4/bin/../lib/gcc/arm-none-eabi/7.2.1/../../../../arm-none-eabi/lib/thumb/v7e-m/fpv4-sp/hard\libg_nano.a(lib_a-nano-mallocr.o)
                0x1ffe01cc                __malloc_sbrk_start
 *(COMMON)
 COMMON         0x1ffe01d0        0x8 ./src/hal_entry.o
                0x1ffe01d0                timerFlag
                0x1ffe01d4                recebidos
 COMMON         0x1ffe01d8        0x4 c:/renesas/synergy/e2studio_v7.5.1_ssp_v1.7.8/toolchains/gcc_arm/7.2.1_2017q4/bin/../lib/gcc/arm-none-eabi/7.2.1/../../../../arm-none-eabi/lib/thumb/v7e-m/fpv4-sp/hard\libg_nano.a(lib_a-reent.o)
                0x1ffe01d8                errno
                0x1ffe01dc                . = ALIGN (0x4)
                0x1ffe01dc                __bss_end__ = .

.heap           0x1ffe01e0     0x1000
                0x1ffe01e0                . = ALIGN (0x8)
 *(.heap_d1)
                0x1ffe01e0                . = ALIGN (0x8)
                0x1ffe01e0                __HeapBase = .
                0x1ffe01e0                __end__ = .
                0x1ffe01e0                end = __end__
 *(.heap*)
 .heap          0x1ffe01e0     0x1000 ./synergy/ssp/src/bsp/cmsis/Device/RENESAS/S7G2/Source/startup_S7G2.o
                0x1ffe11e0                __HeapLimit = .

.stack_dummy    0x1ffe11e0      0x800
                0x1ffe11e0                . = ALIGN (0x8)
                0x1ffe11e0                __StackLimit = .
 *(.stack)
 .stack         0x1ffe11e0      0x800 ./synergy/ssp/src/bsp/cmsis/Device/RENESAS/S7G2/Source/startup_S7G2.o
                0x1ffe19e0                __StackTop = .
 *(.stack*)
                0x1ffe19e0                __StackTopAll = .
                [!provide]                PROVIDE (__stack, __StackTopAll)
                0x1ffe19e0                __RAM_segment_used_end__ = ALIGN (__StackTopAll, 0x4)

.dflash         0x40100000        0x0
                0x40100000                __Data_Flash_Start = .
 *(.dflash*)
                0x40100000                __Data_Flash_End = .

.sdram          0x90000000        0x0
                0x90000000                __SDRAM_Start = .
 *(.sdram*)
 *(.frame*)
                0x90000000                __SDRAM_End = .

.id_code_1      0x40120050       0x10
                0x40120050                __ID_Codes_Start = .
 *(.id_code_1*)
 .id_code_1     0x40120050       0x10 ./synergy/ssp/src/bsp/mcu/s7g2/bsp_rom_registers.o
                0x40120060                __ID_Codes_End = .
OUTPUT(djames.elf elf32-littlearm)

.rel.dyn        0x40120060        0x0
 .rel.iplt      0x40120060        0x0 c:/renesas/synergy/e2studio_v7.5.1_ssp_v1.7.8/toolchains/gcc_arm/7.2.1_2017q4/bin/../lib/gcc/arm-none-eabi/7.2.1/thumb/v7e-m/fpv4-sp/hard/crtbegin.o

.ARM.attributes
                0x00000000       0x30
 .ARM.attributes
                0x00000000       0x22 c:/renesas/synergy/e2studio_v7.5.1_ssp_v1.7.8/toolchains/gcc_arm/7.2.1_2017q4/bin/../lib/gcc/arm-none-eabi/7.2.1/thumb/v7e-m/fpv4-sp/hard/crti.o
 .ARM.attributes
                0x00000022       0x34 c:/renesas/synergy/e2studio_v7.5.1_ssp_v1.7.8/toolchains/gcc_arm/7.2.1_2017q4/bin/../lib/gcc/arm-none-eabi/7.2.1/thumb/v7e-m/fpv4-sp/hard/crtbegin.o
 .ARM.attributes
                0x00000056       0x39 ./synergy/ssp/src/driver/r_ioport/r_ioport.o
 .ARM.attributes
                0x0000008f       0x39 ./synergy/ssp/src/driver/r_icu/r_icu.o
 .ARM.attributes
                0x000000c8       0x39 ./synergy/ssp/src/driver/r_gpt/r_gpt.o
 .ARM.attributes
                0x00000101       0x39 ./synergy/ssp/src/driver/r_fmi/r_fmi.o
 .ARM.attributes
                0x0000013a       0x39 ./synergy/ssp/src/driver/r_elc/r_elc.o
 .ARM.attributes
                0x00000173       0x39 ./synergy/ssp/src/driver/r_cgc/r_cgc.o
 .ARM.attributes
                0x000001ac       0x39 ./synergy/ssp/src/bsp/mcu/s7g2/bsp_cache.o
 .ARM.attributes
                0x000001e5       0x39 ./synergy/ssp/src/bsp/mcu/s7g2/bsp_clocks.o
 .ARM.attributes
                0x0000021e       0x39 ./synergy/ssp/src/bsp/mcu/s7g2/bsp_feature.o
 .ARM.attributes
                0x00000257       0x39 ./synergy/ssp/src/bsp/mcu/s7g2/bsp_fmi_R7FS7G27H3A01CFC.o
 .ARM.attributes
                0x00000290       0x39 ./synergy/ssp/src/bsp/mcu/s7g2/bsp_group_irq.o
 .ARM.attributes
                0x000002c9       0x39 ./synergy/ssp/src/bsp/mcu/s7g2/bsp_hw_locks.o
 .ARM.attributes
                0x00000302       0x39 ./synergy/ssp/src/bsp/mcu/s7g2/bsp_module_stop.o
 .ARM.attributes
                0x0000033b       0x39 ./synergy/ssp/src/bsp/mcu/s7g2/bsp_rom_registers.o
 .ARM.attributes
                0x00000374       0x39 ./synergy/ssp/src/bsp/mcu/all/bsp_common.o
 .ARM.attributes
                0x000003ad       0x39 ./synergy/ssp/src/bsp/mcu/all/bsp_common_leds.o
 .ARM.attributes
                0x000003e6       0x39 ./synergy/ssp/src/bsp/mcu/all/bsp_delay.o
 .ARM.attributes
                0x0000041f       0x39 ./synergy/ssp/src/bsp/mcu/all/bsp_irq.o
 .ARM.attributes
                0x00000458       0x39 ./synergy/ssp/src/bsp/mcu/all/bsp_locking.o
 .ARM.attributes
                0x00000491       0x39 ./synergy/ssp/src/bsp/mcu/all/bsp_register_protection.o
 .ARM.attributes
                0x000004ca       0x39 ./synergy/ssp/src/bsp/mcu/all/bsp_sbrk.o
 .ARM.attributes
                0x00000503       0x39 ./synergy/ssp/src/bsp/cmsis/Device/RENESAS/S7G2/Source/startup_S7G2.o
 .ARM.attributes
                0x0000053c       0x39 ./synergy/ssp/src/bsp/cmsis/Device/RENESAS/S7G2/Source/system_S7G2.o
 .ARM.attributes
                0x00000575       0x39 ./synergy/board/s7g2_sk/bsp_init.o
 .ARM.attributes
                0x000005ae       0x39 ./synergy/board/s7g2_sk/bsp_leds.o
 .ARM.attributes
                0x000005e7       0x39 ./synergy/board/s7g2_sk/bsp_qspi.o
 .ARM.attributes
                0x00000620       0x39 ./src/synergy_gen/common_data.o
 .ARM.attributes
                0x00000659       0x39 ./src/synergy_gen/hal_data.o
 .ARM.attributes
                0x00000692       0x39 ./src/synergy_gen/main.o
 .ARM.attributes
                0x000006cb       0x39 ./src/synergy_gen/pin_data.o
 .ARM.attributes
                0x00000704       0x39 ./src/hal_entry.o
 .ARM.attributes
                0x0000073d       0x22 c:/renesas/synergy/e2studio_v7.5.1_ssp_v1.7.8/toolchains/gcc_arm/7.2.1_2017q4/bin/../lib/gcc/arm-none-eabi/7.2.1/thumb/v7e-m/fpv4-sp/hard\libgcc.a(_aeabi_uldivmod.o)
 .ARM.attributes
                0x0000075f       0x34 c:/renesas/synergy/e2studio_v7.5.1_ssp_v1.7.8/toolchains/gcc_arm/7.2.1_2017q4/bin/../lib/gcc/arm-none-eabi/7.2.1/thumb/v7e-m/fpv4-sp/hard\libgcc.a(_udivmoddi4.o)
 .ARM.attributes
                0x00000793       0x22 c:/renesas/synergy/e2studio_v7.5.1_ssp_v1.7.8/toolchains/gcc_arm/7.2.1_2017q4/bin/../lib/gcc/arm-none-eabi/7.2.1/thumb/v7e-m/fpv4-sp/hard\libgcc.a(_dvmd_tls.o)
 .ARM.attributes
                0x000007b5       0x34 c:/renesas/synergy/e2studio_v7.5.1_ssp_v1.7.8/toolchains/gcc_arm/7.2.1_2017q4/bin/../lib/gcc/arm-none-eabi/7.2.1/../../../../arm-none-eabi/lib/thumb/v7e-m/fpv4-sp/hard\libg_nano.a(lib_a-errno.o)
 .ARM.attributes
                0x000007e9       0x34 c:/renesas/synergy/e2studio_v7.5.1_ssp_v1.7.8/toolchains/gcc_arm/7.2.1_2017q4/bin/../lib/gcc/arm-none-eabi/7.2.1/../../../../arm-none-eabi/lib/thumb/v7e-m/fpv4-sp/hard\libg_nano.a(lib_a-impure.o)
 .ARM.attributes
                0x0000081d       0x34 c:/renesas/synergy/e2studio_v7.5.1_ssp_v1.7.8/toolchains/gcc_arm/7.2.1_2017q4/bin/../lib/gcc/arm-none-eabi/7.2.1/../../../../arm-none-eabi/lib/thumb/v7e-m/fpv4-sp/hard\libg_nano.a(lib_a-memcmp.o)
 .ARM.attributes
                0x00000851       0x34 c:/renesas/synergy/e2studio_v7.5.1_ssp_v1.7.8/toolchains/gcc_arm/7.2.1_2017q4/bin/../lib/gcc/arm-none-eabi/7.2.1/../../../../arm-none-eabi/lib/thumb/v7e-m/fpv4-sp/hard\libg_nano.a(lib_a-rand.o)
 .ARM.attributes
                0x00000885       0x34 c:/renesas/synergy/e2studio_v7.5.1_ssp_v1.7.8/toolchains/gcc_arm/7.2.1_2017q4/bin/../lib/gcc/arm-none-eabi/7.2.1/../../../../arm-none-eabi/lib/thumb/v7e-m/fpv4-sp/hard\libg_nano.a(lib_a-malloc.o)
 .ARM.attributes
                0x000008b9       0x34 c:/renesas/synergy/e2studio_v7.5.1_ssp_v1.7.8/toolchains/gcc_arm/7.2.1_2017q4/bin/../lib/gcc/arm-none-eabi/7.2.1/../../../../arm-none-eabi/lib/thumb/v7e-m/fpv4-sp/hard\libg_nano.a(lib_a-nano-mallocr.o)
 .ARM.attributes
                0x000008ed       0x34 c:/renesas/synergy/e2studio_v7.5.1_ssp_v1.7.8/toolchains/gcc_arm/7.2.1_2017q4/bin/../lib/gcc/arm-none-eabi/7.2.1/../../../../arm-none-eabi/lib/thumb/v7e-m/fpv4-sp/hard\libg_nano.a(lib_a-sbrkr.o)
 .ARM.attributes
                0x00000921       0x34 c:/renesas/synergy/e2studio_v7.5.1_ssp_v1.7.8/toolchains/gcc_arm/7.2.1_2017q4/bin/../lib/gcc/arm-none-eabi/7.2.1/../../../../arm-none-eabi/lib/thumb/v7e-m/fpv4-sp/hard\libg_nano.a(lib_a-mlock.o)
 .ARM.attributes
                0x00000955       0x34 c:/renesas/synergy/e2studio_v7.5.1_ssp_v1.7.8/toolchains/gcc_arm/7.2.1_2017q4/bin/../lib/gcc/arm-none-eabi/7.2.1/../../../../arm-none-eabi/lib/thumb/v7e-m/fpv4-sp/hard\libg_nano.a(lib_a-reent.o)
 .ARM.attributes
                0x00000989       0x34 c:/renesas/synergy/e2studio_v7.5.1_ssp_v1.7.8/toolchains/gcc_arm/7.2.1_2017q4/bin/../lib/gcc/arm-none-eabi/7.2.1/../../../../arm-none-eabi/lib/thumb/v7e-m/fpv4-sp/hard\libc_nano.a(lib_a-findfp.o)
 .ARM.attributes
                0x000009bd       0x34 c:/renesas/synergy/e2studio_v7.5.1_ssp_v1.7.8/toolchains/gcc_arm/7.2.1_2017q4/bin/../lib/gcc/arm-none-eabi/7.2.1/thumb/v7e-m/fpv4-sp/hard/crtend.o
 .ARM.attributes
                0x000009f1       0x22 c:/renesas/synergy/e2studio_v7.5.1_ssp_v1.7.8/toolchains/gcc_arm/7.2.1_2017q4/bin/../lib/gcc/arm-none-eabi/7.2.1/thumb/v7e-m/fpv4-sp/hard/crtn.o

.comment        0x00000000       0x7e
 .comment       0x00000000       0x7e ./synergy/ssp/src/driver/r_ioport/r_ioport.o
                                 0x7f (size before relaxing)
 .comment       0x0000007e       0x7f ./synergy/ssp/src/driver/r_icu/r_icu.o
 .comment       0x0000007e       0x7f ./synergy/ssp/src/driver/r_gpt/r_gpt.o
 .comment       0x0000007e       0x7f ./synergy/ssp/src/driver/r_fmi/r_fmi.o