18:23:31 **** Build of configuration Debug for project lab7b ****
make -j4 all 
'Building file: ../synergy/ssp/src/driver/r_ioport/r_ioport.c'
'Building file: ../synergy/ssp/src/driver/r_fmi/r_fmi.c'
'Invoking: GNU ARM Cross C Compiler'
C:\Renesas\Synergy\e2studio_v7.5.1_ssp_v1.7.8\Utilities\\/isdebuild arm-none-eabi-gcc -mcpu=cortex-m4 -mthumb -mfloat-abi=hard -mfpu=fpv4-sp-d16 -O2 -fmessage-length=0 -fsigned-char -ffunction-sections -fdata-sections -Wunused -Wuninitialized -Wall -Wextra -Wmissing-declarations -Wconversion -Wpointer-arith -Wshadow -Wlogical-op -Waggregate-return -Wfloat-equal  -g3 -D_RENESAS_SYNERGY_ -I"C:\Users\gabri\Documentos\Faculdade\Embarcados\entregados\lab7b\src" -I"C:\Users\gabri\Documentos\Faculdade\Embarcados\entregados\lab7b\src\synergy_gen" -I"C:\Users\gabri\Documentos\Faculdade\Embarcados\entregados\lab7b\synergy_cfg\ssp_cfg\bsp" -I"C:\Users\gabri\Documentos\Faculdade\Embarcados\entregados\lab7b\synergy_cfg\ssp_cfg\driver" -I"C:\Users\gabri\Documentos\Faculdade\Embarcados\entregados\lab7b\synergy\ssp\inc" -I"C:\Users\gabri\Documentos\Faculdade\Embarcados\entregados\lab7b\synergy\ssp\inc\bsp" -I"C:\Users\gabri\Documentos\Faculdade\Embarcados\entregados\lab7b\synergy\ssp\inc\bsp\cmsis\Include" -I"C:\Users\gabri\Documentos\Faculdade\Embarcados\entregados\lab7b\synergy\ssp\inc\driver\api" -I"C:\Users\gabri\Documentos\Faculdade\Embarcados\entregados\lab7b\synergy\ssp\inc\driver\instances" -I"C:\Users\gabri\Documentos\Faculdade\Embarcados\entregados\lab7b\synergy_cfg\ssp_cfg\framework\el" -I"C:\Users\gabri\Documentos\Faculdade\Embarcados\entregados\lab7b\synergy\ssp\inc\framework\el" -I"C:\Users\gabri\Documentos\Faculdade\Embarcados\entregados\lab7b\synergy\ssp\src\framework\el\tx" -std=c99 -MMD -MP -MF"synergy/ssp/src/driver/r_ioport/r_ioport.d" -MT"synergy/ssp/src/driver/r_ioport/r_ioport.o" -c -o "synergy/ssp/src/driver/r_ioport/r_ioport.o" -x c "../synergy/ssp/src/driver/r_ioport/r_ioport.c"
'Building file: ../synergy/ssp/src/driver/r_elc/r_elc.c'
'Invoking: GNU ARM Cross C Compiler'
'Building file: ../synergy/ssp/src/driver/r_cgc/r_cgc.c'
'Invoking: GNU ARM Cross C Compiler'
C:\Renesas\Synergy\e2studio_v7.5.1_ssp_v1.7.8\Utilities\\/isdebuild arm-none-eabi-gcc -mcpu=cortex-m4 -mthumb -mfloat-abi=hard -mfpu=fpv4-sp-d16 -O2 -fmessage-length=0 -fsigned-char -ffunction-sections -fdata-sections -Wunused -Wuninitialized -Wall -Wextra -Wmissing-declarations -Wconversion -Wpointer-arith -Wshadow -Wlogical-op -Waggregate-return -Wfloat-equal  -g3 -D_RENESAS_SYNERGY_ -I"C:\Users\gabri\Documentos\Faculdade\Embarcados\entregados\lab7b\src" -I"C:\Users\gabri\Documentos\Faculdade\Embarcados\entregados\lab7b\src\synergy_gen" -I"C:\Users\gabri\Documentos\Faculdade\Embarcados\entregados\lab7b\synergy_cfg\ssp_cfg\bsp" -I"C:\Users\gabri\Documentos\Faculdade\Embarcados\entregados\lab7b\synergy_cfg\ssp_cfg\driver" -I"C:\Users\gabri\Documentos\Faculdade\Embarcados\entregados\lab7b\synergy\ssp\inc" -I"C:\Users\gabri\Documentos\Faculdade\Embarcados\entregados\lab7b\synergy\ssp\inc\bsp" -I"C:\Users\gabri\Documentos\Faculdade\Embarcados\entregados\lab7b\synergy\ssp\inc\bsp\cmsis\Include" -I"C:\Users\gabri\Documentos\Faculdade\Embarcados\entregados\lab7b\synergy\ssp\inc\driver\api" -I"C:\Users\gabri\Documentos\Faculdade\Embarcados\entregados\lab7b\synergy\ssp\inc\driver\instances" -I"C:\Users\gabri\Documentos\Faculdade\Embarcados\entregados\lab7b\synergy_cfg\ssp_cfg\framework\el" -I"C:\Users\gabri\Documentos\Faculdade\Embarcados\entregados\lab7b\synergy\ssp\inc\framework\el" -I"C:\Users\gabri\Documentos\Faculdade\Embarcados\entregados\lab7b\synergy\ssp\src\framework\el\tx" -std=c99 -MMD -MP -MF"synergy/ssp/src/driver/r_fmi/r_fmi.d" -MT"synergy/ssp/src/driver/r_fmi/r_fmi.o" -c -o "synergy/ssp/src/driver/r_fmi/r_fmi.o" -x c "../synergy/ssp/src/driver/r_fmi/r_fmi.c"
C:\Renesas\Synergy\e2studio_v7.5.1_ssp_v1.7.8\Utilities\\/isdebuild arm-none-eabi-gcc -mcpu=cortex-m4 -mthumb -mfloat-abi=hard -mfpu=fpv4-sp-d16 -O2 -fmessage-length=0 -fsigned-char -ffunction-sections -fdata-sections -Wunused -Wuninitialized -Wall -Wextra -Wmissing-declarations -Wconversion -Wpointer-arith -Wshadow -Wlogical-op -Waggregate-return -Wfloat-equal  -g3 -D_RENESAS_SYNERGY_ -I"C:\Users\gabri\Documentos\Faculdade\Embarcados\entregados\lab7b\src" -I"C:\Users\gabri\Documentos\Faculdade\Embarcados\entregados\lab7b\src\synergy_gen" -I"C:\Users\gabri\Documentos\Faculdade\Embarcados\entregados\lab7b\synergy_cfg\ssp_cfg\bsp" -I"C:\Users\gabri\Documentos\Faculdade\Embarcados\entregados\lab7b\synergy_cfg\ssp_cfg\driver" -I"C:\Users\gabri\Documentos\Faculdade\Embarcados\entregados\lab7b\synergy\ssp\inc" -I"C:\Users\gabri\Documentos\Faculdade\Embarcados\entregados\lab7b\synergy\ssp\inc\bsp" -I"C:\Users\gabri\Documentos\Faculdade\Embarcados\entregados\lab7b\synergy\ssp\inc\bsp\cmsis\Include" -I"C:\Users\gabri\Documentos\Faculdade\Embarcados\entregados\lab7b\synergy\ssp\inc\driver\api" -I"C:\Users\gabri\Documentos\Faculdade\Embarcados\entregados\lab7b\synergy\ssp\inc\driver\instances" -I"C:\Users\gabri\Documentos\Faculdade\Embarcados\entregados\lab7b\synergy_cfg\ssp_cfg\framework\el" -I"C:\Users\gabri\Documentos\Faculdade\Embarcados\entregados\lab7b\synergy\ssp\inc\framework\el" -I"C:\Users\gabri\Documentos\Faculdade\Embarcados\entregados\lab7b\synergy\ssp\src\framework\el\tx" -std=c99 -MMD -MP -MF"synergy/ssp/src/driver/r_elc/r_elc.d" -MT"synergy/ssp/src/driver/r_elc/r_elc.o" -c -o "synergy/ssp/src/driver/r_elc/r_elc.o" -x c "../synergy/ssp/src/driver/r_elc/r_elc.c"
'Invoking: GNU ARM Cross C Compiler'
C:\Renesas\Synergy\e2studio_v7.5.1_ssp_v1.7.8\Utilities\\/isdebuild arm-none-eabi-gcc -mcpu=cortex-m4 -mthumb -mfloat-abi=hard -mfpu=fpv4-sp-d16 -O2 -fmessage-length=0 -fsigned-char -ffunction-sections -fdata-sections -Wunused -Wuninitialized -Wall -Wextra -Wmissing-declarations -Wconversion -Wpointer-arith -Wshadow -Wlogical-op -Waggregate-return -Wfloat-equal  -g3 -D_RENESAS_SYNERGY_ -I"C:\Users\gabri\Documentos\Faculdade\Embarcados\entregados\lab7b\src" -I"C:\Users\gabri\Documentos\Faculdade\Embarcados\entregados\lab7b\src\synergy_gen" -I"C:\Users\gabri\Documentos\Faculdade\Embarcados\entregados\lab7b\synergy_cfg\ssp_cfg\bsp" -I"C:\Users\gabri\Documentos\Faculdade\Embarcados\entregados\lab7b\synergy_cfg\ssp_cfg\driver" -I"C:\Users\gabri\Documentos\Faculdade\Embarcados\entregados\lab7b\synergy\ssp\inc" -I"C:\Users\gabri\Documentos\Faculdade\Embarcados\entregados\lab7b\synergy\ssp\inc\bsp" -I"C:\Users\gabri\Documentos\Faculdade\Embarcados\entregados\lab7b\synergy\ssp\inc\bsp\cmsis\Include" -I"C:\Users\gabri\Documentos\Faculdade\Embarcados\entregados\lab7b\synergy\ssp\inc\driver\api" -I"C:\Users\gabri\Documentos\Faculdade\Embarcados\entregados\lab7b\synergy\ssp\inc\driver\instances" -I"C:\Users\gabri\Documentos\Faculdade\Embarcados\entregados\lab7b\synergy_cfg\ssp_cfg\framework\el" -I"C:\Users\gabri\Documentos\Faculdade\Embarcados\entregados\lab7b\synergy\ssp\inc\framework\el" -I"C:\Users\gabri\Documentos\Faculdade\Embarcados\entregados\lab7b\synergy\ssp\src\framework\el\tx" -std=c99 -MMD -MP -MF"synergy/ssp/src/driver/r_cgc/r_cgc.d" -MT"synergy/ssp/src/driver/r_cgc/r_cgc.o" -c -o "synergy/ssp/src/driver/r_cgc/r_cgc.o" -x c "../synergy/ssp/src/driver/r_cgc/r_cgc.c"
'Finished building: ../synergy/ssp/src/driver/r_fmi/r_fmi.c'
'Finished building: ../synergy/ssp/src/driver/r_elc/r_elc.c'
' '
' '
'Building file: ../synergy/ssp/src/bsp/mcu/s7g2/bsp_cache.c'
'Building file: ../synergy/ssp/src/bsp/mcu/s7g2/bsp_clocks.c'
'Invoking: GNU ARM Cross C Compiler'
'Finished building: ../synergy/ssp/src/driver/r_ioport/r_ioport.c'
C:\Renesas\Synergy\e2studio_v7.5.1_ssp_v1.7.8\Utilities\\/isdebuild arm-none-eabi-gcc -mcpu=cortex-m4 -mthumb -mfloat-abi=hard -mfpu=fpv4-sp-d16 -O2 -fmessage-length=0 -fsigned-char -ffunction-sections -fdata-sections -Wunused -Wuninitialized -Wall -Wextra -Wmissing-declarations -Wconversion -Wpointer-arith -Wshadow -Wlogical-op -Waggregate-return -Wfloat-equal  -g3 -D_RENESAS_SYNERGY_ -I"C:\Users\gabri\Documentos\Faculdade\Embarcados\entregados\lab7b\src" -I"C:\Users\gabri\Documentos\Faculdade\Embarcados\entregados\lab7b\src\synergy_gen" -I"C:\Users\gabri\Documentos\Faculdade\Embarcados\entregados\lab7b\synergy_cfg\ssp_cfg\bsp" -I"C:\Users\gabri\Documentos\Faculdade\Embarcados\entregados\lab7b\synergy_cfg\ssp_cfg\driver" -I"C:\Users\gabri\Documentos\Faculdade\Embarcados\entregados\lab7b\synergy\ssp\inc" -I"C:\Users\gabri\Documentos\Faculdade\Embarcados\entregados\lab7b\synergy\ssp\inc\bsp" -I"C:\Users\gabri\Documentos\Faculdade\Embarcados\entregados\lab7b\synergy\ssp\inc\bsp\cmsis\Include" -I"C:\Users\gabri\Documentos\Faculdade\Embarcados\entregados\lab7b\synergy\ssp\inc\driver\api" -I"C:\Users\gabri\Documentos\Faculdade\Embarcados\entregados\lab7b\synergy\ssp\inc\driver\instances" -I"C:\Users\gabri\Documentos\Faculdade\Embarcados\entregados\lab7b\synergy_cfg\ssp_cfg\framework\el" -I"C:\Users\gabri\Documentos\Faculdade\Embarcados\entregados\lab7b\synergy\ssp\inc\framework\el" -I"C:\Users\gabri\Documentos\Faculdade\Embarcados\entregados\lab7b\synergy\ssp\src\framework\el\tx" -std=c99 -MMD -MP -MF"synergy/ssp/src/bsp/mcu/s7g2/bsp_cache.d" -MT"synergy/ssp/src/bsp/mcu/s7g2/bsp_cache.o" -c -o "synergy/ssp/src/bsp/mcu/s7g2/bsp_cache.o" -x c "../synergy/ssp/src/bsp/mcu/s7g2/bsp_cache.c"
'Invoking: GNU ARM Cross C Compiler'
C:\Renesas\Synergy\e2studio_v7.5.1_ssp_v1.7.8\Utilities\\/isdebuild arm-none-eabi-gcc -mcpu=cortex-m4 -mthumb -mfloat-abi=hard -mfpu=fpv4-sp-d16 -O2 -fmessage-length=0 -fsigned-char -ffunction-sections -fdata-sections -Wunused -Wuninitialized -Wall -Wextra -Wmissing-declarations -Wconversion -Wpointer-arith -Wshadow -Wlogical-op -Waggregate-return -Wfloat-equal  -g3 -D_RENESAS_SYNERGY_ -I"C:\Users\gabri\Documentos\Faculdade\Embarcados\entregados\lab7b\src" -I"C:\Users\gabri\Documentos\Faculdade\Embarcados\entregados\lab7b\src\synergy_gen" -I"C:\Users\gabri\Documentos\Faculdade\Embarcados\entregados\lab7b\synergy_cfg\ssp_cfg\bsp" -I"C:\Users\gabri\Documentos\Faculdade\Embarcados\entregados\lab7b\synergy_cfg\ssp_cfg\driver" -I"C:\Users\gabri\Documentos\Faculdade\Embarcados\entregados\lab7b\synergy\ssp\inc" -I"C:\Users\gabri\Documentos\Faculdade\Embarcados\entregados\lab7b\synergy\ssp\inc\bsp" -I"C:\Users\gabri\Documentos\Faculdade\Embarcados\entregados\lab7b\synergy\ssp\inc\bsp\cmsis\Include" -I"C:\Users\gabri\Documentos\Faculdade\Embarcados\entregados\lab7b\synergy\ssp\inc\driver\api" -I"C:\Users\gabri\Documentos\Faculdade\Embarcados\entregados\lab7b\synergy\ssp\inc\driver\instances" -I"C:\Users\gabri\Documentos\Faculdade\Embarcados\entregados\lab7b\synergy_cfg\ssp_cfg\framework\el" -I"C:\Users\gabri\Documentos\Faculdade\Embarcados\entregados\lab7b\synergy\ssp\inc\framework\el" -I"C:\Users\gabri\Documentos\Faculdade\Embarcados\entregados\lab7b\synergy\ssp\src\framework\el\tx" -std=c99 -MMD -MP -MF"synergy/ssp/src/bsp/mcu/s7g2/bsp_clocks.d" -MT"synergy/ssp/src/bsp/mcu/s7g2/bsp_clocks.o" -c -o "synergy/ssp/src/bsp/mcu/s7g2/bsp_clocks.o" -x c "../synergy/ssp/src/bsp/mcu/s7g2/bsp_clocks.c"
' '
'Building file: ../synergy/ssp/src/bsp/mcu/s7g2/bsp_feature.c'
'Invoking: GNU ARM Cross C Compiler'
C:\Renesas\Synergy\e2studio_v7.5.1_ssp_v1.7.8\Utilities\\/isdebuild arm-none-eabi-gcc -mcpu=cortex-m4 -mthumb -mfloat-abi=hard -mfpu=fpv4-sp-d16 -O2 -fmessage-length=0 -fsigned-char -ffunction-sections -fdata-sections -Wunused -Wuninitialized -Wall -Wextra -Wmissing-declarations -Wconversion -Wpointer-arith -Wshadow -Wlogical-op -Waggregate-return -Wfloat-equal  -g3 -D_RENESAS_SYNERGY_ -I"C:\Users\gabri\Documentos\Faculdade\Embarcados\entregados\lab7b\src" -I"C:\Users\gabri\Documentos\Faculdade\Embarcados\entregados\lab7b\src\synergy_gen" -I"C:\Users\gabri\Documentos\Faculdade\Embarcados\entregados\lab7b\synergy_cfg\ssp_cfg\bsp" -I"C:\Users\gabri\Documentos\Faculdade\Embarcados\entregados\lab7b\synergy_cfg\ssp_cfg\driver" -I"C:\Users\gabri\Documentos\Faculdade\Embarcados\entregados\lab7b\synergy\ssp\inc" -I"C:\Users\gabri\Documentos\Faculdade\Embarcados\entregados\lab7b\synergy\ssp\inc\bsp" -I"C:\Users\gabri\Documentos\Faculdade\Embarcados\entregados\lab7b\synergy\ssp\inc\bsp\cmsis\Include" -I"C:\Users\gabri\Documentos\Faculdade\Embarcados\entregados\lab7b\synergy\ssp\inc\driver\api" -I"C:\Users\gabri\Documentos\Faculdade\Embarcados\entregados\lab7b\synergy\ssp\inc\driver\instances" -I"C:\Users\gabri\Documentos\Faculdade\Embarcados\entregados\lab7b\synergy_cfg\ssp_cfg\framework\el" -I"C:\Users\gabri\Documentos\Faculdade\Embarcados\entregados\lab7b\synergy\ssp\inc\framework\el" -I"C:\Users\gabri\Documentos\Faculdade\Embarcados\entregados\lab7b\synergy\ssp\src\framework\el\tx" -std=c99 -MMD -MP -MF"synergy/ssp/src/bsp/mcu/s7g2/bsp_feature.d" -MT"synergy/ssp/src/bsp/mcu/s7g2/bsp_feature.o" -c -o "synergy/ssp/src/bsp/mcu/s7g2/bsp_feature.o" -x c "../synergy/ssp/src/bsp/mcu/s7g2/bsp_feature.c"
'Finished building: ../synergy/ssp/src/driver/r_cgc/r_cgc.c'
' '
'Building file: ../synergy/ssp/src/bsp/mcu/s7g2/bsp_fmi_R7FS7G27H3A01CFC.c'
'Invoking: GNU ARM Cross C Compiler'
C:\Renesas\Synergy\e2studio_v7.5.1_ssp_v1.7.8\Utilities\\/isdebuild arm-none-eabi-gcc -mcpu=cortex-m4 -mthumb -mfloat-abi=hard -mfpu=fpv4-sp-d16 -O2 -fmessage-length=0 -fsigned-char -ffunction-sections -fdata-sections -Wunused -Wuninitialized -Wall -Wextra -Wmissing-declarations -Wconversion -Wpointer-arith -Wshadow -Wlogical-op -Waggregate-return -Wfloat-equal  -g3 -D_RENESAS_SYNERGY_ -I"C:\Users\gabri\Documentos\Faculdade\Embarcados\entregados\lab7b\src" -I"C:\Users\gabri\Documentos\Faculdade\Embarcados\entregados\lab7b\src\synergy_gen" -I"C:\Users\gabri\Documentos\Faculdade\Embarcados\entregados\lab7b\synergy_cfg\ssp_cfg\bsp" -I"C:\Users\gabri\Documentos\Faculdade\Embarcados\entregados\lab7b\synergy_cfg\ssp_cfg\driver" -I"C:\Users\gabri\Documentos\Faculdade\Embarcados\entregados\lab7b\synergy\ssp\inc" -I"C:\Users\gabri\Documentos\Faculdade\Embarcados\entregados\lab7b\synergy\ssp\inc\bsp" -I"C:\Users\gabri\Documentos\Faculdade\Embarcados\entregados\lab7b\synergy\ssp\inc\bsp\cmsis\Include" -I"C:\Users\gabri\Documentos\Faculdade\Embarcados\entregados\lab7b\synergy\ssp\inc\driver\api" -I"C:\Users\gabri\Documentos\Faculdade\Embarcados\entregados\lab7b\synergy\ssp\inc\driver\instances" -I"C:\Users\gabri\Documentos\Faculdade\Embarcados\entregados\lab7b\synergy_cfg\ssp_cfg\framework\el" -I"C:\Users\gabri\Documentos\Faculdade\Embarcados\entregados\lab7b\synergy\ssp\inc\framework\el" -I"C:\Users\gabri\Documentos\Faculdade\Embarcados\entregados\lab7b\synergy\ssp\src\framework\el\tx" -std=c99 -MMD -MP -MF"synergy/ssp/src/bsp/mcu/s7g2/bsp_fmi_R7FS7G27H3A01CFC.d" -MT"synergy/ssp/src/bsp/mcu/s7g2/bsp_fmi_R7FS7G27H3A01CFC.o" -c -o "synergy/ssp/src/bsp/mcu/s7g2/bsp_fmi_R7FS7G27H3A01CFC.o" -x c "../synergy/ssp/src/bsp/mcu/s7g2/bsp_fmi_R7FS7G27H3A01CFC.c"
'Finished building: ../synergy/ssp/src/bsp/mcu/s7g2/bsp_cache.c'
'Finished building: ../synergy/ssp/src/bsp/mcu/s7g2/bsp_clocks.c'
' '
' '
'Building file: ../synergy/ssp/src/bsp/mcu/s7g2/bsp_group_irq.c'
'Building file: ../synergy/ssp/src/bsp/mcu/s7g2/bsp_hw_locks.c'
'Finished building: ../synergy/ssp/src/bsp/mcu/s7g2/bsp_feature.c'
'Invoking: GNU ARM Cross C Compiler'
C:\Renesas\Synergy\e2studio_v7.5.1_ssp_v1.7.8\Utilities\\/isdebuild arm-none-eabi-gcc -mcpu=cortex-m4 -mthumb -mfloat-abi=hard -mfpu=fpv4-sp-d16 -O2 -fmessage-length=0 -fsigned-char -ffunction-sections -fdata-sections -Wunused -Wuninitialized -Wall -Wextra -Wmissing-declarations -Wconversion -Wpointer-arith -Wshadow -Wlogical-op -Waggregate-return -Wfloat-equal  -g3 -D_RENESAS_SYNERGY_ -I"C:\Users\gabri\Documentos\Faculdade\Embarcados\entregados\lab7b\src" -I"C:\Users\gabri\Documentos\Faculdade\Embarcados\entregados\lab7b\src\synergy_gen" -I"C:\Users\gabri\Documentos\Faculdade\Embarcados\entregados\lab7b\synergy_cfg\ssp_cfg\bsp" -I"C:\Users\gabri\Documentos\Faculdade\Embarcados\entregados\lab7b\synergy_cfg\ssp_cfg\driver" -I"C:\Users\gabri\Documentos\Faculdade\Embarcados\entregados\lab7b\synergy\ssp\inc" -I"C:\Users\gabri\Documentos\Faculdade\Embarcados\entregados\lab7b\synergy\ssp\inc\bsp" -I"C:\Users\gabri\Documentos\Faculdade\Embarcados\entregados\lab7b\synergy\ssp\inc\bsp\cmsis\Include" -I"C:\Users\gabri\Documentos\Faculdade\Embarcados\entregados\lab7b\synergy\ssp\inc\driver\api" -I"C:\Users\gabri\Documentos\Faculdade\Embarcados\entregados\lab7b\synergy\ssp\inc\driver\instances" -I"C:\Users\gabri\Documentos\Faculdade\Embarcados\entregados\lab7b\synergy_cfg\ssp_cfg\framework\el" -I"C:\Users\gabri\Documentos\Faculdade\Embarcados\entregados\lab7b\synergy\ssp\inc\framework\el" -I"C:\Users\gabri\Documentos\Faculdade\Embarcados\entregados\lab7b\synergy\ssp\src\framework\el\tx" -std=c99 -MMD -MP -MF"synergy/ssp/src/bsp/mcu/s7g2/bsp_group_irq.d" -MT"synergy/ssp/src/bsp/mcu/s7g2/bsp_group_irq.o" -c -o "synergy/ssp/src/bsp/mcu/s7g2/bsp_group_irq.o" -x c "../synergy/ssp/src/bsp/mcu/s7g2/bsp_group_irq.c"
'Invoking: GNU ARM Cross C Compiler'
' '
C:\Renesas\Synergy\e2studio_v7.5.1_ssp_v1.7.8\Utilities\\/isdebuild arm-none-eabi-gcc -mcpu=cortex-m4 -mthumb -mfloat-abi=hard -mfpu=fpv4-sp-d16 -O2 -fmessage-length=0 -fsigned-char -ffunction-sections -fdata-sections -Wunused -Wuninitialized -Wall -Wextra -Wmissing-declarations -Wconversion -Wpointer-arith -Wshadow -Wlogical-op -Waggregate-return -Wfloat-equal  -g3 -D_RENESAS_SYNERGY_ -I"C:\Users\gabri\Documentos\Faculdade\Embarcados\entregados\lab7b\src" -I"C:\Users\gabri\Documentos\Faculdade\Embarcados\entregados\lab7b\src\synergy_gen" -I"C:\Users\gabri\Documentos\Faculdade\Embarcados\entregados\lab7b\synergy_cfg\ssp_cfg\bsp" -I"C:\Users\gabri\Documentos\Faculdade\Embarcados\entregados\lab7b\synergy_cfg\ssp_cfg\driver" -I"C:\Users\gabri\Documentos\Faculdade\Embarcados\entregados\lab7b\synergy\ssp\inc" -I"C:\Users\gabri\Documentos\Faculdade\Embarcados\entregados\lab7b\synergy\ssp\inc\bsp" -I"C:\Users\gabri\Documentos\Faculdade\Embarcados\entregados\lab7b\synergy\ssp\inc\bsp\cmsis\Include" -I"C:\Users\gabri\Documentos\Faculdade\Embarcados\entregados\lab7b\synergy\ssp\inc\driver\api" -I"C:\Users\gabri\Documentos\Faculdade\Embarcados\entregados\lab7b\synergy\ssp\inc\driver\instances" -I"C:\Users\gabri\Documentos\Faculdade\Embarcados\entregados\lab7b\synergy_cfg\ssp_cfg\framework\el" -I"C:\Users\gabri\Documentos\Faculdade\Embarcados\entregados\lab7b\synergy\ssp\inc\framework\el" -I"C:\Users\gabri\Documentos\Faculdade\Embarcados\entregados\lab7b\synergy\ssp\src\framework\el\tx" -std=c99 -MMD -MP -MF"synergy/ssp/src/bsp/mcu/s7g2/bsp_hw_locks.d" -MT"synergy/ssp/src/bsp/mcu/s7g2/bsp_hw_locks.o" -c -o "synergy/ssp/src/bsp/mcu/s7g2/bsp_hw_locks.o" -x c "../synergy/ssp/src/bsp/mcu/s7g2/bsp_hw_locks.c"
'Building file: ../synergy/ssp/src/bsp/mcu/s7g2/bsp_module_stop.c'
'Invoking: GNU ARM Cross C Compiler'
C:\Renesas\Synergy\e2studio_v7.5.1_ssp_v1.7.8\Utilities\\/isdebuild arm-none-eabi-gcc -mcpu=cortex-m4 -mthumb -mfloat-abi=hard -mfpu=fpv4-sp-d16 -O2 -fmessage-length=0 -fsigned-char -ffunction-sections -fdata-sections -Wunused -Wuninitialized -Wall -Wextra -Wmissing-declarations -Wconversion -Wpointer-arith -Wshadow -Wlogical-op -Waggregate-return -Wfloat-equal  -g3 -D_RENESAS_SYNERGY_ -I"C:\Users\gabri\Documentos\Faculdade\Embarcados\entregados\lab7b\src" -I"C:\Users\gabri\Documentos\Faculdade\Embarcados\entregados\lab7b\src\synergy_gen" -I"C:\Users\gabri\Documentos\Faculdade\Embarcados\entregados\lab7b\synergy_cfg\ssp_cfg\bsp" -I"C:\Users\gabri\Documentos\Faculdade\Embarcados\entregados\lab7b\synergy_cfg\ssp_cfg\driver" -I"C:\Users\gabri\Documentos\Faculdade\Embarcados\entregados\lab7b\synergy\ssp\inc" -I"C:\Users\gabri\Documentos\Faculdade\Embarcados\entregados\lab7b\synergy\ssp\inc\bsp" -I"C:\Users\gabri\Documentos\Faculdade\Embarcados\entregados\lab7b\synergy\ssp\inc\bsp\cmsis\Include" -I"C:\Users\gabri\Documentos\Faculdade\Embarcados\entregados\lab7b\synergy\ssp\inc\driver\api" -I"C:\Users\gabri\Documentos\Faculdade\Embarcados\entregados\lab7b\synergy\ssp\inc\driver\instances" -I"C:\Users\gabri\Documentos\Faculdade\Embarcados\entregados\lab7b\synergy_cfg\ssp_cfg\framework\el" -I"C:\Users\gabri\Documentos\Faculdade\Embarcados\entregados\lab7b\synergy\ssp\inc\framework\el" -I"C:\Users\gabri\Documentos\Faculdade\Embarcados\entregados\lab7b\synergy\ssp\src\framework\el\tx" -std=c99 -MMD -MP -MF"synergy/ssp/src/bsp/mcu/s7g2/bsp_module_stop.d" -MT"synergy/ssp/src/bsp/mcu/s7g2/bsp_module_stop.o" -c -o "synergy/ssp/src/bsp/mcu/s7g2/bsp_module_stop.o" -x c "../synergy/ssp/src/bsp/mcu/s7g2/bsp_module_stop.c"
'Finished building: ../synergy/ssp/src/bsp/mcu/s7g2/bsp_fmi_R7FS7G27H3A01CFC.c'
' '
'Building file: ../synergy/ssp/src/bsp/mcu/s7g2/bsp_rom_registers.c'
'Invoking: GNU ARM Cross C Compiler'
C:\Renesas\Synergy\e2studio_v7.5.1_ssp_v1.7.8\Utilities\\/isdebuild arm-none-eabi-gcc -mcpu=cortex-m4 -mthumb -mfloat-abi=hard -mfpu=fpv4-sp-d16 -O2 -fmessage-length=0 -fsigned-char -ffunction-sections -fdata-sections -Wunused -Wuninitialized -Wall -Wextra -Wmissing-declarations -Wconversion -Wpointer-arith -Wshadow -Wlogical-op -Waggregate-return -Wfloat-equal  -g3 -D_RENESAS_SYNERGY_ -I"C:\Users\gabri\Documentos\Faculdade\Embarcados\entregados\lab7b\src" -I"C:\Users\gabri\Documentos\Faculdade\Embarcados\entregados\lab7b\src\synergy_gen" -I"C:\Users\gabri\Documentos\Faculdade\Embarcados\entregados\lab7b\synergy_cfg\ssp_cfg\bsp" -I"C:\Users\gabri\Documentos\Faculdade\Embarcados\entregados\lab7b\synergy_cfg\ssp_cfg\driver" -I"C:\Users\gabri\Documentos\Faculdade\Embarcados\entregados\lab7b\synergy\ssp\inc" -I"C:\Users\gabri\Documentos\Faculdade\Embarcados\entregados\lab7b\synergy\ssp\inc\bsp" -I"C:\Users\gabri\Documentos\Faculdade\Embarcados\entregados\lab7b\synergy\ssp\inc\bsp\cmsis\Include" -I"C:\Users\gabri\Documentos\Faculdade\Embarcados\entregados\lab7b\synergy\ssp\inc\driver\api" -I"C:\Users\gabri\Documentos\Faculdade\Embarcados\entregados\lab7b\synergy\ssp\inc\driver\instances" -I"C:\Users\gabri\Documentos\Faculdade\Embarcados\entregados\lab7b\synergy_cfg\ssp_cfg\framework\el" -I"C:\Users\gabri\Documentos\Faculdade\Embarcados\entregados\lab7b\synergy\ssp\inc\framework\el" -I"C:\Users\gabri\Documentos\Faculdade\Embarcados\entregados\lab7b\synergy\ssp\src\framework\el\tx" -std=c99 -MMD -MP -MF"synergy/ssp/src/bsp/mcu/s7g2/bsp_rom_registers.d" -MT"synergy/ssp/src/bsp/mcu/s7g2/bsp_rom_registers.o" -c -o "synergy/ssp/src/bsp/mcu/s7g2/bsp_rom_registers.o" -x c "../synergy/ssp/src/bsp/mcu/s7g2/bsp_rom_registers.c"
'Finished building: ../synergy/ssp/src/bsp/mcu/s7g2/bsp_group_irq.c'
'Finished building: ../synergy/ssp/src/bsp/mcu/s7g2/bsp_hw_locks.c'
' '
' '
'Building file: ../synergy/ssp/src/bsp/mcu/all/bsp_common.c'
'Building file: ../synergy/ssp/src/bsp/mcu/all/bsp_common_leds.c'
'Invoking: GNU ARM Cross C Compiler'
'Finished building: ../synergy/ssp/src/bsp/mcu/s7g2/bsp_module_stop.c'
C:\Renesas\Synergy\e2studio_v7.5.1_ssp_v1.7.8\Utilities\\/isdebuild arm-none-eabi-gcc -mcpu=cortex-m4 -mthumb -mfloat-abi=hard -mfpu=fpv4-sp-d16 -O2 -fmessage-length=0 -fsigned-char -ffunction-sections -fdata-sections -Wunused -Wuninitialized -Wall -Wextra -Wmissing-declarations -Wconversion -Wpointer-arith -Wshadow -Wlogical-op -Waggregate-return -Wfloat-equal  -g3 -D_RENESAS_SYNERGY_ -I"C:\Users\gabri\Documentos\Faculdade\Embarcados\entregados\lab7b\src" -I"C:\Users\gabri\Documentos\Faculdade\Embarcados\entregados\lab7b\src\synergy_gen" -I"C:\Users\gabri\Documentos\Faculdade\Embarcados\entregados\lab7b\synergy_cfg\ssp_cfg\bsp" -I"C:\Users\gabri\Documentos\Faculdade\Embarcados\entregados\lab7b\synergy_cfg\ssp_cfg\driver" -I"C:\Users\gabri\Documentos\Faculdade\Embarcados\entregados\lab7b\synergy\ssp\inc" -I"C:\Users\gabri\Documentos\Faculdade\Embarcados\entregados\lab7b\synergy\ssp\inc\bsp" -I"C:\Users\gabri\Documentos\Faculdade\Embarcados\entregados\lab7b\synergy\ssp\inc\bsp\cmsis\Include" -I"C:\Users\gabri\Documentos\Faculdade\Embarcados\entregados\lab7b\synergy\ssp\inc\driver\api" -I"C:\Users\gabri\Documentos\Faculdade\Embarcados\entregados\lab7b\synergy\ssp\inc\driver\instances" -I"C:\Users\gabri\Documentos\Faculdade\Embarcados\entregados\lab7b\synergy_cfg\ssp_cfg\framework\el" -I"C:\Users\gabri\Documentos\Faculdade\Embarcados\entregados\lab7b\synergy\ssp\inc\framework\el" -I"C:\Users\gabri\Documentos\Faculdade\Embarcados\entregados\lab7b\synergy\ssp\src\framework\el\tx" -std=c99 -MMD -MP -MF"synergy/ssp/src/bsp/mcu/all/bsp_common.d" -MT"synergy/ssp/src/bsp/mcu/all/bsp_common.o" -c -o "synergy/ssp/src/bsp/mcu/all/bsp_common.o" -x c "../synergy/ssp/src/bsp/mcu/all/bsp_common.c"
'Invoking: GNU ARM Cross C Compiler'
C:\Renesas\Synergy\e2studio_v7.5.1_ssp_v1.7.8\Utilities\\/isdebuild arm-none-eabi-gcc -mcpu=cortex-m4 -mthumb -mfloat-abi=hard -mfpu=fpv4-sp-d16 -O2 -fmessage-length=0 -fsigned-char -ffunction-sections -fdata-sections -Wunused -Wuninitialized -Wall -Wextra -Wmissing-declarations -Wconversion -Wpointer-arith -Wshadow -Wlogical-op -Waggregate-return -Wfloat-equal  -g3 -D_RENESAS_SYNERGY_ -I"C:\Users\gabri\Documentos\Faculdade\Embarcados\entregados\lab7b\src" -I"C:\Users\gabri\Documentos\Faculdade\Embarcados\entregados\lab7b\src\synergy_gen" -I"C:\Users\gabri\Documentos\Faculdade\Embarcados\entregados\lab7b\synergy_cfg\ssp_cfg\bsp" -I"C:\Users\gabri\Documentos\Faculdade\Embarcados\entregados\lab7b\synergy_cfg\ssp_cfg\driver" -I"C:\Users\gabri\Documentos\Faculdade\Embarcados\entregados\lab7b\synergy\ssp\inc" -I"C:\Users\gabri\Documentos\Faculdade\Embarcados\entregados\lab7b\synergy\ssp\inc\bsp" -I"C:\Users\gabri\Documentos\Faculdade\Embarcados\entregados\lab7b\synergy\ssp\inc\bsp\cmsis\Include" -I"C:\Users\gabri\Documentos\Faculdade\Embarcados\entregados\lab7b\synergy\ssp\inc\driver\api" -I"C:\Users\gabri\Documentos\Faculdade\Embarcados\entregados\lab7b\synergy\ssp\inc\driver\instances" -I"C:\Users\gabri\Documentos\Faculdade\Embarcados\entregados\lab7b\synergy_cfg\ssp_cfg\framework\el" -I"C:\Users\gabri\Documentos\Faculdade\Embarcados\entregados\lab7b\synergy\ssp\inc\framework\el" -I"C:\Users\gabri\Documentos\Faculdade\Embarcados\entregados\lab7b\synergy\ssp\src\framework\el\tx" -std=c99 -MMD -MP -MF"synergy/ssp/src/bsp/mcu/all/bsp_common_leds.d" -MT"synergy/ssp/src/bsp/mcu/all/bsp_common_leds.o" -c -o "synergy/ssp/src/bsp/mcu/all/bsp_common_leds.o" -x c "../synergy/ssp/src/bsp/mcu/all/bsp_common_leds.c"
' '
'Building file: ../synergy/ssp/src/bsp/mcu/all/bsp_delay.c'
'Invoking: GNU ARM Cross C Compiler'
C:\Renesas\Synergy\e2studio_v7.5.1_ssp_v1.7.8\Utilities\\/isdebuild arm-none-eabi-gcc -mcpu=cortex-m4 -mthumb -mfloat-abi=hard -mfpu=fpv4-sp-d16 -O2 -fmessage-length=0 -fsigned-char -ffunction-sections -fdata-sections -Wunused -Wuninitialized -Wall -Wextra -Wmissing-declarations -Wconversion -Wpointer-arith -Wshadow -Wlogical-op -Waggregate-return -Wfloat-equal  -g3 -D_RENESAS_SYNERGY_ -I"C:\Users\gabri\Documentos\Faculdade\Embarcados\entregados\lab7b\src" -I"C:\Users\gabri\Documentos\Faculdade\Embarcados\entregados\lab7b\src\synergy_gen" -I"C:\Users\gabri\Documentos\Faculdade\Embarcados\entregados\lab7b\synergy_cfg\ssp_cfg\bsp" -I"C:\Users\gabri\Documentos\Faculdade\Embarcados\entregados\lab7b\synergy_cfg\ssp_cfg\driver" -I"C:\Users\gabri\Documentos\Faculdade\Embarcados\entregados\lab7b\synergy\ssp\inc" -I"C:\Users\gabri\Documentos\Faculdade\Embarcados\entregados\lab7b\synergy\ssp\inc\bsp" -I"C:\Users\gabri\Documentos\Faculdade\Embarcados\entregados\lab7b\synergy\ssp\inc\bsp\cmsis\Include" -I"C:\Users\gabri\Documentos\Faculdade\Embarcados\entregados\lab7b\synergy\ssp\inc\driver\api" -I"C:\Users\gabri\Documentos\Faculdade\Embarcados\entregados\lab7b\synergy\ssp\inc\driver\instances" -I"C:\Users\gabri\Documentos\Faculdade\Embarcados\entregados\lab7b\synergy_cfg\ssp_cfg\framework\el" -I"C:\Users\gabri\Documentos\Faculdade\Embarcados\entregados\lab7b\synergy\ssp\inc\framework\el" -I"C:\Users\gabri\Documentos\Faculdade\Embarcados\entregados\lab7b\synergy\ssp\src\framework\el\tx" -std=c99 -MMD -MP -MF"synergy/ssp/src/bsp/mcu/all/bsp_delay.d" -MT"synergy/ssp/src/bsp/mcu/all/bsp_delay.o" -c -o "synergy/ssp/src/bsp/mcu/all/bsp_delay.o" -x c "../synergy/ssp/src/bsp/mcu/all/bsp_delay.c"
'Finished building: ../synergy/ssp/src/bsp/mcu/s7g2/bsp_rom_registers.c'
' '
'Building file: ../synergy/ssp/src/bsp/mcu/all/bsp_irq.c'
'Invoking: GNU ARM Cross C Compiler'
C:\Renesas\Synergy\e2studio_v7.5.1_ssp_v1.7.8\Utilities\\/isdebuild arm-none-eabi-gcc -mcpu=cortex-m4 -mthumb -mfloat-abi=hard -mfpu=fpv4-sp-d16 -O2 -fmessage-length=0 -fsigned-char -ffunction-sections -fdata-sections -Wunused -Wuninitialized -Wall -Wextra -Wmissing-declarations -Wconversion -Wpointer-arith -Wshadow -Wlogical-op -Waggregate-return -Wfloat-equal  -g3 -D_RENESAS_SYNERGY_ -I"C:\Users\gabri\Documentos\Faculdade\Embarcados\entregados\lab7b\src" -I"C:\Users\gabri\Documentos\Faculdade\Embarcados\entregados\lab7b\src\synergy_gen" -I"C:\Users\gabri\Documentos\Faculdade\Embarcados\entregados\lab7b\synergy_cfg\ssp_cfg\bsp" -I"C:\Users\gabri\Documentos\Faculdade\Embarcados\entregados\lab7b\synergy_cfg\ssp_cfg\driver" -I"C:\Users\gabri\Documentos\Faculdade\Embarcados\entregados\lab7b\synergy\ssp\inc" -I"C:\Users\gabri\Documentos\Faculdade\Embarcados\entregados\lab7b\synergy\ssp\inc\bsp" -I"C:\Users\gabri\Documentos\Faculdade\Embarcados\entregados\lab7b\synergy\ssp\inc\bsp\cmsis\Include" -I"C:\Users\gabri\Documentos\Faculdade\Embarcados\entregados\lab7b\synergy\ssp\inc\driver\api" -I"C:\Users\gabri\Documentos\Faculdade\Embarcados\entregados\lab7b\synergy\ssp\inc\driver\instances" -I"C:\Users\gabri\Documentos\Faculdade\Embarcados\entregados\lab7b\synergy_cfg\ssp_cfg\framework\el" -I"C:\Users\gabri\Documentos\Faculdade\Embarcados\entregados\lab7b\synergy\ssp\inc\framework\el" -I"C:\Users\gabri\Documentos\Faculdade\Embarcados\entregados\lab7b\synergy\ssp\src\framework\el\tx" -std=c99 -MMD -MP -MF"synergy/ssp/src/bsp/mcu/all/bsp_irq.d" -MT"synergy/ssp/src/bsp/mcu/all/bsp_irq.o" -c -o "synergy/ssp/src/bsp/mcu/all/bsp_irq.o" -x c "../synergy/ssp/src/bsp/mcu/all/bsp_irq.c"
'Finished building: ../synergy/ssp/src/bsp/mcu/all/bsp_common.c'
' '
'Building file: ../synergy/ssp/src/bsp/mcu/all/bsp_locking.c'
'Finished building: ../synergy/ssp/src/bsp/mcu/all/bsp_common_leds.c'
' '
'Invoking: GNU ARM Cross C Compiler'
C:\Renesas\Synergy\e2studio_v7.5.1_ssp_v1.7.8\Utilities\\/isdebuild arm-none-eabi-gcc -mcpu=cortex-m4 -mthumb -mfloat-abi=hard -mfpu=fpv4-sp-d16 -O2 -fmessage-length=0 -fsigned-char -ffunction-sections -fdata-sections -Wunused -Wuninitialized -Wall -Wextra -Wmissing-declarations -Wconversion -Wpointer-arith -Wshadow -Wlogical-op -Waggregate-return -Wfloat-equal  -g3 -D_RENESAS_SYNERGY_ -I"C:\Users\gabri\Documentos\Faculdade\Embarcados\entregados\lab7b\src" -I"C:\Users\gabri\Documentos\Faculdade\Embarcados\entregados\lab7b\src\synergy_gen" -I"C:\Users\gabri\Documentos\Faculdade\Embarcados\entregados\lab7b\synergy_cfg\ssp_cfg\bsp" -I"C:\Users\gabri\Documentos\Faculdade\Embarcados\entregados\lab7b\synergy_cfg\ssp_cfg\driver" -I"C:\Users\gabri\Documentos\Faculdade\Embarcados\entregados\lab7b\synergy\ssp\inc" -I"C:\Users\gabri\Documentos\Faculdade\Embarcados\entregados\lab7b\synergy\ssp\inc\bsp" -I"C:\Users\gabri\Documentos\Faculdade\Embarcados\entregados\lab7b\synergy\ssp\inc\bsp\cmsis\Include" -I"C:\Users\gabri\Documentos\Faculdade\Embarcados\entregados\lab7b\synergy\ssp\inc\driver\api" -I"C:\Users\gabri\Documentos\Faculdade\Embarcados\entregados\lab7b\synergy\ssp\inc\driver\instances" -I"C:\Users\gabri\Documentos\Faculdade\Embarcados\entregados\lab7b\synergy_cfg\ssp_cfg\framework\el" -I"C:\Users\gabri\Documentos\Faculdade\Embarcados\entregados\lab7b\synergy\ssp\inc\framework\el" -I"C:\Users\gabri\Documentos\Faculdade\Embarcados\entregados\lab7b\synergy\ssp\src\framework\el\tx" -std=c99 -MMD -MP -MF"synergy/ssp/src/bsp/mcu/all/bsp_locking.d" -MT"synergy/ssp/src/bsp/mcu/all/bsp_locking.o" -c -o "synergy/ssp/src/bsp/mcu/all/bsp_locking.o" -x c "../synergy/ssp/src/bsp/mcu/all/bsp_locking.c"
'Building file: ../synergy/ssp/src/bsp/mcu/all/bsp_register_protection.c'
'Invoking: GNU ARM Cross C Compiler'
C:\Renesas\Synergy\e2studio_v7.5.1_ssp_v1.7.8\Utilities\\/isdebuild arm-none-eabi-gcc -mcpu=cortex-m4 -mthumb -mfloat-abi=hard -mfpu=fpv4-sp-d16 -O2 -fmessage-length=0 -fsigned-char -ffunction-sections -fdata-sections -Wunused -Wuninitialized -Wall -Wextra -Wmissing-declarations -Wconversion -Wpointer-arith -Wshadow -Wlogical-op -Waggregate-return -Wfloat-equal  -g3 -D_RENESAS_SYNERGY_ -I"C:\Users\gabri\Documentos\Faculdade\Embarcados\entregados\lab7b\src" -I"C:\Users\gabri\Documentos\Faculdade\Embarcados\entregados\lab7b\src\synergy_gen" -I"C:\Users\gabri\Documentos\Faculdade\Embarcados\entregados\lab7b\synergy_cfg\ssp_cfg\bsp" -I"C:\Users\gabri\Documentos\Faculdade\Embarcados\entregados\lab7b\synergy_cfg\ssp_cfg\driver" -I"C:\Users\gabri\Documentos\Faculdade\Embarcados\entregados\lab7b\synergy\ssp\inc" -I"C:\Users\gabri\Documentos\Faculdade\Embarcados\entregados\lab7b\synergy\ssp\inc\bsp" -I"C:\Users\gabri\Documentos\Faculdade\Embarcados\entregados\lab7b\synergy\ssp\inc\bsp\cmsis\Include" -I"C:\Users\gabri\Documentos\Faculdade\Embarcados\entregados\lab7b\synergy\ssp\inc\driver\api" -I"C:\Users\gabri\Documentos\Faculdade\Embarcados\entregados\lab7b\synergy\ssp\inc\driver\instances" -I"C:\Users\gabri\Documentos\Faculdade\Embarcados\entregados\lab7b\synergy_cfg\ssp_cfg\framework\el" -I"C:\Users\gabri\Documentos\Faculdade\Embarcados\entregados\lab7b\synergy\ssp\inc\framework\el" -I"C:\Users\gabri\Documentos\Faculdade\Embarcados\entregados\lab7b\synergy\ssp\src\framework\el\tx" -std=c99 -MMD -MP -MF"synergy/ssp/src/bsp/mcu/all/bsp_register_protection.d" -MT"synergy/ssp/src/bsp/mcu/all/bsp_register_protection.o" -c -o "synergy/ssp/src/bsp/mcu/all/bsp_register_protection.o" -x c "../synergy/ssp/src/bsp/mcu/all/bsp_register_protection.c"
'Finished building: ../synergy/ssp/src/bsp/mcu/all/bsp_delay.c'
' '
'Building file: ../synergy/ssp/src/bsp/mcu/all/bsp_sbrk.c'
'Invoking: GNU ARM Cross C Compiler'
C:\Renesas\Synergy\e2studio_v7.5.1_ssp_v1.7.8\Utilities\\/isdebuild arm-none-eabi-gcc -mcpu=cortex-m4 -mthumb -mfloat-abi=hard -mfpu=fpv4-sp-d16 -O2 -fmessage-length=0 -fsigned-char -ffunction-sections -fdata-sections -Wunused -Wuninitialized -Wall -Wextra -Wmissing-declarations -Wconversion -Wpointer-arith -Wshadow -Wlogical-op -Waggregate-return -Wfloat-equal  -g3 -D_RENESAS_SYNERGY_ -I"C:\Users\gabri\Documentos\Faculdade\Embarcados\entregados\lab7b\src" -I"C:\Users\gabri\Documentos\Faculdade\Embarcados\entregados\lab7b\src\synergy_gen" -I"C:\Users\gabri\Documentos\Faculdade\Embarcados\entregados\lab7b\synergy_cfg\ssp_cfg\bsp" -I"C:\Users\gabri\Documentos\Faculdade\Embarcados\entregados\lab7b\synergy_cfg\ssp_cfg\driver" -I"C:\Users\gabri\Documentos\Faculdade\Embarcados\entregados\lab7b\synergy\ssp\inc" -I"C:\Users\gabri\Documentos\Faculdade\Embarcados\entregados\lab7b\synergy\ssp\inc\bsp" -I"C:\Users\gabri\Documentos\Faculdade\Embarcados\entregados\lab7b\synergy\ssp\inc\bsp\cmsis\Include" -I"C:\Users\gabri\Documentos\Faculdade\Embarcados\entregados\lab7b\synergy\ssp\inc\driver\api" -I"C:\Users\gabri\Documentos\Faculdade\Embarcados\entregados\lab7b\synergy\ssp\inc\driver\instances" -I"C:\Users\gabri\Documentos\Faculdade\Embarcados\entregados\lab7b\synergy_cfg\ssp_cfg\framework\el" -I"C:\Users\gabri\Documentos\Faculdade\Embarcados\entregados\lab7b\synergy\ssp\inc\framework\el" -I"C:\Users\gabri\Documentos\Faculdade\Embarcados\entregados\lab7b\synergy\ssp\src\framework\el\tx" -std=c99 -MMD -MP -MF"synergy/ssp/src/bsp/mcu/all/bsp_sbrk.d" -MT"synergy/ssp/src/bsp/mcu/all/bsp_sbrk.o" -c -o "synergy/ssp/src/bsp/mcu/all/bsp_sbrk.o" -x c "../synergy/ssp/src/bsp/mcu/all/bsp_sbrk.c"
'Finished building: ../synergy/ssp/src/bsp/mcu/all/bsp_irq.c'
' '
'Finished building: ../synergy/ssp/src/bsp/mcu/all/bsp_locking.c'
'Building file: ../synergy/ssp/src/bsp/cmsis/Device/RENESAS/S7G2/Source/startup_S7G2.c'
' '
'Finished building: ../synergy/ssp/src/bsp/mcu/all/bsp_register_protection.c'
'Invoking: GNU ARM Cross C Compiler'
C:\Renesas\Synergy\e2studio_v7.5.1_ssp_v1.7.8\Utilities\\/isdebuild arm-none-eabi-gcc -mcpu=cortex-m4 -mthumb -mfloat-abi=hard -mfpu=fpv4-sp-d16 -O2 -fmessage-length=0 -fsigned-char -ffunction-sections -fdata-sections -Wunused -Wuninitialized -Wall -Wextra -Wmissing-declarations -Wconversion -Wpointer-arith -Wshadow -Wlogical-op -Waggregate-return -Wfloat-equal  -g3 -D_RENESAS_SYNERGY_ -I"C:\Users\gabri\Documentos\Faculdade\Embarcados\entregados\lab7b\src" -I"C:\Users\gabri\Documentos\Faculdade\Embarcados\entregados\lab7b\src\synergy_gen" -I"C:\Users\gabri\Documentos\Faculdade\Embarcados\entregados\lab7b\synergy_cfg\ssp_cfg\bsp" -I"C:\Users\gabri\Documentos\Faculdade\Embarcados\entregados\lab7b\synergy_cfg\ssp_cfg\driver" -I"C:\Users\gabri\Documentos\Faculdade\Embarcados\entregados\lab7b\synergy\ssp\inc" -I"C:\Users\gabri\Documentos\Faculdade\Embarcados\entregados\lab7b\synergy\ssp\inc\bsp" -I"C:\Users\gabri\Documentos\Faculdade\Embarcados\entregados\lab7b\synergy\ssp\inc\bsp\cmsis\Include" -I"C:\Users\gabri\Documentos\Faculdade\Embarcados\entregados\lab7b\synergy\ssp\inc\driver\api" -I"C:\Users\gabri\Documentos\Faculdade\Embarcados\entregados\lab7b\synergy\ssp\inc\driver\instances" -I"C:\Users\gabri\Documentos\Faculdade\Embarcados\entregados\lab7b\synergy_cfg\ssp_cfg\framework\el" -I"C:\Users\gabri\Documentos\Faculdade\Embarcados\entregados\lab7b\synergy\ssp\inc\framework\el" -I"C:\Users\gabri\Documentos\Faculdade\Embarcados\entregados\lab7b\synergy\ssp\src\framework\el\tx" -std=c99 -MMD -MP -MF"synergy/ssp/src/bsp/cmsis/Device/RENESAS/S7G2/Source/startup_S7G2.d" -MT"synergy/ssp/src/bsp/cmsis/Device/RENESAS/S7G2/Source/startup_S7G2.o" -c -o "synergy/ssp/src/bsp/cmsis/Device/RENESAS/S7G2/Source/startup_S7G2.o" -x c "../synergy/ssp/src/bsp/cmsis/Device/RENESAS/S7G2/Source/startup_S7G2.c"
'Building file: ../synergy/ssp/src/bsp/cmsis/Device/RENESAS/S7G2/Source/system_S7G2.c'
' '
'Invoking: GNU ARM Cross C Compiler'
'Building file: ../synergy/board/s7g2_sk/bsp_init.c'
C:\Renesas\Synergy\e2studio_v7.5.1_ssp_v1.7.8\Utilities\\/isdebuild arm-none-eabi-gcc -mcpu=cortex-m4 -mthumb -mfloat-abi=hard -mfpu=fpv4-sp-d16 -O2 -fmessage-length=0 -fsigned-char -ffunction-sections -fdata-sections -Wunused -Wuninitialized -Wall -Wextra -Wmissing-declarations -Wconversion -Wpointer-arith -Wshadow -Wlogical-op -Waggregate-return -Wfloat-equal  -g3 -D_RENESAS_SYNERGY_ -I"C:\Users\gabri\Documentos\Faculdade\Embarcados\entregados\lab7b\src" -I"C:\Users\gabri\Documentos\Faculdade\Embarcados\entregados\lab7b\src\synergy_gen" -I"C:\Users\gabri\Documentos\Faculdade\Embarcados\entregados\lab7b\synergy_cfg\ssp_cfg\bsp" -I"C:\Users\gabri\Documentos\Faculdade\Embarcados\entregados\lab7b\synergy_cfg\ssp_cfg\driver" -I"C:\Users\gabri\Documentos\Faculdade\Embarcados\entregados\lab7b\synergy\ssp\inc" -I"C:\Users\gabri\Documentos\Faculdade\Embarcados\entregados\lab7b\synergy\ssp\inc\bsp" -I"C:\Users\gabri\Documentos\Faculdade\Embarcados\entregados\lab7b\synergy\ssp\inc\bsp\cmsis\Include" -I"C:\Users\gabri\Documentos\Faculdade\Embarcados\entregados\lab7b\synergy\ssp\inc\driver\api" -I"C:\Users\gabri\Documentos\Faculdade\Embarcados\entregados\lab7b\synergy\ssp\inc\driver\instances" -I"C:\Users\gabri\Documentos\Faculdade\Embarcados\entregados\lab7b\synergy_cfg\ssp_cfg\framework\el" -I"C:\Users\gabri\Documentos\Faculdade\Embarcados\entregados\lab7b\synergy\ssp\inc\framework\el" -I"C:\Users\gabri\Documentos\Faculdade\Embarcados\entregados\lab7b\synergy\ssp\src\framework\el\tx" -std=c99 -MMD -MP -MF"synergy/ssp/src/bsp/cmsis/Device/RENESAS/S7G2/Source/system_S7G2.d" -MT"synergy/ssp/src/bsp/cmsis/Device/RENESAS/S7G2/Source/system_S7G2.o" -c -o "synergy/ssp/src/bsp/cmsis/Device/RENESAS/S7G2/Source/system_S7G2.o" -x c "../synergy/ssp/src/bsp/cmsis/Device/RENESAS/S7G2/Source/system_S7G2.c"
'Invoking: GNU ARM Cross C Compiler'
C:\Renesas\Synergy\e2studio_v7.5.1_ssp_v1.7.8\Utilities\\/isdebuild arm-none-eabi-gcc -mcpu=cortex-m4 -mthumb -mfloat-abi=hard -mfpu=fpv4-sp-d16 -O2 -fmessage-length=0 -fsigned-char -ffunction-sections -fdata-sections -Wunused -Wuninitialized -Wall -Wextra -Wmissing-declarations -Wconversion -Wpointer-arith -Wshadow -Wlogical-op -Waggregate-return -Wfloat-equal  -g3 -D_RENESAS_SYNERGY_ -I"C:\Users\gabri\Documentos\Faculdade\Embarcados\entregados\lab7b\src" -I"C:\Users\gabri\Documentos\Faculdade\Embarcados\entregados\lab7b\src\synergy_gen" -I"C:\Users\gabri\Documentos\Faculdade\Embarcados\entregados\lab7b\synergy_cfg\ssp_cfg\bsp" -I"C:\Users\gabri\Documentos\Faculdade\Embarcados\entregados\lab7b\synergy_cfg\ssp_cfg\driver" -I"C:\Users\gabri\Documentos\Faculdade\Embarcados\entregados\lab7b\synergy\ssp\inc" -I"C:\Users\gabri\Documentos\Faculdade\Embarcados\entregados\lab7b\synergy\ssp\inc\bsp" -I"C:\Users\gabri\Documentos\Faculdade\Embarcados\entregados\lab7b\synergy\ssp\inc\bsp\cmsis\Include" -I"C:\Users\gabri\Documentos\Faculdade\Embarcados\entregados\lab7b\synergy\ssp\inc\driver\api" -I"C:\Users\gabri\Documentos\Faculdade\Embarcados\entregados\lab7b\synergy\ssp\inc\driver\instances" -I"C:\Users\gabri\Documentos\Faculdade\Embarcados\entregados\lab7b\synergy_cfg\ssp_cfg\framework\el" -I"C:\Users\gabri\Documentos\Faculdade\Embarcados\entregados\lab7b\synergy\ssp\inc\framework\el" -I"C:\Users\gabri\Documentos\Faculdade\Embarcados\entregados\lab7b\synergy\ssp\src\framework\el\tx" -std=c99 -MMD -MP -MF"synergy/board/s7g2_sk/bsp_init.d" -MT"synergy/board/s7g2_sk/bsp_init.o" -c -o "synergy/board/s7g2_sk/bsp_init.o" -x c "../synergy/board/s7g2_sk/bsp_init.c"
'Finished building: ../synergy/ssp/src/bsp/mcu/all/bsp_sbrk.c'
' '
'Building file: ../synergy/board/s7g2_sk/bsp_leds.c'
'Invoking: GNU ARM Cross C Compiler'
'Finished building: ../synergy/ssp/src/bsp/cmsis/Device/RENESAS/S7G2/Source/startup_S7G2.c'
C:\Renesas\Synergy\e2studio_v7.5.1_ssp_v1.7.8\Utilities\\/isdebuild arm-none-eabi-gcc -mcpu=cortex-m4 -mthumb -mfloat-abi=hard -mfpu=fpv4-sp-d16 -O2 -fmessage-length=0 -fsigned-char -ffunction-sections -fdata-sections -Wunused -Wuninitialized -Wall -Wextra -Wmissing-declarations -Wconversion -Wpointer-arith -Wshadow -Wlogical-op -Waggregate-return -Wfloat-equal  -g3 -D_RENESAS_SYNERGY_ -I"C:\Users\gabri\Documentos\Faculdade\Embarcados\entregados\lab7b\src" -I"C:\Users\gabri\Documentos\Faculdade\Embarcados\entregados\lab7b\src\synergy_gen" -I"C:\Users\gabri\Documentos\Faculdade\Embarcados\entregados\lab7b\synergy_cfg\ssp_cfg\bsp" -I"C:\Users\gabri\Documentos\Faculdade\Embarcados\entregados\lab7b\synergy_cfg\ssp_cfg\driver" -I"C:\Users\gabri\Documentos\Faculdade\Embarcados\entregados\lab7b\synergy\ssp\inc" -I"C:\Users\gabri\Documentos\Faculdade\Embarcados\entregados\lab7b\synergy\ssp\inc\bsp" -I"C:\Users\gabri\Documentos\Faculdade\Embarcados\entregados\lab7b\synergy\ssp\inc\bsp\cmsis\Include" -I"C:\Users\gabri\Documentos\Faculdade\Embarcados\entregados\lab7b\synergy\ssp\inc\driver\api" -I"C:\Users\gabri\Documentos\Faculdade\Embarcados\entregados\lab7b\synergy\ssp\inc\driver\instances" -I"C:\Users\gabri\Documentos\Faculdade\Embarcados\entregados\lab7b\synergy_cfg\ssp_cfg\framework\el" -I"C:\Users\gabri\Documentos\Faculdade\Embarcados\entregados\lab7b\synergy\ssp\inc\framework\el" -I"C:\Users\gabri\Documentos\Faculdade\Embarcados\entregados\lab7b\synergy\ssp\src\framework\el\tx" -std=c99 -MMD -MP -MF"synergy/board/s7g2_sk/bsp_leds.d" -MT"synergy/board/s7g2_sk/bsp_leds.o" -c -o "synergy/board/s7g2_sk/bsp_leds.o" -x c "../synergy/board/s7g2_sk/bsp_leds.c"
' '
'Building file: ../synergy/board/s7g2_sk/bsp_qspi.c'
'Finished building: ../synergy/board/s7g2_sk/bsp_init.c'
'Invoking: GNU ARM Cross C Compiler'
'Finished building: ../synergy/ssp/src/bsp/cmsis/Device/RENESAS/S7G2/Source/system_S7G2.c'
C:\Renesas\Synergy\e2studio_v7.5.1_ssp_v1.7.8\Utilities\\/isdebuild arm-none-eabi-gcc -mcpu=cortex-m4 -mthumb -mfloat-abi=hard -mfpu=fpv4-sp-d16 -O2 -fmessage-length=0 -fsigned-char -ffunction-sections -fdata-sections -Wunused -Wuninitialized -Wall -Wextra -Wmissing-declarations -Wconversion -Wpointer-arith -Wshadow -Wlogical-op -Waggregate-return -Wfloat-equal  -g3 -D_RENESAS_SYNERGY_ -I"C:\Users\gabri\Documentos\Faculdade\Embarcados\entregados\lab7b\src" -I"C:\Users\gabri\Documentos\Faculdade\Embarcados\entregados\lab7b\src\synergy_gen" -I"C:\Users\gabri\Documentos\Faculdade\Embarcados\entregados\lab7b\synergy_cfg\ssp_cfg\bsp" -I"C:\Users\gabri\Documentos\Faculdade\Embarcados\entregados\lab7b\synergy_cfg\ssp_cfg\driver" -I"C:\Users\gabri\Documentos\Faculdade\Embarcados\entregados\lab7b\synergy\ssp\inc" -I"C:\Users\gabri\Documentos\Faculdade\Embarcados\entregados\lab7b\synergy\ssp\inc\bsp" -I"C:\Users\gabri\Documentos\Faculdade\Embarcados\entregados\lab7b\synergy\ssp\inc\bsp\cmsis\Include" -I"C:\Users\gabri\Documentos\Faculdade\Embarcados\entregados\lab7b\synergy\ssp\inc\driver\api" -I"C:\Users\gabri\Documentos\Faculdade\Embarcados\entregados\lab7b\synergy\ssp\inc\driver\instances" -I"C:\Users\gabri\Documentos\Faculdade\Embarcados\entregados\lab7b\synergy_cfg\ssp_cfg\framework\el" -I"C:\Users\gabri\Documentos\Faculdade\Embarcados\entregados\lab7b\synergy\ssp\inc\framework\el" -I"C:\Users\gabri\Documentos\Faculdade\Embarcados\entregados\lab7b\synergy\ssp\src\framework\el\tx" -std=c99 -MMD -MP -MF"synergy/board/s7g2_sk/bsp_qspi.d" -MT"synergy/board/s7g2_sk/bsp_qspi.o" -c -o "synergy/board/s7g2_sk/bsp_qspi.o" -x c "../synergy/board/s7g2_sk/bsp_qspi.c"
' '
' '
'Building file: ../src/synergy_gen/blinky_thread.c'
'Building file: ../src/synergy_gen/common_data.c'
'Invoking: GNU ARM Cross C Compiler'
C:\Renesas\Synergy\e2studio_v7.5.1_ssp_v1.7.8\Utilities\\/isdebuild arm-none-eabi-gcc -mcpu=cortex-m4 -mthumb -mfloat-abi=hard -mfpu=fpv4-sp-d16 -O2 -fmessage-length=0 -fsigned-char -ffunction-sections -fdata-sections -Wunused -Wuninitialized -Wall -Wextra -Wmissing-declarations -Wconversion -Wpointer-arith -Wshadow -Wlogical-op -Waggregate-return -Wfloat-equal  -g3 -D_RENESAS_SYNERGY_ -I"C:\Users\gabri\Documentos\Faculdade\Embarcados\entregados\lab7b\src" -I"C:\Users\gabri\Documentos\Faculdade\Embarcados\entregados\lab7b\src\synergy_gen" -I"C:\Users\gabri\Documentos\Faculdade\Embarcados\entregados\lab7b\synergy_cfg\ssp_cfg\bsp" -I"C:\Users\gabri\Documentos\Faculdade\Embarcados\entregados\lab7b\synergy_cfg\ssp_cfg\driver" -I"C:\Users\gabri\Documentos\Faculdade\Embarcados\entregados\lab7b\synergy\ssp\inc" -I"C:\Users\gabri\Documentos\Faculdade\Embarcados\entregados\lab7b\synergy\ssp\inc\bsp" -I"C:\Users\gabri\Documentos\Faculdade\Embarcados\entregados\lab7b\synergy\ssp\inc\bsp\cmsis\Include" -I"C:\Users\gabri\Documentos\Faculdade\Embarcados\entregados\lab7b\synergy\ssp\inc\driver\api" -I"C:\Users\gabri\Documentos\Faculdade\Embarcados\entregados\lab7b\synergy\ssp\inc\driver\instances" -I"C:\Users\gabri\Documentos\Faculdade\Embarcados\entregados\lab7b\synergy_cfg\ssp_cfg\framework\el" -I"C:\Users\gabri\Documentos\Faculdade\Embarcados\entregados\lab7b\synergy\ssp\inc\framework\el" -I"C:\Users\gabri\Documentos\Faculdade\Embarcados\entregados\lab7b\synergy\ssp\src\framework\el\tx" -std=c99 -MMD -MP -MF"src/synergy_gen/blinky_thread.d" -MT"src/synergy_gen/blinky_thread.o" -c -o "src/synergy_gen/blinky_thread.o" -x c "../src/synergy_gen/blinky_thread.c"
'Invoking: GNU ARM Cross C Compiler'
C:\Renesas\Synergy\e2studio_v7.5.1_ssp_v1.7.8\Utilities\\/isdebuild arm-none-eabi-gcc -mcpu=cortex-m4 -mthumb -mfloat-abi=hard -mfpu=fpv4-sp-d16 -O2 -fmessage-length=0 -fsigned-char -ffunction-sections -fdata-sections -Wunused -Wuninitialized -Wall -Wextra -Wmissing-declarations -Wconversion -Wpointer-arith -Wshadow -Wlogical-op -Waggregate-return -Wfloat-equal  -g3 -D_RENESAS_SYNERGY_ -I"C:\Users\gabri\Documentos\Faculdade\Embarcados\entregados\lab7b\src" -I"C:\Users\gabri\Documentos\Faculdade\Embarcados\entregados\lab7b\src\synergy_gen" -I"C:\Users\gabri\Documentos\Faculdade\Embarcados\entregados\lab7b\synergy_cfg\ssp_cfg\bsp" -I"C:\Users\gabri\Documentos\Faculdade\Embarcados\entregados\lab7b\synergy_cfg\ssp_cfg\driver" -I"C:\Users\gabri\Documentos\Faculdade\Embarcados\entregados\lab7b\synergy\ssp\inc" -I"C:\Users\gabri\Documentos\Faculdade\Embarcados\entregados\lab7b\synergy\ssp\inc\bsp" -I"C:\Users\gabri\Documentos\Faculdade\Embarcados\entregados\lab7b\synergy\ssp\inc\bsp\cmsis\Include" -I"C:\Users\gabri\Documentos\Faculdade\Embarcados\entregados\lab7b\synergy\ssp\inc\driver\api" -I"C:\Users\gabri\Documentos\Faculdade\Embarcados\entregados\lab7b\synergy\ssp\inc\driver\instances" -I"C:\Users\gabri\Documentos\Faculdade\Embarcados\entregados\lab7b\synergy_cfg\ssp_cfg\framework\el" -I"C:\Users\gabri\Documentos\Faculdade\Embarcados\entregados\lab7b\synergy\ssp\inc\framework\el" -I"C:\Users\gabri\Documentos\Faculdade\Embarcados\entregados\lab7b\synergy\ssp\src\framework\el\tx" -std=c99 -MMD -MP -MF"src/synergy_gen/common_data.d" -MT"src/synergy_gen/common_data.o" -c -o "src/synergy_gen/common_data.o" -x c "../src/synergy_gen/common_data.c"
'Finished building: ../synergy/board/s7g2_sk/bsp_leds.c'
' '
'Building file: ../src/synergy_gen/hal_data.c'
'Invoking: GNU ARM Cross C Compiler'
'Finished building: ../synergy/board/s7g2_sk/bsp_qspi.c'
C:\Renesas\Synergy\e2studio_v7.5.1_ssp_v1.7.8\Utilities\\/isdebuild arm-none-eabi-gcc -mcpu=cortex-m4 -mthumb -mfloat-abi=hard -mfpu=fpv4-sp-d16 -O2 -fmessage-length=0 -fsigned-char -ffunction-sections -fdata-sections -Wunused -Wuninitialized -Wall -Wextra -Wmissing-declarations -Wconversion -Wpointer-arith -Wshadow -Wlogical-op -Waggregate-return -Wfloat-equal  -g3 -D_RENESAS_SYNERGY_ -I"C:\Users\gabri\Documentos\Faculdade\Embarcados\entregados\lab7b\src" -I"C:\Users\gabri\Documentos\Faculdade\Embarcados\entregados\lab7b\src\synergy_gen" -I"C:\Users\gabri\Documentos\Faculdade\Embarcados\entregados\lab7b\synergy_cfg\ssp_cfg\bsp" -I"C:\Users\gabri\Documentos\Faculdade\Embarcados\entregados\lab7b\synergy_cfg\ssp_cfg\driver" -I"C:\Users\gabri\Documentos\Faculdade\Embarcados\entregados\lab7b\synergy\ssp\inc" -I"C:\Users\gabri\Documentos\Faculdade\Embarcados\entregados\lab7b\synergy\ssp\inc\bsp" -I"C:\Users\gabri\Documentos\Faculdade\Embarcados\entregados\lab7b\synergy\ssp\inc\bsp\cmsis\Include" -I"C:\Users\gabri\Documentos\Faculdade\Embarcados\entregados\lab7b\synergy\ssp\inc\driver\api" -I"C:\Users\gabri\Documentos\Faculdade\Embarcados\entregados\lab7b\synergy\ssp\inc\driver\instances" -I"C:\Users\gabri\Documentos\Faculdade\Embarcados\entregados\lab7b\synergy_cfg\ssp_cfg\framework\el" -I"C:\Users\gabri\Documentos\Faculdade\Embarcados\entregados\lab7b\synergy\ssp\inc\framework\el" -I"C:\Users\gabri\Documentos\Faculdade\Embarcados\entregados\lab7b\synergy\ssp\src\framework\el\tx" -std=c99 -MMD -MP -MF"src/synergy_gen/hal_data.d" -MT"src/synergy_gen/hal_data.o" -c -o "src/synergy_gen/hal_data.o" -x c "../src/synergy_gen/hal_data.c"
' '
'Building file: ../src/synergy_gen/main.c'
'Finished building: ../src/synergy_gen/blinky_thread.c'
'Finished building: ../src/synergy_gen/common_data.c'
'Invoking: GNU ARM Cross C Compiler'
C:\Renesas\Synergy\e2studio_v7.5.1_ssp_v1.7.8\Utilities\\/isdebuild arm-none-eabi-gcc -mcpu=cortex-m4 -mthumb -mfloat-abi=hard -mfpu=fpv4-sp-d16 -O2 -fmessage-length=0 -fsigned-char -ffunction-sections -fdata-sections -Wunused -Wuninitialized -Wall -Wextra -Wmissing-declarations -Wconversion -Wpointer-arith -Wshadow -Wlogical-op -Waggregate-return -Wfloat-equal  -g3 -D_RENESAS_SYNERGY_ -I"C:\Users\gabri\Documentos\Faculdade\Embarcados\entregados\lab7b\src" -I"C:\Users\gabri\Documentos\Faculdade\Embarcados\entregados\lab7b\src\synergy_gen" -I"C:\Users\gabri\Documentos\Faculdade\Embarcados\entregados\lab7b\synergy_cfg\ssp_cfg\bsp" -I"C:\Users\gabri\Documentos\Faculdade\Embarcados\entregados\lab7b\synergy_cfg\ssp_cfg\driver" -I"C:\Users\gabri\Documentos\Faculdade\Embarcados\entregados\lab7b\synergy\ssp\inc" -I"C:\Users\gabri\Documentos\Faculdade\Embarcados\entregados\lab7b\synergy\ssp\inc\bsp" -I"C:\Users\gabri\Documentos\Faculdade\Embarcados\entregados\lab7b\synergy\ssp\inc\bsp\cmsis\Include" -I"C:\Users\gabri\Documentos\Faculdade\Embarcados\entregados\lab7b\synergy\ssp\inc\driver\api" -I"C:\Users\gabri\Documentos\Faculdade\Embarcados\entregados\lab7b\synergy\ssp\inc\driver\instances" -I"C:\Users\gabri\Documentos\Faculdade\Embarcados\entregados\lab7b\synergy_cfg\ssp_cfg\framework\el" -I"C:\Users\gabri\Documentos\Faculdade\Embarcados\entregados\lab7b\synergy\ssp\inc\framework\el" -I"C:\Users\gabri\Documentos\Faculdade\Embarcados\entregados\lab7b\synergy\ssp\src\framework\el\tx" -std=c99 -MMD -MP -MF"src/synergy_gen/main.d" -MT"src/synergy_gen/main.o" -c -o "src/synergy_gen/main.o" -x c "../src/synergy_gen/main.c"
' '
' '
'Building file: ../src/synergy_gen/pin_data.c'
'Invoking: GNU ARM Cross C Compiler'
C:\Renesas\Synergy\e2studio_v7.5.1_ssp_v1.7.8\Utilities\\/isdebuild arm-none-eabi-gcc -mcpu=cortex-m4 -mthumb -mfloat-abi=hard -mfpu=fpv4-sp-d16 -O2 -fmessage-length=0 -fsigned-char -ffunction-sections -fdata-sections -Wunused -Wuninitialized -Wall -Wextra -Wmissing-declarations -Wconversion -Wpointer-arith -Wshadow -Wlogical-op -Waggregate-return -Wfloat-equal  -g3 -D_RENESAS_SYNERGY_ -I"C:\Users\gabri\Documentos\Faculdade\Embarcados\entregados\lab7b\src" -I"C:\Users\gabri\Documentos\Faculdade\Embarcados\entregados\lab7b\src\synergy_gen" -I"C:\Users\gabri\Documentos\Faculdade\Embarcados\entregados\lab7b\synergy_cfg\ssp_cfg\bsp" -I"C:\Users\gabri\Documentos\Faculdade\Embarcados\entregados\lab7b\synergy_cfg\ssp_cfg\driver" -I"C:\Users\gabri\Documentos\Faculdade\Embarcados\entregados\lab7b\synergy\ssp\inc" -I"C:\Users\gabri\Documentos\Faculdade\Embarcados\entregados\lab7b\synergy\ssp\inc\bsp" -I"C:\Users\gabri\Documentos\Faculdade\Embarcados\entregados\lab7b\synergy\ssp\inc\bsp\cmsis\Include" -I"C:\Users\gabri\Documentos\Faculdade\Embarcados\entregados\lab7b\synergy\ssp\inc\driver\api" -I"C:\Users\gabri\Documentos\Faculdade\Embarcados\entregados\lab7b\synergy\ssp\inc\driver\instances" -I"C:\Users\gabri\Documentos\Faculdade\Embarcados\entregados\lab7b\synergy_cfg\ssp_cfg\framework\el" -I"C:\Users\gabri\Documentos\Faculdade\Embarcados\entregados\lab7b\synergy\ssp\inc\framework\el" -I"C:\Users\gabri\Documentos\Faculdade\Embarcados\entregados\lab7b\synergy\ssp\src\framework\el\tx" -std=c99 -MMD -MP -MF"src/synergy_gen/pin_data.d" -MT"src/synergy_gen/pin_data.o" -c -o "src/synergy_gen/pin_data.o" -x c "../src/synergy_gen/pin_data.c"
'Building file: ../src/synergy_gen/thread_0_entry.c'
'Invoking: GNU ARM Cross C Compiler'
C:\Renesas\Synergy\e2studio_v7.5.1_ssp_v1.7.8\Utilities\\/isdebuild arm-none-eabi-gcc -mcpu=cortex-m4 -mthumb -mfloat-abi=hard -mfpu=fpv4-sp-d16 -O2 -fmessage-length=0 -fsigned-char -ffunction-sections -fdata-sections -Wunused -Wuninitialized -Wall -Wextra -Wmissing-declarations -Wconversion -Wpointer-arith -Wshadow -Wlogical-op -Waggregate-return -Wfloat-equal  -g3 -D_RENESAS_SYNERGY_ -I"C:\Users\gabri\Documentos\Faculdade\Embarcados\entregados\lab7b\src" -I"C:\Users\gabri\Documentos\Faculdade\Embarcados\entregados\lab7b\src\synergy_gen" -I"C:\Users\gabri\Documentos\Faculdade\Embarcados\entregados\lab7b\synergy_cfg\ssp_cfg\bsp" -I"C:\Users\gabri\Documentos\Faculdade\Embarcados\entregados\lab7b\synergy_cfg\ssp_cfg\driver" -I"C:\Users\gabri\Documentos\Faculdade\Embarcados\entregados\lab7b\synergy\ssp\inc" -I"C:\Users\gabri\Documentos\Faculdade\Embarcados\entregados\lab7b\synergy\ssp\inc\bsp" -I"C:\Users\gabri\Documentos\Faculdade\Embarcados\entregados\lab7b\synergy\ssp\inc\bsp\cmsis\Include" -I"C:\Users\gabri\Documentos\Faculdade\Embarcados\entregados\lab7b\synergy\ssp\inc\driver\api" -I"C:\Users\gabri\Documentos\Faculdade\Embarcados\entregados\lab7b\synergy\ssp\inc\driver\instances" -I"C:\Users\gabri\Documentos\Faculdade\Embarcados\entregados\lab7b\synergy_cfg\ssp_cfg\framework\el" -I"C:\Users\gabri\Documentos\Faculdade\Embarcados\entregados\lab7b\synergy\ssp\inc\framework\el" -I"C:\Users\gabri\Documentos\Faculdade\Embarcados\entregados\lab7b\synergy\ssp\src\framework\el\tx" -std=c99 -MMD -MP -MF"src/synergy_gen/thread_0_entry.d" -MT"src/synergy_gen/thread_0_entry.o" -c -o "src/synergy_gen/thread_0_entry.o" -x c "../src/synergy_gen/thread_0_entry.c"
'Finished building: ../src/synergy_gen/hal_data.c'
' '
'Building file: ../src/synergy_gen/thread_1_entry.c'
'Finished building: ../src/synergy_gen/main.c'
'Invoking: GNU ARM Cross C Compiler'
C:\Renesas\Synergy\e2studio_v7.5.1_ssp_v1.7.8\Utilities\\/isdebuild arm-none-eabi-gcc -mcpu=cortex-m4 -mthumb -mfloat-abi=hard -mfpu=fpv4-sp-d16 -O2 -fmessage-length=0 -fsigned-char -ffunction-sections -fdata-sections -Wunused -Wuninitialized -Wall -Wextra -Wmissing-declarations -Wconversion -Wpointer-arith -Wshadow -Wlogical-op -Waggregate-return -Wfloat-equal  -g3 -D_RENESAS_SYNERGY_ -I"C:\Users\gabri\Documentos\Faculdade\Embarcados\entregados\lab7b\src" -I"C:\Users\gabri\Documentos\Faculdade\Embarcados\entregados\lab7b\src\synergy_gen" -I"C:\Users\gabri\Documentos\Faculdade\Embarcados\entregados\lab7b\synergy_cfg\ssp_cfg\bsp" -I"C:\Users\gabri\Documentos\Faculdade\Embarcados\entregados\lab7b\synergy_cfg\ssp_cfg\driver" -I"C:\Users\gabri\Documentos\Faculdade\Embarcados\entregados\lab7b\synergy\ssp\inc" -I"C:\Users\gabri\Documentos\Faculdade\Embarcados\entregados\lab7b\synergy\ssp\inc\bsp" -I"C:\Users\gabri\Documentos\Faculdade\Embarcados\entregados\lab7b\synergy\ssp\inc\bsp\cmsis\Include" -I"C:\Users\gabri\Documentos\Faculdade\Embarcados\entregados\lab7b\synergy\ssp\inc\driver\api" -I"C:\Users\gabri\Documentos\Faculdade\Embarcados\entregados\lab7b\synergy\ssp\inc\driver\instances" -I"C:\Users\gabri\Documentos\Faculdade\Embarcados\entregados\lab7b\synergy_cfg\ssp_cfg\framework\el" -I"C:\Users\gabri\Documentos\Faculdade\Embarcados\entregados\lab7b\synergy\ssp\inc\framework\el" -I"C:\Users\gabri\Documentos\Faculdade\Embarcados\entregados\lab7b\synergy\ssp\src\framework\el\tx" -std=c99 -MMD -MP -MF"src/synergy_gen/thread_1_entry.d" -MT"src/synergy_gen/thread_1_entry.o" -c -o "src/synergy_gen/thread_1_entry.o" -x c "../src/synergy_gen/thread_1_entry.c"
' '
'Finished building: ../src/synergy_gen/pin_data.c'
' '
'Building file: ../src/synergy_gen/thread_2_entry.c'
'Building file: ../src/synergy_gen/thread_3_entry.c'
'Invoking: GNU ARM Cross C Compiler'
C:\Renesas\Synergy\e2studio_v7.5.1_ssp_v1.7.8\Utilities\\/isdebuild arm-none-eabi-gcc -mcpu=cortex-m4 -mthumb -mfloat-abi=hard -mfpu=fpv4-sp-d16 -O2 -fmessage-length=0 -fsigned-char -ffunction-sections -fdata-sections -Wunused -Wuninitialized -Wall -Wextra -Wmissing-declarations -Wconversion -Wpointer-arith -Wshadow -Wlogical-op -Waggregate-return -Wfloat-equal  -g3 -D_RENESAS_SYNERGY_ -I"C:\Users\gabri\Documentos\Faculdade\Embarcados\entregados\lab7b\src" -I"C:\Users\gabri\Documentos\Faculdade\Embarcados\entregados\lab7b\src\synergy_gen" -I"C:\Users\gabri\Documentos\Faculdade\Embarcados\entregados\lab7b\synergy_cfg\ssp_cfg\bsp" -I"C:\Users\gabri\Documentos\Faculdade\Embarcados\entregados\lab7b\synergy_cfg\ssp_cfg\driver" -I"C:\Users\gabri\Documentos\Faculdade\Embarcados\entregados\lab7b\synergy\ssp\inc" -I"C:\Users\gabri\Documentos\Faculdade\Embarcados\entregados\lab7b\synergy\ssp\inc\bsp" -I"C:\Users\gabri\Documentos\Faculdade\Embarcados\entregados\lab7b\synergy\ssp\inc\bsp\cmsis\Include" -I"C:\Users\gabri\Documentos\Faculdade\Embarcados\entregados\lab7b\synergy\ssp\inc\driver\api" -I"C:\Users\gabri\Documentos\Faculdade\Embarcados\entregados\lab7b\synergy\ssp\inc\driver\instances" -I"C:\Users\gabri\Documentos\Faculdade\Embarcados\entregados\lab7b\synergy_cfg\ssp_cfg\framework\el" -I"C:\Users\gabri\Documentos\Faculdade\Embarcados\entregados\lab7b\synergy\ssp\inc\framework\el" -I"C:\Users\gabri\Documentos\Faculdade\Embarcados\entregados\lab7b\synergy\ssp\src\framework\el\tx" -std=c99 -MMD -MP -MF"src/synergy_gen/thread_2_entry.d" -MT"src/synergy_gen/thread_2_entry.o" -c -o "src/synergy_gen/thread_2_entry.o" -x c "../src/synergy_gen/thread_2_entry.c"
'Invoking: GNU ARM Cross C Compiler'
C:\Renesas\Synergy\e2studio_v7.5.1_ssp_v1.7.8\Utilities\\/isdebuild arm-none-eabi-gcc -mcpu=cortex-m4 -mthumb -mfloat-abi=hard -mfpu=fpv4-sp-d16 -O2 -fmessage-length=0 -fsigned-char -ffunction-sections -fdata-sections -Wunused -Wuninitialized -Wall -Wextra -Wmissing-declarations -Wconversion -Wpointer-arith -Wshadow -Wlogical-op -Waggregate-return -Wfloat-equal  -g3 -D_RENESAS_SYNERGY_ -I"C:\Users\gabri\Documentos\Faculdade\Embarcados\entregados\lab7b\src" -I"C:\Users\gabri\Documentos\Faculdade\Embarcados\entregados\lab7b\src\synergy_gen" -I"C:\Users\gabri\Documentos\Faculdade\Embarcados\entregados\lab7b\synergy_cfg\ssp_cfg\bsp" -I"C:\Users\gabri\Documentos\Faculdade\Embarcados\entregados\lab7b\synergy_cfg\ssp_cfg\driver" -I"C:\Users\gabri\Documentos\Faculdade\Embarcados\entregados\lab7b\synergy\ssp\inc" -I"C:\Users\gabri\Documentos\Faculdade\Embarcados\entregados\lab7b\synergy\ssp\inc\bsp" -I"C:\Users\gabri\Documentos\Faculdade\Embarcados\entregados\lab7b\synergy\ssp\inc\bsp\cmsis\Include" -I"C:\Users\gabri\Documentos\Faculdade\Embarcados\entregados\lab7b\synergy\ssp\inc\driver\api" -I"C:\Users\gabri\Documentos\Faculdade\Embarcados\entregados\lab7b\synergy\ssp\inc\driver\instances" -I"C:\Users\gabri\Documentos\Faculdade\Embarcados\entregados\lab7b\synergy_cfg\ssp_cfg\framework\el" -I"C:\Users\gabri\Documentos\Faculdade\Embarcados\entregados\lab7b\synergy\ssp\inc\framework\el" -I"C:\Users\gabri\Documentos\Faculdade\Embarcados\entregados\lab7b\synergy\ssp\src\framework\el\tx" -std=c99 -MMD -MP -MF"src/synergy_gen/thread_3_entry.d" -MT"src/synergy_gen/thread_3_entry.o" -c -o "src/synergy_gen/thread_3_entry.o" -x c "../src/synergy_gen/thread_3_entry.c"
'Finished building: ../src/synergy_gen/thread_0_entry.c'
' '
'Building file: ../src/synergy_gen/thread_4_entry.c'
'Invoking: GNU ARM Cross C Compiler'
C:\Renesas\Synergy\e2studio_v7.5.1_ssp_v1.7.8\Utilities\\/isdebuild arm-none-eabi-gcc -mcpu=cortex-m4 -mthumb -mfloat-abi=hard -mfpu=fpv4-sp-d16 -O2 -fmessage-length=0 -fsigned-char -ffunction-sections -fdata-sections -Wunused -Wuninitialized -Wall -Wextra -Wmissing-declarations -Wconversion -Wpointer-arith -Wshadow -Wlogical-op -Waggregate-return -Wfloat-equal  -g3 -D_RENESAS_SYNERGY_ -I"C:\Users\gabri\Documentos\Faculdade\Embarcados\entregados\lab7b\src" -I"C:\Users\gabri\Documentos\Faculdade\Embarcados\entregados\lab7b\src\synergy_gen" -I"C:\Users\gabri\Documentos\Faculdade\Embarcados\entregados\lab7b\synergy_cfg\ssp_cfg\bsp" -I"C:\Users\gabri\Documentos\Faculdade\Embarcados\entregados\lab7b\synergy_cfg\ssp_cfg\driver" -I"C:\Users\gabri\Documentos\Faculdade\Embarcados\entregados\lab7b\synergy\ssp\inc" -I"C:\Users\gabri\Documentos\Faculdade\Embarcados\entregados\lab7b\synergy\ssp\inc\bsp" -I"C:\Users\gabri\Documentos\Faculdade\Embarcados\entregados\lab7b\synergy\ssp\inc\bsp\cmsis\Include" -I"C:\Users\gabri\Documentos\Faculdade\Embarcados\entregados\lab7b\synergy\ssp\inc\driver\api" -I"C:\Users\gabri\Documentos\Faculdade\Embarcados\entregados\lab7b\synergy\ssp\inc\driver\instances" -I"C:\Users\gabri\Documentos\Faculdade\Embarcados\entregados\lab7b\synergy_cfg\ssp_cfg\framework\el" -I"C:\Users\gabri\Documentos\Faculdade\Embarcados\entregados\lab7b\synergy\ssp\inc\framework\el" -I"C:\Users\gabri\Documentos\Faculdade\Embarcados\entregados\lab7b\synergy\ssp\src\framework\el\tx" -std=c99 -MMD -MP -MF"src/synergy_gen/thread_4_entry.d" -MT"src/synergy_gen/thread_4_entry.o" -c -o "src/synergy_gen/thread_4_entry.o" -x c "../src/synergy_gen/thread_4_entry.c"
'Finished building: ../src/synergy_gen/thread_1_entry.c'
' '
'Finished building: ../src/synergy_gen/thread_2_entry.c'
'Building file: ../src/synergy_gen/thread_5_entry.c'
' '
'Finished building: ../src/synergy_gen/thread_3_entry.c'
'Invoking: GNU ARM Cross C Compiler'
C:\Renesas\Synergy\e2studio_v7.5.1_ssp_v1.7.8\Utilities\\/isdebuild arm-none-eabi-gcc -mcpu=cortex-m4 -mthumb -mfloat-abi=hard -mfpu=fpv4-sp-d16 -O2 -fmessage-length=0 -fsigned-char -ffunction-sections -fdata-sections -Wunused -Wuninitialized -Wall -Wextra -Wmissing-declarations -Wconversion -Wpointer-arith -Wshadow -Wlogical-op -Waggregate-return -Wfloat-equal  -g3 -D_RENESAS_SYNERGY_ -I"C:\Users\gabri\Documentos\Faculdade\Embarcados\entregados\lab7b\src" -I"C:\Users\gabri\Documentos\Faculdade\Embarcados\entregados\lab7b\src\synergy_gen" -I"C:\Users\gabri\Documentos\Faculdade\Embarcados\entregados\lab7b\synergy_cfg\ssp_cfg\bsp" -I"C:\Users\gabri\Documentos\Faculdade\Embarcados\entregados\lab7b\synergy_cfg\ssp_cfg\driver" -I"C:\Users\gabri\Documentos\Faculdade\Embarcados\entregados\lab7b\synergy\ssp\inc" -I"C:\Users\gabri\Documentos\Faculdade\Embarcados\entregados\lab7b\synergy\ssp\inc\bsp" -I"C:\Users\gabri\Documentos\Faculdade\Embarcados\entregados\lab7b\synergy\ssp\inc\bsp\cmsis\Include" -I"C:\Users\gabri\Documentos\Faculdade\Embarcados\entregados\lab7b\synergy\ssp\inc\driver\api" -I"C:\Users\gabri\Documentos\Faculdade\Embarcados\entregados\lab7b\synergy\ssp\inc\driver\instances" -I"C:\Users\gabri\Documentos\Faculdade\Embarcados\entregados\lab7b\synergy_cfg\ssp_cfg\framework\el" -I"C:\Users\gabri\Documentos\Faculdade\Embarcados\entregados\lab7b\synergy\ssp\inc\framework\el" -I"C:\Users\gabri\Documentos\Faculdade\Embarcados\entregados\lab7b\synergy\ssp\src\framework\el\tx" -std=c99 -MMD -MP -MF"src/synergy_gen/thread_5_entry.d" -MT"src/synergy_gen/thread_5_entry.o" -c -o "src/synergy_gen/thread_5_entry.o" -x c "../src/synergy_gen/thread_5_entry.c"
' '
'Building file: ../src/synergy_gen/thread_6_entry.c'
'Building file: ../src/synergy_gen/thread_7_entry.c'
'Invoking: GNU ARM Cross C Compiler'
C:\Renesas\Synergy\e2studio_v7.5.1_ssp_v1.7.8\Utilities\\/isdebuild arm-none-eabi-gcc -mcpu=cortex-m4 -mthumb -mfloat-abi=hard -mfpu=fpv4-sp-d16 -O2 -fmessage-length=0 -fsigned-char -ffunction-sections -fdata-sections -Wunused -Wuninitialized -Wall -Wextra -Wmissing-declarations -Wconversion -Wpointer-arith -Wshadow -Wlogical-op -Waggregate-return -Wfloat-equal  -g3 -D_RENESAS_SYNERGY_ -I"C:\Users\gabri\Documentos\Faculdade\Embarcados\entregados\lab7b\src" -I"C:\Users\gabri\Documentos\Faculdade\Embarcados\entregados\lab7b\src\synergy_gen" -I"C:\Users\gabri\Documentos\Faculdade\Embarcados\entregados\lab7b\synergy_cfg\ssp_cfg\bsp" -I"C:\Users\gabri\Documentos\Faculdade\Embarcados\entregados\lab7b\synergy_cfg\ssp_cfg\driver" -I"C:\Users\gabri\Documentos\Faculdade\Embarcados\entregados\lab7b\synergy\ssp\inc" -I"C:\Users\gabri\Documentos\Faculdade\Embarcados\entregados\lab7b\synergy\ssp\inc\bsp" -I"C:\Users\gabri\Documentos\Faculdade\Embarcados\entregados\lab7b\synergy\ssp\inc\bsp\cmsis\Include" -I"C:\Users\gabri\Documentos\Faculdade\Embarcados\entregados\lab7b\synergy\ssp\inc\driver\api" -I"C:\Users\gabri\Documentos\Faculdade\Embarcados\entregados\lab7b\synergy\ssp\inc\driver\instances" -I"C:\Users\gabri\Documentos\Faculdade\Embarcados\entregados\lab7b\synergy_cfg\ssp_cfg\framework\el" -I"C:\Users\gabri\Documentos\Faculdade\Embarcados\entregados\lab7b\synergy\ssp\inc\framework\el" -I"C:\Users\gabri\Documentos\Faculdade\Embarcados\entregados\lab7b\synergy\ssp\src\framework\el\tx" -std=c99 -MMD -MP -MF"src/synergy_gen/thread_6_entry.d" -MT"src/synergy_gen/thread_6_entry.o" -c -o "src/synergy_gen/thread_6_entry.o" -x c "../src/synergy_gen/thread_6_entry.c"
'Invoking: GNU ARM Cross C Compiler'
C:\Renesas\Synergy\e2studio_v7.5.1_ssp_v1.7.8\Utilities\\/isdebuild arm-none-eabi-gcc -mcpu=cortex-m4 -mthumb -mfloat-abi=hard -mfpu=fpv4-sp-d16 -O2 -fmessage-length=0 -fsigned-char -ffunction-sections -fdata-sections -Wunused -Wuninitialized -Wall -Wextra -Wmissing-declarations -Wconversion -Wpointer-arith -Wshadow -Wlogical-op -Waggregate-return -Wfloat-equal  -g3 -D_RENESAS_SYNERGY_ -I"C:\Users\gabri\Documentos\Faculdade\Embarcados\entregados\lab7b\src" -I"C:\Users\gabri\Documentos\Faculdade\Embarcados\entregados\lab7b\src\synergy_gen" -I"C:\Users\gabri\Documentos\Faculdade\Embarcados\entregados\lab7b\synergy_cfg\ssp_cfg\bsp" -I"C:\Users\gabri\Documentos\Faculdade\Embarcados\entregados\lab7b\synergy_cfg\ssp_cfg\driver" -I"C:\Users\gabri\Documentos\Faculdade\Embarcados\entregados\lab7b\synergy\ssp\inc" -I"C:\Users\gabri\Documentos\Faculdade\Embarcados\entregados\lab7b\synergy\ssp\inc\bsp" -I"C:\Users\gabri\Documentos\Faculdade\Embarcados\entregados\lab7b\synergy\ssp\inc\bsp\cmsis\Include" -I"C:\Users\gabri\Documentos\Faculdade\Embarcados\entregados\lab7b\synergy\ssp\inc\driver\api" -I"C:\Users\gabri\Documentos\Faculdade\Embarcados\entregados\lab7b\synergy\ssp\inc\driver\instances" -I"C:\Users\gabri\Documentos\Faculdade\Embarcados\entregados\lab7b\synergy_cfg\ssp_cfg\framework\el" -I"C:\Users\gabri\Documentos\Faculdade\Embarcados\entregados\lab7b\synergy\ssp\inc\framework\el" -I"C:\Users\gabri\Documentos\Faculdade\Embarcados\entregados\lab7b\synergy\ssp\src\framework\el\tx" -std=c99 -MMD -MP -MF"src/synergy_gen/thread_7_entry.d" -MT"src/synergy_gen/thread_7_entry.o" -c -o "src/synergy_gen/thread_7_entry.o" -x c "../src/synergy_gen/thread_7_entry.c"
'Finished building: ../src/synergy_gen/thread_4_entry.c'
' '
'Finished building: ../src/synergy_gen/thread_5_entry.c'
' '
'Building file: ../src/blinky_thread_entry.c'
'Finished building: ../src/synergy_gen/thread_6_entry.c'
'Invoking: GNU ARM Cross C Compiler'
'Building file: ../src/hal_entry.c'
' '
C:\Renesas\Synergy\e2studio_v7.5.1_ssp_v1.7.8\Utilities\\/isdebuild arm-none-eabi-gcc -mcpu=cortex-m4 -mthumb -mfloat-abi=hard -mfpu=fpv4-sp-d16 -O2 -fmessage-length=0 -fsigned-char -ffunction-sections -fdata-sections -Wunused -Wuninitialized -Wall -Wextra -Wmissing-declarations -Wconversion -Wpointer-arith -Wshadow -Wlogical-op -Waggregate-return -Wfloat-equal  -g3 -D_RENESAS_SYNERGY_ -I"C:\Users\gabri\Documentos\Faculdade\Embarcados\entregados\lab7b\src" -I"C:\Users\gabri\Documentos\Faculdade\Embarcados\entregados\lab7b\src\synergy_gen" -I"C:\Users\gabri\Documentos\Faculdade\Embarcados\entregados\lab7b\synergy_cfg\ssp_cfg\bsp" -I"C:\Users\gabri\Documentos\Faculdade\Embarcados\entregados\lab7b\synergy_cfg\ssp_cfg\driver" -I"C:\Users\gabri\Documentos\Faculdade\Embarcados\entregados\lab7b\synergy\ssp\inc" -I"C:\Users\gabri\Documentos\Faculdade\Embarcados\entregados\lab7b\synergy\ssp\inc\bsp" -I"C:\Users\gabri\Documentos\Faculdade\Embarcados\entregados\lab7b\synergy\ssp\inc\bsp\cmsis\Include" -I"C:\Users\gabri\Documentos\Faculdade\Embarcados\entregados\lab7b\synergy\ssp\inc\driver\api" -I"C:\Users\gabri\Documentos\Faculdade\Embarcados\entregados\lab7b\synergy\ssp\inc\driver\instances" -I"C:\Users\gabri\Documentos\Faculdade\Embarcados\entregados\lab7b\synergy_cfg\ssp_cfg\framework\el" -I"C:\Users\gabri\Documentos\Faculdade\Embarcados\entregados\lab7b\synergy\ssp\inc\framework\el" -I"C:\Users\gabri\Documentos\Faculdade\Embarcados\entregados\lab7b\synergy\ssp\src\framework\el\tx" -std=c99 -MMD -MP -MF"src/blinky_thread_entry.d" -MT"src/blinky_thread_entry.o" -c -o "src/blinky_thread_entry.o" -x c "../src/blinky_thread_entry.c"
'Finished building: ../src/synergy_gen/thread_7_entry.c'
'Invoking: GNU ARM Cross C Compiler'
C:\Renesas\Synergy\e2studio_v7.5.1_ssp_v1.7.8\Utilities\\/isdebuild arm-none-eabi-gcc -mcpu=cortex-m4 -mthumb -mfloat-abi=hard -mfpu=fpv4-sp-d16 -O2 -fmessage-length=0 -fsigned-char -ffunction-sections -fdata-sections -Wunused -Wuninitialized -Wall -Wextra -Wmissing-declarations -Wconversion -Wpointer-arith -Wshadow -Wlogical-op -Waggregate-return -Wfloat-equal  -g3 -D_RENESAS_SYNERGY_ -I"C:\Users\gabri\Documentos\Faculdade\Embarcados\entregados\lab7b\src" -I"C:\Users\gabri\Documentos\Faculdade\Embarcados\entregados\lab7b\src\synergy_gen" -I"C:\Users\gabri\Documentos\Faculdade\Embarcados\entregados\lab7b\synergy_cfg\ssp_cfg\bsp" -I"C:\Users\gabri\Documentos\Faculdade\Embarcados\entregados\lab7b\synergy_cfg\ssp_cfg\driver" -I"C:\Users\gabri\Documentos\Faculdade\Embarcados\entregados\lab7b\synergy\ssp\inc" -I"C:\Users\gabri\Documentos\Faculdade\Embarcados\entregados\lab7b\synergy\ssp\inc\bsp" -I"C:\Users\gabri\Documentos\Faculdade\Embarcados\entregados\lab7b\synergy\ssp\inc\bsp\cmsis\Include" -I"C:\Users\gabri\Documentos\Faculdade\Embarcados\entregados\lab7b\synergy\ssp\inc\driver\api" -I"C:\Users\gabri\Documentos\Faculdade\Embarcados\entregados\lab7b\synergy\ssp\inc\driver\instances" -I"C:\Users\gabri\Documentos\Faculdade\Embarcados\entregados\lab7b\synergy_cfg\ssp_cfg\framework\el" -I"C:\Users\gabri\Documentos\Faculdade\Embarcados\entregados\lab7b\synergy\ssp\inc\framework\el" -I"C:\Users\gabri\Documentos\Faculdade\Embarcados\entregados\lab7b\synergy\ssp\src\framework\el\tx" -std=c99 -MMD -MP -MF"src/hal_entry.d" -MT"src/hal_entry.o" -c -o "src/hal_entry.o" -x c "../src/hal_entry.c"
' '
'Building file: ../src/thread_0_entry_entry.c'
'Building file: ../src/thread_1_entry_entry.c'
'Invoking: GNU ARM Cross C Compiler'
C:\Renesas\Synergy\e2studio_v7.5.1_ssp_v1.7.8\Utilities\\/isdebuild arm-none-eabi-gcc -mcpu=cortex-m4 -mthumb -mfloat-abi=hard -mfpu=fpv4-sp-d16 -O2 -fmessage-length=0 -fsigned-char -ffunction-sections -fdata-sections -Wunused -Wuninitialized -Wall -Wextra -Wmissing-declarations -Wconversion -Wpointer-arith -Wshadow -Wlogical-op -Waggregate-return -Wfloat-equal  -g3 -D_RENESAS_SYNERGY_ -I"C:\Users\gabri\Documentos\Faculdade\Embarcados\entregados\lab7b\src" -I"C:\Users\gabri\Documentos\Faculdade\Embarcados\entregados\lab7b\src\synergy_gen" -I"C:\Users\gabri\Documentos\Faculdade\Embarcados\entregados\lab7b\synergy_cfg\ssp_cfg\bsp" -I"C:\Users\gabri\Documentos\Faculdade\Embarcados\entregados\lab7b\synergy_cfg\ssp_cfg\driver" -I"C:\Users\gabri\Documentos\Faculdade\Embarcados\entregados\lab7b\synergy\ssp\inc" -I"C:\Users\gabri\Documentos\Faculdade\Embarcados\entregados\lab7b\synergy\ssp\inc\bsp" -I"C:\Users\gabri\Documentos\Faculdade\Embarcados\entregados\lab7b\synergy\ssp\inc\bsp\cmsis\Include" -I"C:\Users\gabri\Documentos\Faculdade\Embarcados\entregados\lab7b\synergy\ssp\inc\driver\api" -I"C:\Users\gabri\Documentos\Faculdade\Embarcados\entregados\lab7b\synergy\ssp\inc\driver\instances" -I"C:\Users\gabri\Documentos\Faculdade\Embarcados\entregados\lab7b\synergy_cfg\ssp_cfg\framework\el" -I"C:\Users\gabri\Documentos\Faculdade\Embarcados\entregados\lab7b\synergy\ssp\inc\framework\el" -I"C:\Users\gabri\Documentos\Faculdade\Embarcados\entregados\lab7b\synergy\ssp\src\framework\el\tx" -std=c99 -MMD -MP -MF"src/thread_0_entry_entry.d" -MT"src/thread_0_entry_entry.o" -c -o "src/thread_0_entry_entry.o" -x c "../src/thread_0_entry_entry.c"
'Invoking: GNU ARM Cross C Compiler'
C:\Renesas\Synergy\e2studio_v7.5.1_ssp_v1.7.8\Utilities\\/isdebuild arm-none-eabi-gcc -mcpu=cortex-m4 -mthumb -mfloat-abi=hard -mfpu=fpv4-sp-d16 -O2 -fmessage-length=0 -fsigned-char -ffunction-sections -fdata-sections -Wunused -Wuninitialized -Wall -Wextra -Wmissing-declarations -Wconversion -Wpointer-arith -Wshadow -Wlogical-op -Waggregate-return -Wfloat-equal  -g3 -D_RENESAS_SYNERGY_ -I"C:\Users\gabri\Documentos\Faculdade\Embarcados\entregados\lab7b\src" -I"C:\Users\gabri\Documentos\Faculdade\Embarcados\entregados\lab7b\src\synergy_gen" -I"C:\Users\gabri\Documentos\Faculdade\Embarcados\entregados\lab7b\synergy_cfg\ssp_cfg\bsp" -I"C:\Users\gabri\Documentos\Faculdade\Embarcados\entregados\lab7b\synergy_cfg\ssp_cfg\driver" -I"C:\Users\gabri\Documentos\Faculdade\Embarcados\entregados\lab7b\synergy\ssp\inc" -I"C:\Users\gabri\Documentos\Faculdade\Embarcados\entregados\lab7b\synergy\ssp\inc\bsp" -I"C:\Users\gabri\Documentos\Faculdade\Embarcados\entregados\lab7b\synergy\ssp\inc\bsp\cmsis\Include" -I"C:\Users\gabri\Documentos\Faculdade\Embarcados\entregados\lab7b\synergy\ssp\inc\driver\api" -I"C:\Users\gabri\Documentos\Faculdade\Embarcados\entregados\lab7b\synergy\ssp\inc\driver\instances" -I"C:\Users\gabri\Documentos\Faculdade\Embarcados\entregados\lab7b\synergy_cfg\ssp_cfg\framework\el" -I"C:\Users\gabri\Documentos\Faculdade\Embarcados\entregados\lab7b\synergy\ssp\inc\framework\el" -I"C:\Users\gabri\Documentos\Faculdade\Embarcados\entregados\lab7b\synergy\ssp\src\framework\el\tx" -std=c99 -MMD -MP -MF"src/thread_1_entry_entry.d" -MT"src/thread_1_entry_entry.o" -c -o "src/thread_1_entry_entry.o" -x c "../src/thread_1_entry_entry.c"
'Finished building: ../src/blinky_thread_entry.c'
'Finished building: ../src/hal_entry.c'
' '
' '
'Finished building: ../src/thread_0_entry_entry.c'
'Building file: ../src/thread_2_entry_entry.c'
'Building file: ../src/thread_3_entry_entry.c'
' '
'Finished building: ../src/thread_1_entry_entry.c'
'Invoking: GNU ARM Cross C Compiler'
'Invoking: GNU ARM Cross C Compiler'
' '
C:\Renesas\Synergy\e2studio_v7.5.1_ssp_v1.7.8\Utilities\\/isdebuild arm-none-eabi-gcc -mcpu=cortex-m4 -mthumb -mfloat-abi=hard -mfpu=fpv4-sp-d16 -O2 -fmessage-length=0 -fsigned-char -ffunction-sections -fdata-sections -Wunused -Wuninitialized -Wall -Wextra -Wmissing-declarations -Wconversion -Wpointer-arith -Wshadow -Wlogical-op -Waggregate-return -Wfloat-equal  -g3 -D_RENESAS_SYNERGY_ -I"C:\Users\gabri\Documentos\Faculdade\Embarcados\entregados\lab7b\src" -I"C:\Users\gabri\Documentos\Faculdade\Embarcados\entregados\lab7b\src\synergy_gen" -I"C:\Users\gabri\Documentos\Faculdade\Embarcados\entregados\lab7b\synergy_cfg\ssp_cfg\bsp" -I"C:\Users\gabri\Documentos\Faculdade\Embarcados\entregados\lab7b\synergy_cfg\ssp_cfg\driver" -I"C:\Users\gabri\Documentos\Faculdade\Embarcados\entregados\lab7b\synergy\ssp\inc" -I"C:\Users\gabri\Documentos\Faculdade\Embarcados\entregados\lab7b\synergy\ssp\inc\bsp" -I"C:\Users\gabri\Documentos\Faculdade\Embarcados\entregados\lab7b\synergy\ssp\inc\bsp\cmsis\Include" -I"C:\Users\gabri\Documentos\Faculdade\Embarcados\entregados\lab7b\synergy\ssp\inc\driver\api" -I"C:\Users\gabri\Documentos\Faculdade\Embarcados\entregados\lab7b\synergy\ssp\inc\driver\instances" -I"C:\Users\gabri\Documentos\Faculdade\Embarcados\entregados\lab7b\synergy_cfg\ssp_cfg\framework\el" -I"C:\Users\gabri\Documentos\Faculdade\Embarcados\entregados\lab7b\synergy\ssp\inc\framework\el" -I"C:\Users\gabri\Documentos\Faculdade\Embarcados\entregados\lab7b\synergy\ssp\src\framework\el\tx" -std=c99 -MMD -MP -MF"src/thread_2_entry_entry.d" -MT"src/thread_2_entry_entry.o" -c -o "src/thread_2_entry_entry.o" -x c "../src/thread_2_entry_entry.c"
C:\Renesas\Synergy\e2studio_v7.5.1_ssp_v1.7.8\Utilities\\/isdebuild arm-none-eabi-gcc -mcpu=cortex-m4 -mthumb -mfloat-abi=hard -mfpu=fpv4-sp-d16 -O2 -fmessage-length=0 -fsigned-char -ffunction-sections -fdata-sections -Wunused -Wuninitialized -Wall -Wextra -Wmissing-declarations -Wconversion -Wpointer-arith -Wshadow -Wlogical-op -Waggregate-return -Wfloat-equal  -g3 -D_RENESAS_SYNERGY_ -I"C:\Users\gabri\Documentos\Faculdade\Embarcados\entregados\lab7b\src" -I"C:\Users\gabri\Documentos\Faculdade\Embarcados\entregados\lab7b\src\synergy_gen" -I"C:\Users\gabri\Documentos\Faculdade\Embarcados\entregados\lab7b\synergy_cfg\ssp_cfg\bsp" -I"C:\Users\gabri\Documentos\Faculdade\Embarcados\entregados\lab7b\synergy_cfg\ssp_cfg\driver" -I"C:\Users\gabri\Documentos\Faculdade\Embarcados\entregados\lab7b\synergy\ssp\inc" -I"C:\Users\gabri\Documentos\Faculdade\Embarcados\entregados\lab7b\synergy\ssp\inc\bsp" -I"C:\Users\gabri\Documentos\Faculdade\Embarcados\entregados\lab7b\synergy\ssp\inc\bsp\cmsis\Include" -I"C:\Users\gabri\Documentos\Faculdade\Embarcados\entregados\lab7b\synergy\ssp\inc\driver\api" -I"C:\Users\gabri\Documentos\Faculdade\Embarcados\entregados\lab7b\synergy\ssp\inc\driver\instances" -I"C:\Users\gabri\Documentos\Faculdade\Embarcados\entregados\lab7b\synergy_cfg\ssp_cfg\framework\el" -I"C:\Users\gabri\Documentos\Faculdade\Embarcados\entregados\lab7b\synergy\ssp\inc\framework\el" -I"C:\Users\gabri\Documentos\Faculdade\Embarcados\entregados\lab7b\synergy\ssp\src\framework\el\tx" -std=c99 -MMD -MP -MF"src/thread_3_entry_entry.d" -MT"src/thread_3_entry_entry.o" -c -o "src/thread_3_entry_entry.o" -x c "../src/thread_3_entry_entry.c"
'Building file: ../src/thread_4_entry_entry.c'
'Building file: ../src/thread_5_entry_entry.c'
'Invoking: GNU ARM Cross C Compiler'
'Invoking: GNU ARM Cross C Compiler'
C:\Renesas\Synergy\e2studio_v7.5.1_ssp_v1.7.8\Utilities\\/isdebuild arm-none-eabi-gcc -mcpu=cortex-m4 -mthumb -mfloat-abi=hard -mfpu=fpv4-sp-d16 -O2 -fmessage-length=0 -fsigned-char -ffunction-sections -fdata-sections -Wunused -Wuninitialized -Wall -Wextra -Wmissing-declarations -Wconversion -Wpointer-arith -Wshadow -Wlogical-op -Waggregate-return -Wfloat-equal  -g3 -D_RENESAS_SYNERGY_ -I"C:\Users\gabri\Documentos\Faculdade\Embarcados\entregados\lab7b\src" -I"C:\Users\gabri\Documentos\Faculdade\Embarcados\entregados\lab7b\src\synergy_gen" -I"C:\Users\gabri\Documentos\Faculdade\Embarcados\entregados\lab7b\synergy_cfg\ssp_cfg\bsp" -I"C:\Users\gabri\Documentos\Faculdade\Embarcados\entregados\lab7b\synergy_cfg\ssp_cfg\driver" -I"C:\Users\gabri\Documentos\Faculdade\Embarcados\entregados\lab7b\synergy\ssp\inc" -I"C:\Users\gabri\Documentos\Faculdade\Embarcados\entregados\lab7b\synergy\ssp\inc\bsp" -I"C:\Users\gabri\Documentos\Faculdade\Embarcados\entregados\lab7b\synergy\ssp\inc\bsp\cmsis\Include" -I"C:\Users\gabri\Documentos\Faculdade\Embarcados\entregados\lab7b\synergy\ssp\inc\driver\api" -I"C:\Users\gabri\Documentos\Faculdade\Embarcados\entregados\lab7b\synergy\ssp\inc\driver\instances" -I"C:\Users\gabri\Documentos\Faculdade\Embarcados\entregados\lab7b\synergy_cfg\ssp_cfg\framework\el" -I"C:\Users\gabri\Documentos\Faculdade\Embarcados\entregados\lab7b\synergy\ssp\inc\framework\el" -I"C:\Users\gabri\Documentos\Faculdade\Embarcados\entregados\lab7b\synergy\ssp\src\framework\el\tx" -std=c99 -MMD -MP -MF"src/thread_4_entry_entry.d" -MT"src/thread_4_entry_entry.o" -c -o "src/thread_4_entry_entry.o" -x c "../src/thread_4_entry_entry.c"
C:\Renesas\Synergy\e2studio_v7.5.1_ssp_v1.7.8\Utilities\\/isdebuild arm-none-eabi-gcc -mcpu=cortex-m4 -mthumb -mfloat-abi=hard -mfpu=fpv4-sp-d16 -O2 -fmessage-length=0 -fsigned-char -ffunction-sections -fdata-sections -Wunused -Wuninitialized -Wall -Wextra -Wmissing-declarations -Wconversion -Wpointer-arith -Wshadow -Wlogical-op -Waggregate-return -Wfloat-equal  -g3 -D_RENESAS_SYNERGY_ -I"C:\Users\gabri\Documentos\Faculdade\Embarcados\entregados\lab7b\src" -I"C:\Users\gabri\Documentos\Faculdade\Embarcados\entregados\lab7b\src\synergy_gen" -I"C:\Users\gabri\Documentos\Faculdade\Embarcados\entregados\lab7b\synergy_cfg\ssp_cfg\bsp" -I"C:\Users\gabri\Documentos\Faculdade\Embarcados\entregados\lab7b\synergy_cfg\ssp_cfg\driver" -I"C:\Users\gabri\Documentos\Faculdade\Embarcados\entregados\lab7b\synergy\ssp\inc" -I"C:\Users\gabri\Documentos\Faculdade\Embarcados\entregados\lab7b\synergy\ssp\inc\bsp" -I"C:\Users\gabri\Documentos\Faculdade\Embarcados\entregados\lab7b\synergy\ssp\inc\bsp\cmsis\Include" -I"C:\Users\gabri\Documentos\Faculdade\Embarcados\entregados\lab7b\synergy\ssp\inc\driver\api" -I"C:\Users\gabri\Documentos\Faculdade\Embarcados\entregados\lab7b\synergy\ssp\inc\driver\instances" -I"C:\Users\gabri\Documentos\Faculdade\Embarcados\entregados\lab7b\synergy_cfg\ssp_cfg\framework\el" -I"C:\Users\gabri\Documentos\Faculdade\Embarcados\entregados\lab7b\synergy\ssp\inc\framework\el" -I"C:\Users\gabri\Documentos\Faculdade\Embarcados\entregados\lab7b\synergy\ssp\src\framework\el\tx" -std=c99 -MMD -MP -MF"src/thread_5_entry_entry.d" -MT"src/thread_5_entry_entry.o" -c -o "src/thread_5_entry_entry.o" -x c "../src/thread_5_entry_entry.c"
../src/thread_2_entry_entry.c: In function 'thread_2_entry_entry':
../src/thread_2_entry_entry.c:28:35: warning: 'thread_2_messages_received' may be used uninitialized in this function [-Wmaybe-uninitialized]
         thread_2_messages_received++;
         ~~~~~~~~~~~~~~~~~~~~~~~~~~^~
'Finished building: ../src/thread_2_entry_entry.c'
'Finished building: ../src/thread_3_entry_entry.c'
' '
'Finished building: ../src/thread_5_entry_entry.c'
' '
'Building file: ../src/thread_6_entry_entry.c'
' '
'Building file: ../src/thread_7_entry_entry.c'
'Finished building: ../src/thread_4_entry_entry.c'
'Invoking: GNU ARM Cross C Compiler'
C:\Renesas\Synergy\e2studio_v7.5.1_ssp_v1.7.8\Utilities\\/isdebuild arm-none-eabi-gcc -mcpu=cortex-m4 -mthumb -mfloat-abi=hard -mfpu=fpv4-sp-d16 -O2 -fmessage-length=0 -fsigned-char -ffunction-sections -fdata-sections -Wunused -Wuninitialized -Wall -Wextra -Wmissing-declarations -Wconversion -Wpointer-arith -Wshadow -Wlogical-op -Waggregate-return -Wfloat-equal  -g3 -D_RENESAS_SYNERGY_ -I"C:\Users\gabri\Documentos\Faculdade\Embarcados\entregados\lab7b\src" -I"C:\Users\gabri\Documentos\Faculdade\Embarcados\entregados\lab7b\src\synergy_gen" -I"C:\Users\gabri\Documentos\Faculdade\Embarcados\entregados\lab7b\synergy_cfg\ssp_cfg\bsp" -I"C:\Users\gabri\Documentos\Faculdade\Embarcados\entregados\lab7b\synergy_cfg\ssp_cfg\driver" -I"C:\Users\gabri\Documentos\Faculdade\Embarcados\entregados\lab7b\synergy\ssp\inc" -I"C:\Users\gabri\Documentos\Faculdade\Embarcados\entregados\lab7b\synergy\ssp\inc\bsp" -I"C:\Users\gabri\Documentos\Faculdade\Embarcados\entregados\lab7b\synergy\ssp\inc\bsp\cmsis\Include" -I"C:\Users\gabri\Documentos\Faculdade\Embarcados\entregados\lab7b\synergy\ssp\inc\driver\api" -I"C:\Users\gabri\Documentos\Faculdade\Embarcados\entregados\lab7b\synergy\ssp\inc\driver\instances" -I"C:\Users\gabri\Documentos\Faculdade\Embarcados\entregados\lab7b\synergy_cfg\ssp_cfg\framework\el" -I"C:\Users\gabri\Documentos\Faculdade\Embarcados\entregados\lab7b\synergy\ssp\inc\framework\el" -I"C:\Users\gabri\Documentos\Faculdade\Embarcados\entregados\lab7b\synergy\ssp\src\framework\el\tx" -std=c99 -MMD -MP -MF"src/thread_6_entry_entry.d" -MT"src/thread_6_entry_entry.o" -c -o "src/thread_6_entry_entry.o" -x c "../src/thread_6_entry_entry.c"
'Invoking: GNU ARM Cross C Compiler'
C:\Renesas\Synergy\e2studio_v7.5.1_ssp_v1.7.8\Utilities\\/isdebuild arm-none-eabi-gcc -mcpu=cortex-m4 -mthumb -mfloat-abi=hard -mfpu=fpv4-sp-d16 -O2 -fmessage-length=0 -fsigned-char -ffunction-sections -fdata-sections -Wunused -Wuninitialized -Wall -Wextra -Wmissing-declarations -Wconversion -Wpointer-arith -Wshadow -Wlogical-op -Waggregate-return -Wfloat-equal  -g3 -D_RENESAS_SYNERGY_ -I"C:\Users\gabri\Documentos\Faculdade\Embarcados\entregados\lab7b\src" -I"C:\Users\gabri\Documentos\Faculdade\Embarcados\entregados\lab7b\src\synergy_gen" -I"C:\Users\gabri\Documentos\Faculdade\Embarcados\entregados\lab7b\synergy_cfg\ssp_cfg\bsp" -I"C:\Users\gabri\Documentos\Faculdade\Embarcados\entregados\lab7b\synergy_cfg\ssp_cfg\driver" -I"C:\Users\gabri\Documentos\Faculdade\Embarcados\entregados\lab7b\synergy\ssp\inc" -I"C:\Users\gabri\Documentos\Faculdade\Embarcados\entregados\lab7b\synergy\ssp\inc\bsp" -I"C:\Users\gabri\Documentos\Faculdade\Embarcados\entregados\lab7b\synergy\ssp\inc\bsp\cmsis\Include" -I"C:\Users\gabri\Documentos\Faculdade\Embarcados\entregados\lab7b\synergy\ssp\inc\driver\api" -I"C:\Users\gabri\Documentos\Faculdade\Embarcados\entregados\lab7b\synergy\ssp\inc\driver\instances" -I"C:\Users\gabri\Documentos\Faculdade\Embarcados\entregados\lab7b\synergy_cfg\ssp_cfg\framework\el" -I"C:\Users\gabri\Documentos\Faculdade\Embarcados\entregados\lab7b\synergy\ssp\inc\framework\el" -I"C:\Users\gabri\Documentos\Faculdade\Embarcados\entregados\lab7b\synergy\ssp\src\framework\el\tx" -std=c99 -MMD -MP -MF"src/thread_7_entry_entry.d" -MT"src/thread_7_entry_entry.o" -c -o "src/thread_7_entry_entry.o" -x c "../src/thread_7_entry_entry.c"
' '
'Finished building: ../src/thread_6_entry_entry.c'
' '
'Finished building: ../src/thread_7_entry_entry.c'
' '
'Building target: lab7b.elf'
'Invoking: GNU ARM Cross C Linker'
arm-none-eabi-gcc @"lab7b.elf.in"
'Finished building target: lab7b.elf'
' '
'Invoking: GNU ARM Cross Create Flash Image'
arm-none-eabi-objcopy -O srec "lab7b.elf"  "lab7b.srec"
'Invoking: GNU ARM Cross Print Size'
arm-none-eabi-size --format=berkeley "lab7b.elf"
   text	   data	    bss	    dec	    hex	filename
  25112	    220	  18624	  43956	   abb4	lab7b.elf
'Finished building: lab7b.siz'
' '
'Finished building: lab7b.srec'
' '

18:23:54 Build Finished. 0 errors, 1 warnings. (took 22s.855ms)

