Archive member included to satisfy reference by file (symbol)

C:\Users\gabri\Documentos\e2_studio\workplace\lab7\synergy\ssp\src\framework\el\tx\cm4_gcc\libtx.a(txe_mutex_create.o)
                              ./src/synergy_gen/blinky_thread.o (_txe_mutex_create)
C:\Users\gabri\Documentos\e2_studio\workplace\lab7\synergy\ssp\src\framework\el\tx\cm4_gcc\libtx.a(txe_mutex_get.o)
                              ./src/sender1_entry.o (_txe_mutex_get)
C:\Users\gabri\Documentos\e2_studio\workplace\lab7\synergy\ssp\src\framework\el\tx\cm4_gcc\libtx.a(txe_mutex_put.o)
                              ./src/sender1_entry.o (_txe_mutex_put)
C:\Users\gabri\Documentos\e2_studio\workplace\lab7\synergy\ssp\src\framework\el\tx\cm4_gcc\libtx.a(txe_queue_create.o)
                              ./src/synergy_gen/blinky_thread.o (_txe_queue_create)
C:\Users\gabri\Documentos\e2_studio\workplace\lab7\synergy\ssp\src\framework\el\tx\cm4_gcc\libtx.a(txe_queue_receive.o)
                              ./src/rx_thread_entry.o (_txe_queue_receive)
C:\Users\gabri\Documentos\e2_studio\workplace\lab7\synergy\ssp\src\framework\el\tx\cm4_gcc\libtx.a(txe_queue_send.o)
                              ./src/sender1_entry.o (_txe_queue_send)
C:\Users\gabri\Documentos\e2_studio\workplace\lab7\synergy\ssp\src\framework\el\tx\cm4_gcc\libtx.a(txe_semaphore_create.o)
                              ./src/synergy_gen/main.o (_txe_semaphore_create)
C:\Users\gabri\Documentos\e2_studio\workplace\lab7\synergy\ssp\src\framework\el\tx\cm4_gcc\libtx.a(txe_semaphore_get.o)
                              ./src/synergy_gen/main.o (_txe_semaphore_get)
C:\Users\gabri\Documentos\e2_studio\workplace\lab7\synergy\ssp\src\framework\el\tx\cm4_gcc\libtx.a(txe_semaphore_put.o)
                              ./src/synergy_gen/main.o (_txe_semaphore_put)
C:\Users\gabri\Documentos\e2_studio\workplace\lab7\synergy\ssp\src\framework\el\tx\cm4_gcc\libtx.a(txe_thread_create.o)
                              ./src/synergy_gen/blinky_thread.o (_txe_thread_create)
C:\Users\gabri\Documentos\e2_studio\workplace\lab7\synergy\ssp\src\framework\el\tx\cm4_gcc\libtx.a(tx_initialize_high_level.o)
                              C:\Users\gabri\Documentos\e2_studio\workplace\lab7\synergy\ssp\src\framework\el\tx\cm4_gcc\libtx.a(txe_queue_create.o) (_tx_queue_created_ptr)
C:\Users\gabri\Documentos\e2_studio\workplace\lab7\synergy\ssp\src\framework\el\tx\cm4_gcc\libtx.a(tx_initialize_kernel_enter.o)
                              ./src/synergy_gen/main.o (_tx_initialize_kernel_enter)
C:\Users\gabri\Documentos\e2_studio\workplace\lab7\synergy\ssp\src\framework\el\tx\cm4_gcc\libtx.a(tx_mutex_create.o)
                              C:\Users\gabri\Documentos\e2_studio\workplace\lab7\synergy\ssp\src\framework\el\tx\cm4_gcc\libtx.a(txe_mutex_create.o) (_tx_mutex_create)
C:\Users\gabri\Documentos\e2_studio\workplace\lab7\synergy\ssp\src\framework\el\tx\cm4_gcc\libtx.a(tx_mutex_get.o)
                              C:\Users\gabri\Documentos\e2_studio\workplace\lab7\synergy\ssp\src\framework\el\tx\cm4_gcc\libtx.a(txe_mutex_get.o) (_tx_mutex_get)
C:\Users\gabri\Documentos\e2_studio\workplace\lab7\synergy\ssp\src\framework\el\tx\cm4_gcc\libtx.a(tx_mutex_priority_change.o)
                              C:\Users\gabri\Documentos\e2_studio\workplace\lab7\synergy\ssp\src\framework\el\tx\cm4_gcc\libtx.a(tx_mutex_get.o) (_tx_mutex_priority_change)
C:\Users\gabri\Documentos\e2_studio\workplace\lab7\synergy\ssp\src\framework\el\tx\cm4_gcc\libtx.a(tx_mutex_put.o)
                              C:\Users\gabri\Documentos\e2_studio\workplace\lab7\synergy\ssp\src\framework\el\tx\cm4_gcc\libtx.a(txe_mutex_put.o) (_tx_mutex_put)
C:\Users\gabri\Documentos\e2_studio\workplace\lab7\synergy\ssp\src\framework\el\tx\cm4_gcc\libtx.a(tx_queue_create.o)
                              C:\Users\gabri\Documentos\e2_studio\workplace\lab7\synergy\ssp\src\framework\el\tx\cm4_gcc\libtx.a(txe_queue_create.o) (_tx_queue_create)
C:\Users\gabri\Documentos\e2_studio\workplace\lab7\synergy\ssp\src\framework\el\tx\cm4_gcc\libtx.a(tx_queue_receive.o)
                              C:\Users\gabri\Documentos\e2_studio\workplace\lab7\synergy\ssp\src\framework\el\tx\cm4_gcc\libtx.a(txe_queue_receive.o) (_tx_queue_receive)
C:\Users\gabri\Documentos\e2_studio\workplace\lab7\synergy\ssp\src\framework\el\tx\cm4_gcc\libtx.a(tx_queue_send.o)
                              C:\Users\gabri\Documentos\e2_studio\workplace\lab7\synergy\ssp\src\framework\el\tx\cm4_gcc\libtx.a(txe_queue_send.o) (_tx_queue_send)
C:\Users\gabri\Documentos\e2_studio\workplace\lab7\synergy\ssp\src\framework\el\tx\cm4_gcc\libtx.a(tx_semaphore_create.o)
                              C:\Users\gabri\Documentos\e2_studio\workplace\lab7\synergy\ssp\src\framework\el\tx\cm4_gcc\libtx.a(txe_semaphore_create.o) (_tx_semaphore_create)
C:\Users\gabri\Documentos\e2_studio\workplace\lab7\synergy\ssp\src\framework\el\tx\cm4_gcc\libtx.a(tx_semaphore_get.o)
[...]
Memory Configuration

Name             Origin             Length             Attributes
FLASH            0x00000000         0x00400000         xr
RAM              0x1ffe0000         0x000a0000         xrw
DATA_FLASH       0x40100000         0x00010000         xr
QSPI_FLASH       0x60000000         0x04000000         xr
SDRAM            0x90000000         0x02000000         xrw
ID_CODES         0x40120050         0x00000010         xr
*default*        0x00000000         0xffffffff

Linker script and memory map

LOAD c:/renesas/synergy/e2studio_v7.5.1_ssp_v1.7.8/toolchains/gcc_arm/7.2.1_2017q4/bin/../lib/gcc/arm-none-eabi/7.2.1/thumb/v7e-m/fpv4-sp/hard/crti.o
LOAD c:/renesas/synergy/e2studio_v7.5.1_ssp_v1.7.8/toolchains/gcc_arm/7.2.1_2017q4/bin/../lib/gcc/arm-none-eabi/7.2.1/thumb/v7e-m/fpv4-sp/hard/crtbegin.o
LOAD c:/renesas/synergy/e2studio_v7.5.1_ssp_v1.7.8/toolchains/gcc_arm/7.2.1_2017q4/bin/../lib/gcc/arm-none-eabi/7.2.1/../../../../arm-none-eabi/lib/thumb/v7e-m/fpv4-sp/hard/rdimon-crt0.o
START GROUP
LOAD ./synergy/ssp/src/driver/r_ioport/r_ioport.o
LOAD ./synergy/ssp/src/driver/r_fmi/r_fmi.o
LOAD ./synergy/ssp/src/driver/r_elc/r_elc.o
LOAD ./synergy/ssp/src/driver/r_cgc/r_cgc.o
LOAD ./synergy/ssp/src/bsp/mcu/s7g2/bsp_cache.o
LOAD ./synergy/ssp/src/bsp/mcu/s7g2/bsp_clocks.o
LOAD ./synergy/ssp/src/bsp/mcu/s7g2/bsp_feature.o
LOAD ./synergy/ssp/src/bsp/mcu/s7g2/bsp_fmi_R7FS7G27H3A01CFC.o
LOAD ./synergy/ssp/src/bsp/mcu/s7g2/bsp_group_irq.o
LOAD ./synergy/ssp/src/bsp/mcu/s7g2/bsp_hw_locks.o
LOAD ./synergy/ssp/src/bsp/mcu/s7g2/bsp_module_stop.o
LOAD ./synergy/ssp/src/bsp/mcu/s7g2/bsp_rom_registers.o
LOAD ./synergy/ssp/src/bsp/mcu/all/bsp_common.o
LOAD ./synergy/ssp/src/bsp/mcu/all/bsp_common_leds.o
LOAD ./synergy/ssp/src/bsp/mcu/all/bsp_delay.o
LOAD ./synergy/ssp/src/bsp/mcu/all/bsp_irq.o
LOAD ./synergy/ssp/src/bsp/mcu/all/bsp_locking.o
LOAD ./synergy/ssp/src/bsp/mcu/all/bsp_register_protection.o
LOAD ./synergy/ssp/src/bsp/mcu/all/bsp_sbrk.o
LOAD ./synergy/ssp/src/bsp/cmsis/Device/RENESAS/S7G2/Source/startup_S7G2.o
LOAD ./synergy/ssp/src/bsp/cmsis/Device/RENESAS/S7G2/Source/system_S7G2.o
LOAD ./synergy/board/s7g2_sk/bsp_init.o
LOAD ./synergy/board/s7g2_sk/bsp_leds.o
LOAD ./synergy/board/s7g2_sk/bsp_qspi.o
LOAD ./src/synergy_gen/blinky_thread.o
LOAD ./src/synergy_gen/common_data.o
LOAD ./src/synergy_gen/hal_data.o
LOAD ./src/synergy_gen/main.o
LOAD ./src/synergy_gen/pin_data.o
LOAD ./src/synergy_gen/rx_thread.o
LOAD ./src/synergy_gen/sender1.o
LOAD ./src/synergy_gen/sender2.o
LOAD ./src/blinky_thread_entry.o
LOAD ./src/hal_entry.o
LOAD ./src/rx_thread_entry.o
LOAD ./src/sender1_entry.o
LOAD ./src/sender2_entry.o
LOAD C:\Users\gabri\Documentos\e2_studio\workplace\lab7\synergy\ssp\src\bsp\cmsis\DSP_Lib\cm4_gcc\libDSP_Lib.a
LOAD C:\Users\gabri\Documentos\e2_studio\workplace\lab7\synergy\ssp\src\framework\el\tx\cm4_gcc\libtx.a
END GROUP
START GROUP
LOAD c:/renesas/synergy/e2studio_v7.5.1_ssp_v1.7.8/toolchains/gcc_arm/7.2.1_2017q4/bin/../lib/gcc/arm-none-eabi/7.2.1/thumb/v7e-m/fpv4-sp/hard\libgcc.a
LOAD c:/renesas/synergy/e2studio_v7.5.1_ssp_v1.7.8/toolchains/gcc_arm/7.2.1_2017q4/bin/../lib/gcc/arm-none-eabi/7.2.1/../../../../arm-none-eabi/lib/thumb/v7e-m/fpv4-sp/hard\libg_nano.a
LOAD c:/renesas/synergy/e2studio_v7.5.1_ssp_v1.7.8/toolchains/gcc_arm/7.2.1_2017q4/bin/../lib/gcc/arm-none-eabi/7.2.1/../../../../arm-none-eabi/lib/thumb/v7e-m/fpv4-sp/hard\libc_nano.a
END GROUP
START GROUP
LOAD c:/renesas/synergy/e2studio_v7.5.1_ssp_v1.7.8/toolchains/gcc_arm/7.2.1_2017q4/bin/../lib/gcc/arm-none-eabi/7.2.1/thumb/v7e-m/fpv4-sp/hard\libgcc.a
LOAD c:/renesas/synergy/e2studio_v7.5.1_ssp_v1.7.8/toolchains/gcc_arm/7.2.1_2017q4/bin/../lib/gcc/arm-none-eabi/7.2.1/../../../../arm-none-eabi/lib/thumb/v7e-m/fpv4-sp/hard\libc_nano.a
LOAD c:/renesas/synergy/e2studio_v7.5.1_ssp_v1.7.8/toolchains/gcc_arm/7.2.1_2017q4/bin/../lib/gcc/arm-none-eabi/7.2.1/../../../../arm-none-eabi/lib/thumb/v7e-m/fpv4-sp/hard\librdimon_nano.a
END GROUP
START GROUP
LOAD c:/renesas/synergy/e2studio_v7.5.1_ssp_v1.7.8/toolchains/gcc_arm/7.2.1_2017q4/bin/../lib/gcc/arm-none-eabi/7.2.1/thumb/v7e-m/fpv4-sp/hard\libgcc.a
LOAD c:/renesas/synergy/e2studio_v7.5.1_ssp_v1.7.8/toolchains/gcc_arm/7.2.1_2017q4/bin/../lib/gcc/arm-none-eabi/7.2.1/../../../../arm-none-eabi/lib/thumb/v7e-m/fpv4-sp/hard\libc_nano.a
LOAD c:/renesas/synergy/e2studio_v7.5.1_ssp_v1.7.8/toolchains/gcc_arm/7.2.1_2017q4/bin/../lib/gcc/arm-none-eabi/7.2.1/../../../../arm-none-eabi/lib/thumb/v7e-m/fpv4-sp/hard\librdimon_nano.a
END GROUP
LOAD c:/renesas/synergy/e2studio_v7.5.1_ssp_v1.7.8/toolchains/gcc_arm/7.2.1_2017q4/bin/../lib/gcc/arm-none-eabi/7.2.1/thumb/v7e-m/fpv4-sp/hard/crtend.o
LOAD c:/renesas/synergy/e2studio_v7.5.1_ssp_v1.7.8/toolchains/gcc_arm/7.2.1_2017q4/bin/../lib/gcc/arm-none-eabi/7.2.1/thumb/v7e-m/fpv4-sp/hard/crtn.o
START GROUP
LOAD c:/renesas/synergy/e2studio_v7.5.1_ssp_v1.7.8/toolchains/gcc_arm/7.2.1_2017q4/bin/../lib/gcc/arm-none-eabi/7.2.1/thumb/v7e-m/fpv4-sp/hard\libgcc.a
LOAD c:/renesas/synergy/e2studio_v7.5.1_ssp_v1.7.8/toolchains/gcc_arm/7.2.1_2017q4/bin/../lib/gcc/arm-none-eabi/7.2.1/../../../../arm-none-eabi/lib/thumb/v7e-m/fpv4-sp/hard\libc.a
LOAD c:/renesas/synergy/e2studio_v7.5.1_ssp_v1.7.8/toolchains/gcc_arm/7.2.1_2017q4/bin/../lib/gcc/arm-none-eabi/7.2.1/../../../../arm-none-eabi/lib/thumb/v7e-m/fpv4-sp/hard\libm.a
LOAD c:/renesas/synergy/e2studio_v7.5.1_ssp_v1.7.8/toolchains/gcc_arm/7.2.1_2017q4/bin/../lib/gcc/arm-none-eabi/7.2.1/../../../../arm-none-eabi/lib/thumb/v7e-m/fpv4-sp/hard\libnosys.a
END GROUP

.text           0x00000000     0x5a6c
                0x00000000                __ROM_Start = .
 *(.vectors)
 .vectors       0x00000000       0x40 ./synergy/ssp/src/bsp/cmsis/Device/RENESAS/S7G2/Source/startup_S7G2.o
                0x00000000                __Vectors
 *(SORT_BY_NAME(.vector.*))
                0x00000040                __Vectors_End = .
                0x00000040                __end__ = .
                0x00000400                . = (__ROM_Start + 0x400)
 *fill*         0x00000040      0x3c0 ff
 *(.rom_registers*)
 .rom_registers
                0x00000400       0x3c ./synergy/ssp/src/bsp/mcu/s7g2/bsp_rom_registers.o
                0x00000500                . = (__ROM_Start + 0x500)
 *fill*         0x0000043c       0xc4 ff
                0x00000500                __Vector_Info_Start = .
 *(SORT_BY_NAME(.vector_info.*))
                0x00000500                __Vector_Info_End = .
                0x00000500                __Lock_Lookup_Start = .
 *(SORT_BY_NAME(.hw_lock_lookup.*))
 .hw_lock_lookup.ADC_0U_0U
                0x00000500        0x4 ./synergy/ssp/src/bsp/mcu/s7g2/bsp_hw_locks.o
                0x00000500                g_lock_lookup_ADC_0U_0U
 .hw_lock_lookup.ADC_0U_1U
                0x00000504        0x4 ./synergy/ssp/src/bsp/mcu/s7g2/bsp_hw_locks.o
                0x00000504                g_lock_lookup_ADC_0U_1U
 .hw_lock_lookup.AGT_0U_0U
                0x00000508        0x4 ./synergy/ssp/src/bsp/mcu/s7g2/bsp_hw_locks.o
                0x00000508                g_lock_lookup_AGT_0U_0U
 .hw_lock_lookup.AGT_0U_1U
                0x0000050c        0x4 ./synergy/ssp/src/bsp/mcu/s7g2/bsp_hw_locks.o
                0x0000050c                g_lock_lookup_AGT_0U_1U
 .hw_lock_lookup.BSC_0U_1U
                0x00000510        0x4 ./synergy/ssp/src/bsp/mcu/s7g2/bsp_hw_locks.o
                0x00000510                g_lock_lookup_BSC_0U_1U
 .hw_lock_lookup.CAC_0U_0U
                0x00000514        0x4 ./synergy/ssp/src/bsp/mcu/s7g2/bsp_hw_locks.o
                0x00000514                g_lock_lookup_CAC_0U_0U
 .hw_lock_lookup.CAN_0U_0U
                0x00000518        0x4 ./synergy/ssp/src/bsp/mcu/s7g2/bsp_hw_locks.o
                0x00000518                g_lock_lookup_CAN_0U_0U
 .hw_lock_lookup.CAN_0U_1U
                0x0000051c        0x4 ./synergy/ssp/src/bsp/mcu/s7g2/bsp_hw_locks.o
                0x0000051c                g_lock_lookup_CAN_0U_1U
 .hw_lock_lookup.COMP_HS_0U_0U
                0x00000520        0x4 ./synergy/ssp/src/bsp/mcu/s7g2/bsp_hw_locks.o
                0x00000520                g_lock_lookup_COMP_HS_0U_0U
 .hw_lock_lookup.COMP_HS_0U_1U
                0x00000524        0x4 ./synergy/ssp/src/bsp/mcu/s7g2/bsp_hw_locks.o
                0x00000524                g_lock_lookup_COMP_HS_0U_1U
 .hw_lock_lookup.COMP_HS_0U_2U
                0x00000528        0x4 ./synergy/ssp/src/bsp/mcu/s7g2/bsp_hw_locks.o
                0x00000528                g_lock_lookup_COMP_HS_0U_2U
 .hw_lock_lookup.COMP_HS_0U_3U
                0x0000052c        0x4 ./synergy/ssp/src/bsp/mcu/s7g2/bsp_hw_locks.o
                0x0000052c                g_lock_lookup_COMP_HS_0U_3U
 .hw_lock_lookup.COMP_HS_0U_4U
                0x00000530        0x4 ./synergy/ssp/src/bsp/mcu/s7g2/bsp_hw_locks.o
                0x00000530                g_lock_lookup_COMP_HS_0U_4U
 .hw_lock_lookup.COMP_HS_0U_5U
                0x00000534        0x4 ./synergy/ssp/src/bsp/mcu/s7g2/bsp_hw_locks.o
                0x00000534                g_lock_lookup_COMP_HS_0U_5U
 .hw_lock_lookup.CRC_0U_0U
                0x00000538        0x4 ./synergy/ssp/src/bsp/mcu/s7g2/bsp_hw_locks.o
                0x00000538                g_lock_lookup_CRC_0U_0U
 .hw_lock_lookup.CTSU_0U_0U
                0x0000053c        0x4 ./synergy/ssp/src/bsp/mcu/s7g2/bsp_hw_locks.o
                0x0000053c                g_lock_lookup_CTSU_0U_0U
 .hw_lock_lookup.DAAD_0U_0U
                0x00000540        0x4 ./synergy/ssp/src/bsp/mcu/s7g2/bsp_hw_locks.o
                0x00000540                g_lock_lookup_DAAD_0U_0U
 .hw_lock_lookup.DAC_0U_0U
                0x00000544        0x4 ./synergy/ssp/src/bsp/mcu/s7g2/bsp_hw_locks.o
                0x00000544                g_lock_lookup_DAC_0U_0U
 .hw_lock_lookup.DAC_0U_1U
                0x00000548        0x4 ./synergy/ssp/src/bsp/mcu/s7g2/bsp_hw_locks.o
                0x00000548                g_lock_lookup_DAC_0U_1U
 .hw_lock_lookup.DMAC_0U_0U
                0x0000054c        0x4 ./synergy/ssp/src/bsp/mcu/s7g2/bsp_hw_locks.o
                0x0000054c                g_lock_lookup_DMAC_0U_0U
 .hw_lock_lookup.DMAC_0U_1U
                0x00000550        0x4 ./synergy/ssp/src/bsp/mcu/s7g2/bsp_hw_locks.o
                0x00000550                g_lock_lookup_DMAC_0U_1U
 .hw_lock_lookup.DMAC_0U_2U
                0x00000554        0x4 ./synergy/ssp/src/bsp/mcu/s7g2/bsp_hw_locks.o
                0x00000554                g_lock_lookup_DMAC_0U_2U
 .hw_lock_lookup.DMAC_0U_3U
                0x00000558        0x4 ./synergy/ssp/src/bsp/mcu/s7g2/bsp_hw_locks.o
                0x00000558                g_lock_lookup_DMAC_0U_3U
 .hw_lock_lookup.DMAC_0U_4U
                0x0000055c        0x4 ./synergy/ssp/src/bsp/mcu/s7g2/bsp_hw_locks.o
                0x0000055c                g_lock_lookup_DMAC_0U_4U
 .hw_lock_lookup.DMAC_0U_5U
                0x00000560        0x4 ./synergy/ssp/src/bsp/mcu/s7g2/bsp_hw_locks.o
                0x00000560                g_lock_lookup_DMAC_0U_5U
 .hw_lock_lookup.DMAC_0U_6U
                0x00000564        0x4 ./synergy/ssp/src/bsp/mcu/s7g2/bsp_hw_locks.o
                0x00000564                g_lock_lookup_DMAC_0U_6U
 .hw_lock_lookup.DMAC_0U_7U
                0x00000568        0x4 ./synergy/ssp/src/bsp/mcu/s7g2/bsp_hw_locks.o
                0x00000568                g_lock_lookup_DMAC_0U_7U
 .hw_lock_lookup.DOC_0U_0U
                0x0000056c        0x4 ./synergy/ssp/src/bsp/mcu/s7g2/bsp_hw_locks.o
                0x0000056c                g_lock_lookup_DOC_0U_0U
 .hw_lock_lookup.DRW_0U_0U
                0x00000570        0x4 ./synergy/ssp/src/bsp/mcu/s7g2/bsp_hw_locks.o
                0x00000570                g_lock_lookup_DRW_0U_0U
 .hw_lock_lookup.DTC_0U_0U
                0x00000574        0x4 ./synergy/ssp/src/bsp/mcu/s7g2/bsp_hw_locks.o
                0x00000574                g_lock_lookup_DTC_0U_0U
 .hw_lock_lookup.ELC_0U_0U
                0x00000578        0x4 ./synergy/ssp/src/bsp/mcu/s7g2/bsp_hw_locks.o
                0x00000578                g_lock_lookup_ELC_0U_0U
 .hw_lock_lookup.EPTPC_0U_0U
                0x0000057c        0x4 ./synergy/ssp/src/bsp/mcu/s7g2/bsp_hw_locks.o
                0x0000057c                g_lock_lookup_EPTPC_0U_0U
 .hw_lock_lookup.ETHER_0U_0U
                0x00000580        0x4 ./synergy/ssp/src/bsp/mcu/s7g2/bsp_hw_locks.o
                0x00000580                g_lock_lookup_ETHER_0U_0U
 .hw_lock_lookup.ETHER_0U_1U
                0x00000584        0x4 ./synergy/ssp/src/bsp/mcu/s7g2/bsp_hw_locks.o
                0x00000584                g_lock_lookup_ETHER_0U_1U
 .hw_lock_lookup.FCU_0U_0U
                0x00000588        0x4 ./synergy/ssp/src/bsp/mcu/s7g2/bsp_hw_locks.o
                0x00000588                g_lock_lookup_FCU_0U_0U
 .hw_lock_lookup.GLCDC_0U_0U
                0x0000058c        0x4 ./synergy/ssp/src/bsp/mcu/s7g2/bsp_hw_locks.o
                0x0000058c                g_lock_lookup_GLCDC_0U_0U
 .hw_lock_lookup.GPT_0U_0U
                0x00000590        0x4 ./synergy/ssp/src/bsp/mcu/s7g2/bsp_hw_locks.o
                0x00000590                g_lock_lookup_GPT_0U_0U
 .hw_lock_lookup.GPT_0U_10U
                0x00000594        0x4 ./synergy/ssp/src/bsp/mcu/s7g2/bsp_hw_locks.o
                0x00000594                g_lock_lookup_GPT_0U_10U
 .hw_lock_lookup.GPT_0U_11U
                0x00000598        0x4 ./synergy/ssp/src/bsp/mcu/s7g2/bsp_hw_locks.o
                0x00000598                g_lock_lookup_GPT_0U_11U
 .hw_lock_lookup.GPT_0U_12U
                0x0000059c        0x4 ./synergy/ssp/src/bsp/mcu/s7g2/bsp_hw_locks.o
                0x0000059c                g_lock_lookup_GPT_0U_12U
 .hw_lock_lookup.GPT_0U_13U
                0x000005a0        0x4 ./synergy/ssp/src/bsp/mcu/s7g2/bsp_hw_locks.o
                0x000005a0                g_lock_lookup_GPT_0U_13U
 .hw_lock_lookup.GPT_0U_1U
                0x000005a4        0x4 ./synergy/ssp/src/bsp/mcu/s7g2/bsp_hw_locks.o
                0x000005a4                g_lock_lookup_GPT_0U_1U
 .hw_lock_lookup.GPT_0U_2U
                0x000005a8        0x4 ./synergy/ssp/src/bsp/mcu/s7g2/bsp_hw_locks.o
                0x000005a8                g_lock_lookup_GPT_0U_2U
 .hw_lock_lookup.GPT_0U_3U
                0x000005ac        0x4 ./synergy/ssp/src/bsp/mcu/s7g2/bsp_hw_locks.o
                0x000005ac                g_lock_lookup_GPT_0U_3U
 .hw_lock_lookup.GPT_0U_4U
                0x000005b0        0x4 ./synergy/ssp/src/bsp/mcu/s7g2/bsp_hw_locks.o
                0x000005b0                g_lock_lookup_GPT_0U_4U
 .hw_lock_lookup.GPT_0U_5U
                0x000005b4        0x4 ./synergy/ssp/src/bsp/mcu/s7g2/bsp_hw_locks.o
                0x000005b4                g_lock_lookup_GPT_0U_5U
 .hw_lock_lookup.GPT_0U_6U
                0x000005b8        0x4 ./synergy/ssp/src/bsp/mcu/s7g2/bsp_hw_locks.o
                0x000005b8                g_lock_lookup_GPT_0U_6U
 .hw_lock_lookup.GPT_0U_7U
                0x000005bc        0x4 ./synergy/ssp/src/bsp/mcu/s7g2/bsp_hw_locks.o
                0x000005bc                g_lock_lookup_GPT_0U_7U
 .hw_lock_lookup.GPT_0U_8U
                0x000005c0        0x4 ./synergy/ssp/src/bsp/mcu/s7g2/bsp_hw_locks.o
                0x000005c0                g_lock_lookup_GPT_0U_8U
 .hw_lock_lookup.GPT_0U_9U
                0x000005c4        0x4 ./synergy/ssp/src/bsp/mcu/s7g2/bsp_hw_locks.o
                0x000005c4                g_lock_lookup_GPT_0U_9U
 .hw_lock_lookup.ICU_0U_0U
                0x000005c8        0x4 ./synergy/ssp/src/bsp/mcu/s7g2/bsp_hw_locks.o
                0x000005c8                g_lock_lookup_ICU_0U_0U
 .hw_lock_lookup.ICU_0U_10U
                0x000005cc        0x4 ./synergy/ssp/src/bsp/mcu/s7g2/bsp_hw_locks.o
                0x000005cc                g_lock_lookup_ICU_0U_10U
 .hw_lock_lookup.ICU_0U_11U
                0x000005d0        0x4 ./synergy/ssp/src/bsp/mcu/s7g2/bsp_hw_locks.o
                0x000005d0                g_lock_lookup_ICU_0U_11U
 .hw_lock_lookup.ICU_0U_12U
                0x000005d4        0x4 ./synergy/ssp/src/bsp/mcu/s7g2/bsp_hw_locks.o
                0x000005d4                g_lock_lookup_ICU_0U_12U
 .hw_lock_lookup.ICU_0U_13U
                0x000005d8        0x4 ./synergy/ssp/src/bsp/mcu/s7g2/bsp_hw_locks.o
                0x000005d8                g_lock_lookup_ICU_0U_13U
 .hw_lock_lookup.ICU_0U_14U
                0x000005dc        0x4 ./synergy/ssp/src/bsp/mcu/s7g2/bsp_hw_locks.o
                0x000005dc                g_lock_lookup_ICU_0U_14U
 .hw_lock_lookup.ICU_0U_15U
                0x000005e0        0x4 ./synergy/ssp/src/bsp/mcu/s7g2/bsp_hw_locks.o
                0x000005e0                g_lock_lookup_ICU_0U_15U
 .hw_lock_lookup.ICU_0U_1U
                0x000005e4        0x4 ./synergy/ssp/src/bsp/mcu/s7g2/bsp_hw_locks.o
                0x000005e4                g_lock_lookup_ICU_0U_1U
 .hw_lock_lookup.ICU_0U_2U
                0x000005e8        0x4 ./synergy/ssp/src/bsp/mcu/s7g2/bsp_hw_locks.o
                0x000005e8                g_lock_lookup_ICU_0U_2U
 .hw_lock_lookup.ICU_0U_3U
                0x000005ec        0x4 ./synergy/ssp/src/bsp/mcu/s7g2/bsp_hw_locks.o
                0x000005ec                g_lock_lookup_ICU_0U_3U
 .hw_lock_lookup.ICU_0U_4U
                0x000005f0        0x4 ./synergy/ssp/src/bsp/mcu/s7g2/bsp_hw_locks.o
                0x000005f0                g_lock_lookup_ICU_0U_4U
 .hw_lock_lookup.ICU_0U_5U
                0x000005f4        0x4 ./synergy/ssp/src/bsp/mcu/s7g2/bsp_hw_locks.o
                0x000005f4                g_lock_lookup_ICU_0U_5U
 .hw_lock_lookup.ICU_0U_6U
                0x000005f8        0x4 ./synergy/ssp/src/bsp/mcu/s7g2/bsp_hw_locks.o
                0x000005f8                g_lock_lookup_ICU_0U_6U
 .hw_lock_lookup.ICU_0U_7U
                0x000005fc        0x4 ./synergy/ssp/src/bsp/mcu/s7g2/bsp_hw_locks.o
                0x000005fc                g_lock_lookup_ICU_0U_7U
 .hw_lock_lookup.ICU_0U_8U
                0x00000600        0x4 ./synergy/ssp/src/bsp/mcu/s7g2/bsp_hw_locks.o
                0x00000600                g_lock_lookup_ICU_0U_8U
 .hw_lock_lookup.ICU_0U_9U
                0x00000604        0x4 ./synergy/ssp/src/bsp/mcu/s7g2/bsp_hw_locks.o
                0x00000604                g_lock_lookup_ICU_0U_9U
 .hw_lock_lookup.IIC_0U_0U
                0x00000608        0x4 ./synergy/ssp/src/bsp/mcu/s7g2/bsp_hw_locks.o
                0x00000608                g_lock_lookup_IIC_0U_0U
 .hw_lock_lookup.IIC_0U_1U
                0x0000060c        0x4 ./synergy/ssp/src/bsp/mcu/s7g2/bsp_hw_locks.o
                0x0000060c                g_lock_lookup_IIC_0U_1U
 .hw_lock_lookup.IIC_0U_2U
                0x00000610        0x4 ./synergy/ssp/src/bsp/mcu/s7g2/bsp_hw_locks.o
                0x00000610                g_lock_lookup_IIC_0U_2U
 .hw_lock_lookup.IRDA_0U_0U
                0x00000614        0x4 ./synergy/ssp/src/bsp/mcu/s7g2/bsp_hw_locks.o
                0x00000614                g_lock_lookup_IRDA_0U_0U
 .hw_lock_lookup.IWDT_0U_0U
                0x00000618        0x4 ./synergy/ssp/src/bsp/mcu/s7g2/bsp_hw_locks.o
                0x00000618                g_lock_lookup_IWDT_0U_0U
 .hw_lock_lookup.JPEG_0U_0U
                0x0000061c        0x4 ./synergy/ssp/src/bsp/mcu/s7g2/bsp_hw_locks.o
                0x0000061c                g_lock_lookup_JPEG_0U_0U
 .hw_lock_lookup.KEY_0U_0U
                0x00000620        0x4 ./synergy/ssp/src/bsp/mcu/s7g2/bsp_hw_locks.o
                0x00000620                g_lock_lookup_KEY_0U_0U
 .hw_lock_lookup.LPM_1U_0U
                0x00000624        0x4 ./synergy/ssp/src/bsp/mcu/s7g2/bsp_hw_locks.o
                0x00000624                g_lock_lookup_LPM_1U_0U
 .hw_lock_lookup.LVD_0U_0U
                0x00000628        0x4 ./synergy/ssp/src/bsp/mcu/s7g2/bsp_hw_locks.o
                0x00000628                g_lock_lookup_LVD_0U_0U
 .hw_lock_lookup.LVD_0U_1U
                0x0000062c        0x4 ./synergy/ssp/src/bsp/mcu/s7g2/bsp_hw_locks.o
                0x0000062c                g_lock_lookup_LVD_0U_1U
 .hw_lock_lookup.MMF_0U_0U
                0x00000630        0x4 ./synergy/ssp/src/bsp/mcu/s7g2/bsp_hw_locks.o
                0x00000630                g_lock_lookup_MMF_0U_0U
 .hw_lock_lookup.MPU_0U_0U
                0x00000634        0x4 ./synergy/ssp/src/bsp/mcu/s7g2/bsp_hw_locks.o
                0x00000634                g_lock_lookup_MPU_0U_0U
 .hw_lock_lookup.OPS_0U_0U
                0x00000638        0x4 ./synergy/ssp/src/bsp/mcu/s7g2/bsp_hw_locks.o
                0x00000638                g_lock_lookup_OPS_0U_0U
 .hw_lock_lookup.PDC_0U_0U
                0x0000063c        0x4 ./synergy/ssp/src/bsp/mcu/s7g2/bsp_hw_locks.o
                0x0000063c                g_lock_lookup_PDC_0U_0U
 .hw_lock_lookup.POEG_0U_0U
                0x00000640        0x4 ./synergy/ssp/src/bsp/mcu/s7g2/bsp_hw_locks.o
                0x00000640                g_lock_lookup_POEG_0U_0U
 .hw_lock_lookup.POEG_0U_1U
                0x00000644        0x4 ./synergy/ssp/src/bsp/mcu/s7g2/bsp_hw_locks.o
                0x00000644                g_lock_lookup_POEG_0U_1U
 .hw_lock_lookup.POEG_0U_2U
                0x00000648        0x4 ./synergy/ssp/src/bsp/mcu/s7g2/bsp_hw_locks.o
                0x00000648                g_lock_lookup_POEG_0U_2U
 .hw_lock_lookup.POEG_0U_3U
                0x0000064c        0x4 ./synergy/ssp/src/bsp/mcu/s7g2/bsp_hw_locks.o
                0x0000064c                g_lock_lookup_POEG_0U_3U
 .hw_lock_lookup.QSPI_0U_0U
                0x00000650        0x4 ./synergy/ssp/src/bsp/mcu/s7g2/bsp_hw_locks.o
                0x00000650                g_lock_lookup_QSPI_0U_0U
 .hw_lock_lookup.RTC_0U_0U
                0x00000654        0x4 ./synergy/ssp/src/bsp/mcu/s7g2/bsp_hw_locks.o
                0x00000654                g_lock_lookup_RTC_0U_0U
 .hw_lock_lookup.SCE_0U_0U
                0x00000658        0x4 ./synergy/ssp/src/bsp/mcu/s7g2/bsp_hw_locks.o
                0x00000658                g_lock_lookup_SCE_0U_0U
 .hw_lock_lookup.SCI_0U_0U
                0x0000065c        0x4 ./synergy/ssp/src/bsp/mcu/s7g2/bsp_hw_locks.o
                0x0000065c                g_lock_lookup_SCI_0U_0U
 .hw_lock_lookup.SCI_0U_1U
                0x00000660        0x4 ./synergy/ssp/src/bsp/mcu/s7g2/bsp_hw_locks.o
                0x00000660                g_lock_lookup_SCI_0U_1U
 .hw_lock_lookup.SCI_0U_2U
                0x00000664        0x4 ./synergy/ssp/src/bsp/mcu/s7g2/bsp_hw_locks.o
                0x00000664                g_lock_lookup_SCI_0U_2U
 .hw_lock_lookup.SCI_0U_3U
                0x00000668        0x4 ./synergy/ssp/src/bsp/mcu/s7g2/bsp_hw_locks.o
                0x00000668                g_lock_lookup_SCI_0U_3U
 .hw_lock_lookup.SCI_0U_4U
                0x0000066c        0x4 ./synergy/ssp/src/bsp/mcu/s7g2/bsp_hw_locks.o
                0x0000066c                g_lock_lookup_SCI_0U_4U
 .hw_lock_lookup.SCI_0U_5U
                0x00000670        0x4 ./synergy/ssp/src/bsp/mcu/s7g2/bsp_hw_locks.o
                0x00000670                g_lock_lookup_SCI_0U_5U
 .hw_lock_lookup.SCI_0U_6U
                0x00000674        0x4 ./synergy/ssp/src/bsp/mcu/s7g2/bsp_hw_locks.o
                0x00000674                g_lock_lookup_SCI_0U_6U
 .hw_lock_lookup.SCI_0U_7U
                0x00000678        0x4 ./synergy/ssp/src/bsp/mcu/s7g2/bsp_hw_locks.o
                0x00000678                g_lock_lookup_SCI_0U_7U
 .hw_lock_lookup.SCI_0U_8U
                0x0000067c        0x4 ./synergy/ssp/src/bsp/mcu/s7g2/bsp_hw_locks.o
                0x0000067c                g_lock_lookup_SCI_0U_8U
 .hw_lock_lookup.SCI_0U_9U
                0x00000680        0x4 ./synergy/ssp/src/bsp/mcu/s7g2/bsp_hw_locks.o
                0x00000680                g_lock_lookup_SCI_0U_9U
 .hw_lock_lookup.SDHIMMC_0U_0U
                0x00000684        0x4 ./synergy/ssp/src/bsp/mcu/s7g2/bsp_hw_locks.o
                0x00000684                g_lock_lookup_SDHIMMC_0U_0U
 .hw_lock_lookup.SDHIMMC_0U_1U
                0x00000688        0x4 ./synergy/ssp/src/bsp/mcu/s7g2/bsp_hw_locks.o
                0x00000688                g_lock_lookup_SDHIMMC_0U_1U
 .hw_lock_lookup.SPI_0U_0U
                0x0000068c        0x4 ./synergy/ssp/src/bsp/mcu/s7g2/bsp_hw_locks.o
                0x0000068c                g_lock_lookup_SPI_0U_0U
 .hw_lock_lookup.SPI_0U_1U
                0x00000690        0x4 ./synergy/ssp/src/bsp/mcu/s7g2/bsp_hw_locks.o
                0x00000690                g_lock_lookup_SPI_0U_1U
 .hw_lock_lookup.SRC_0U_0U
                0x00000694        0x4 ./synergy/ssp/src/bsp/mcu/s7g2/bsp_hw_locks.o
                0x00000694                g_lock_lookup_SRC_0U_0U
 .hw_lock_lookup.SSI_0U_0U
                0x00000698        0x4 ./synergy/ssp/src/bsp/mcu/s7g2/bsp_hw_locks.o
                0x00000698                g_lock_lookup_SSI_0U_0U
 .hw_lock_lookup.SSI_0U_1U
                0x0000069c        0x4 ./synergy/ssp/src/bsp/mcu/s7g2/bsp_hw_locks.o
                0x0000069c                g_lock_lookup_SSI_0U_1U
 .hw_lock_lookup.TSN_0U_0U
                0x000006a0        0x4 ./synergy/ssp/src/bsp/mcu/s7g2/bsp_hw_locks.o
                0x000006a0                g_lock_lookup_TSN_0U_0U
 .hw_lock_lookup.USB_0U_0U
                0x000006a4        0x4 ./synergy/ssp/src/bsp/mcu/s7g2/bsp_hw_locks.o
                0x000006a4                g_lock_lookup_USB_0U_0U
 .hw_lock_lookup.USB_1U_0U
                0x000006a8        0x4 ./synergy/ssp/src/bsp/mcu/s7g2/bsp_hw_locks.o
                0x000006a8                g_lock_lookup_USB_1U_0U
 .hw_lock_lookup.WDT_0U_0U
                0x000006ac        0x4 ./synergy/ssp/src/bsp/mcu/s7g2/bsp_hw_locks.o
                0x000006ac                g_lock_lookup_WDT_0U_0U
                0x000006b0                __Lock_Lookup_End = .
 *(.text*)
 .text          0x000006b0       0x40 c:/renesas/synergy/e2studio_v7.5.1_ssp_v1.7.8/toolchains/gcc_arm/7.2.1_2017q4/bin/../lib/gcc/arm-none-eabi/7.2.1/thumb/v7e-m/fpv4-sp/hard/crtbegin.o
 .text.R_IOPORT_PinRead
                0x000006f0       0x4c ./synergy/ssp/src/driver/r_ioport/r_ioport.o
                0x000006f0                R_IOPORT_PinRead
 .text.R_IOPORT_PortRead
                0x0000073c       0x28 ./synergy/ssp/src/driver/r_ioport/r_ioport.o
                0x0000073c                R_IOPORT_PortRead
 .text.R_IOPORT_PortEventInputRead
                0x00000764       0x28 ./synergy/ssp/src/driver/r_ioport/r_ioport.o
                0x00000764                R_IOPORT_PortEventInputRead
 .text.R_IOPORT_PinEventInputRead
                0x0000078c       0x54 ./synergy/ssp/src/driver/r_ioport/r_ioport.o
                0x0000078c                R_IOPORT_PinEventInputRead
 .text.R_IOPORT_PortEventOutputWrite
                0x000007e0       0x38 ./synergy/ssp/src/driver/r_ioport/r_ioport.o
                0x000007e0                R_IOPORT_PortEventOutputWrite
 .text.R_IOPORT_PinEventOutputWrite
                0x00000818       0x58 ./synergy/ssp/src/driver/r_ioport/r_ioport.o
                0x00000818                R_IOPORT_PinEventOutputWrite
 .text.R_IOPORT_VersionGet
                0x00000870       0x14 ./synergy/ssp/src/driver/r_ioport/r_ioport.o
                0x00000870                R_IOPORT_VersionGet
 .text.R_IOPORT_PinWrite
                0x00000884       0x54 ./synergy/ssp/src/driver/r_ioport/r_ioport.o
                0x00000884                R_IOPORT_PinWrite
 .text.R_IOPORT_PinDirectionSet
                0x000008d8       0xd0 ./synergy/ssp/src/driver/r_ioport/r_ioport.o
                0x000008d8                R_IOPORT_PinDirectionSet
 .text.R_IOPORT_PortWrite
                0x000009a8       0x38 ./synergy/ssp/src/driver/r_ioport/r_ioport.o
                0x000009a8                R_IOPORT_PortWrite
 .text.R_IOPORT_PortDirectionSet
                0x000009e0       0x40 ./synergy/ssp/src/driver/r_ioport/r_ioport.o
                0x000009e0                R_IOPORT_PortDirectionSet
 .text.bsp_vbatt_init.isra.4
                0x00000a20       0x8c ./synergy/ssp/src/driver/r_ioport/r_ioport.o
 .text.R_IOPORT_EthernetModeCfg
                0x00000aac       0x54 ./synergy/ssp/src/driver/r_ioport/r_ioport.o
                0x00000aac                R_IOPORT_EthernetModeCfg
 .text.R_IOPORT_PinsCfg.part.5
                0x00000b00       0xc0 ./synergy/ssp/src/driver/r_ioport/r_ioport.o
 .text.R_IOPORT_PinsCfg
                0x00000bc0       0x10 ./synergy/ssp/src/driver/r_ioport/r_ioport.o
                0x00000bc0                R_IOPORT_PinsCfg
 .text.R_IOPORT_Init
                0x00000bd0       0x88 ./synergy/ssp/src/driver/r_ioport/r_ioport.o
                0x00000bd0                R_IOPORT_Init
 .text.R_IOPORT_PinCfg
                0x00000c58       0xcc ./synergy/ssp/src/driver/r_ioport/r_ioport.o
                0x00000c58                R_IOPORT_PinCfg
 .text.R_FMI_ProductInfoGet
                0x00000d24       0x30 ./synergy/ssp/src/driver/r_fmi/r_fmi.o
 .text.R_FMI_VersionGet
                0x00000d54       0x14 ./synergy/ssp/src/driver/r_fmi/r_fmi.o
 .text.R_FMI_Init
                0x00000d68       0x6c ./synergy/ssp/src/driver/r_fmi/r_fmi.o
 .text.R_FMI_UniqueIdGet
                0x00000dd4       0x40 ./synergy/ssp/src/driver/r_fmi/r_fmi.o
 .text.R_FMI_EventInfoGet
                0x00000e14       0x84 ./synergy/ssp/src/driver/r_fmi/r_fmi.o
 .text.R_FMI_FeatureGet
                0x00000e98      0x244 ./synergy/ssp/src/driver/r_fmi/r_fmi.o
 .text.R_ELC_LinkSet
                0x000010dc       0x14 ./synergy/ssp/src/driver/r_elc/r_elc.o
                0x000010dc                R_ELC_LinkSet
 .text.R_ELC_LinkBreak
                0x000010f0       0x14 ./synergy/ssp/src/driver/r_elc/r_elc.o
                0x000010f0                R_ELC_LinkBreak
 .text.R_ELC_Enable
                0x00001104       0x14 ./synergy/ssp/src/driver/r_elc/r_elc.o
                0x00001104                R_ELC_Enable
 .text.R_ELC_Disable
                0x00001118       0x14 ./synergy/ssp/src/driver/r_elc/r_elc.o
                0x00001118                R_ELC_Disable
 .text.R_ELC_VersionGet
                0x0000112c       0x14 ./synergy/ssp/src/driver/r_elc/r_elc.o
                0x0000112c                R_ELC_VersionGet
 .text.R_ELC_SoftwareEventGenerate
                0x00001140       0x30 ./synergy/ssp/src/driver/r_elc/r_elc.o
                0x00001140                R_ELC_SoftwareEventGenerate
 .text.R_ELC_Init
                0x00001170       0x7c ./synergy/ssp/src/driver/r_elc/r_elc.o
                0x00001170                R_ELC_Init
 .text.R_CGC_LCDClockCfg
                0x000011ec        0x4 ./synergy/ssp/src/driver/r_cgc/r_cgc.o
                0x000011ec                R_CGC_LCDClockCfg
 .text.R_CGC_LCDClockEnable
                0x000011f0        0x4 ./synergy/ssp/src/driver/r_cgc/r_cgc.o
                0x000011f0                R_CGC_LCDClockEnable
 .text.R_CGC_VersionGet
                0x000011f4       0x14 ./synergy/ssp/src/driver/r_cgc/r_cgc.o
                0x000011f4                R_CGC_VersionGet
 .text.r_cgc_init_pllfreq
                0x00001208       0xd8 ./synergy/ssp/src/driver/r_cgc/r_cgc.o
 .text.R_CGC_SystemClockFreqGet
                0x000012e0       0xb4 ./synergy/ssp/src/driver/r_cgc/r_cgc.o
                0x000012e0                R_CGC_SystemClockFreqGet
 .text.r_cgc_system_dividers_set
                0x00001394       0x44 ./synergy/ssp/src/driver/r_cgc/r_cgc.o
 .text.R_CGC_OscStopStatusClear
                0x000013d8       0x64 ./synergy/ssp/src/driver/r_cgc/r_cgc.o
                0x000013d8                R_CGC_OscStopStatusClear
 .text.R_CGC_BusClockOutCfg
                0x0000143c       0x28 ./synergy/ssp/src/driver/r_cgc/r_cgc.o
                0x0000143c                R_CGC_BusClockOutCfg
 .text.R_CGC_BusClockOutEnable
                0x00001464       0x28 ./synergy/ssp/src/driver/r_cgc/r_cgc.o
                0x00001464                R_CGC_BusClockOutEnable
 .text.R_CGC_BusClockOutDisable
                0x0000148c       0x28 ./synergy/ssp/src/driver/r_cgc/r_cgc.o
                0x0000148c                R_CGC_BusClockOutDisable
 .text.R_CGC_ClockOutEnable
                0x000014b4       0x28 ./synergy/ssp/src/driver/r_cgc/r_cgc.o
                0x000014b4                R_CGC_ClockOutEnable
 .text.R_CGC_ClockOutDisable
                0x000014dc       0x28 ./synergy/ssp/src/driver/r_cgc/r_cgc.o
                0x000014dc                R_CGC_ClockOutDisable
 .text.R_CGC_SDRAMClockOutEnable
                0x00001504       0x28 ./synergy/ssp/src/driver/r_cgc/r_cgc.o
                0x00001504                R_CGC_SDRAMClockOutEnable
 .text.R_CGC_SDRAMClockOutDisable
                0x0000152c       0x28 ./synergy/ssp/src/driver/r_cgc/r_cgc.o
                0x0000152c                R_CGC_SDRAMClockOutDisable
 .text.R_CGC_USBClockCfg
                0x00001554       0x28 ./synergy/ssp/src/driver/r_cgc/r_cgc.o
                0x00001554                R_CGC_USBClockCfg
 .text.r_cgc_check_dividers
                0x0000157c       0x34 ./synergy/ssp/src/driver/r_cgc/r_cgc.o
 .text.R_CGC_SystickUpdate.part.6
                0x000015b0       0x84 ./synergy/ssp/src/driver/r_cgc/r_cgc.o
 .text.R_CGC_SystickUpdate
                0x00001634        0xc ./synergy/ssp/src/driver/r_cgc/r_cgc.o
                0x00001634                R_CGC_SystickUpdate
 .text.R_CGC_ClockOutCfg
                0x00001640       0x5c ./synergy/ssp/src/driver/r_cgc/r_cgc.o
                0x00001640                R_CGC_ClockOutCfg
 .text.R_CGC_OscStopDetect
                0x0000169c      0x118 ./synergy/ssp/src/driver/r_cgc/r_cgc.o
                0x0000169c                R_CGC_OscStopDetect
 .text.r_cgc_subclock_drive_set.constprop.16
                0x000017b4       0x34 ./synergy/ssp/src/driver/r_cgc/r_cgc.o
 .text.R_CGC_SDADCClockCfg
                0x000017e8        0x4 ./synergy/ssp/src/driver/r_cgc/r_cgc.o
                0x000017e8                R_CGC_SDADCClockCfg
 .text.R_CGC_LCDClockDisable
                0x000017ec        0x4 ./synergy/ssp/src/driver/r_cgc/r_cgc.o
                0x000017ec                R_CGC_LCDClockDisable
 .text.R_CGC_SDADCClockEnable
                0x000017f0        0x4 ./synergy/ssp/src/driver/r_cgc/r_cgc.o
                0x000017f0                R_CGC_SDADCClockEnable
 .text.R_CGC_SDADCClockDisable
                0x000017f4        0x4 ./synergy/ssp/src/driver/r_cgc/r_cgc.o
                0x000017f4                R_CGC_SDADCClockDisable
 .text.R_CGC_SystemClockGet
                0x000017f8       0x58 ./synergy/ssp/src/driver/r_cgc/r_cgc.o
                0x000017f8                R_CGC_SystemClockGet
 .text.r_cgc_clock_run_state_get
                0x00001850       0x68 ./synergy/ssp/src/driver/r_cgc/r_cgc.o
                0x00001850                r_cgc_clock_run_state_get
 .text.r_cgc_wait_to_complete
                0x000018b8       0x44 ./synergy/ssp/src/driver/r_cgc/r_cgc.o
 .text.R_CGC_Init
                0x000018fc       0xe0 ./synergy/ssp/src/driver/r_cgc/r_cgc.o
                0x000018fc                R_CGC_Init
 .text.R_CGC_ClockStop
                0x000019dc      0x154 ./synergy/ssp/src/driver/r_cgc/r_cgc.o
                0x000019dc                R_CGC_ClockStop
 .text.R_CGC_ClockCheck
                0x00001b30       0x8c ./synergy/ssp/src/driver/r_cgc/r_cgc.o
                0x00001b30                R_CGC_ClockCheck
 .text.r_cgc_stabilization_wait
                0x00001bbc       0x30 ./synergy/ssp/src/driver/r_cgc/r_cgc.o
 .text.r_cgc_operating_hw_modeset
                0x00001bec       0xfc ./synergy/ssp/src/driver/r_cgc/r_cgc.o
                0x00001bec                r_cgc_operating_hw_modeset
 .text.r_cgc_operating_mode_set
                0x00001ce8       0x50 ./synergy/ssp/src/driver/r_cgc/r_cgc.o
 .text.R_CGC_ClockStart
                0x00001d38      0x358 ./synergy/ssp/src/driver/r_cgc/r_cgc.o
                0x00001d38                R_CGC_ClockStart
 .text.r_cgc_clock_start_stop
                0x00002090       0x54 ./synergy/ssp/src/driver/r_cgc/r_cgc.o
 .text.R_CGC_SystemClockSet
                0x000020e4      0x1b8 ./synergy/ssp/src/driver/r_cgc/r_cgc.o
                0x000020e4                R_CGC_SystemClockSet
 .text.R_CGC_ClocksCfg
                0x0000229c      0x14c ./synergy/ssp/src/driver/r_cgc/r_cgc.o
                0x0000229c                R_CGC_ClocksCfg
 .text.R_BSP_CacheOff
                0x000023e8       0x28 ./synergy/ssp/src/bsp/mcu/s7g2/bsp_cache.o
                0x000023e8                R_BSP_CacheOff
 .text.R_BSP_CacheSet
                0x00002410       0x48 ./synergy/ssp/src/bsp/mcu/s7g2/bsp_cache.o
                0x00002410                R_BSP_CacheSet
 .text.bsp_clock_init
                0x00002458       0xa0 ./synergy/ssp/src/bsp/mcu/s7g2/bsp_clocks.o
                0x00002458                bsp_clock_init
 .text.bsp_cpu_clock_get
                0x000024f8       0x20 ./synergy/ssp/src/bsp/mcu/s7g2/bsp_clocks.o
                0x000024f8                bsp_cpu_clock_get
 .text.bsp_clock_set_callback
                0x00002518      0x138 ./synergy/ssp/src/bsp/mcu/s7g2/bsp_clocks.o
                0x00002518                bsp_clock_set_callback
 .text.R_BSP_FeatureIoportGet
                0x00002650        0xc ./synergy/ssp/src/bsp/mcu/s7g2/bsp_feature.o
                0x00002650                R_BSP_FeatureIoportGet
 .text.R_BSP_FeatureCgcGet
                0x0000265c        0xc ./synergy/ssp/src/bsp/mcu/s7g2/bsp_feature.o
                0x0000265c                R_BSP_FeatureCgcGet
 .text.bsp_group_interrupt_open
                0x00002668       0x18 ./synergy/ssp/src/bsp/mcu/s7g2/bsp_group_irq.o
                0x00002668                bsp_group_interrupt_open
 .text.R_BSP_GroupIrqWrite
                0x00002680       0x10 ./synergy/ssp/src/bsp/mcu/s7g2/bsp_group_irq.o
                0x00002680                R_BSP_GroupIrqWrite
 .text.NMI_Handler
                0x00002690      0x1c8 ./synergy/ssp/src/bsp/mcu/s7g2/bsp_group_irq.o
                0x00002690                NMI_Handler
 .text.r_bsp_get_mstp_mask
                0x00002858       0x4c ./synergy/ssp/src/bsp/mcu/s7g2/bsp_module_stop.o
 .text.r_bsp_module_start_stop
                0x000028a4       0x6c ./synergy/ssp/src/bsp/mcu/s7g2/bsp_module_stop.o
 .text.R_BSP_ModuleStart
                0x00002910        0x8 ./synergy/ssp/src/bsp/mcu/s7g2/bsp_module_stop.o
                0x00002910                R_BSP_ModuleStart
 .text.R_BSP_LedsGet
                0x00002918       0x20 ./synergy/ssp/src/bsp/mcu/all/bsp_common_leds.o
                0x00002918                R_BSP_LedsGet
 .text.software_delay_loop
                0x00002938        0xc ./synergy/ssp/src/bsp/mcu/all/bsp_delay.o
 .text.R_BSP_SoftwareDelay
                0x00002944       0x60 ./synergy/ssp/src/bsp/mcu/all/bsp_delay.o
                0x00002944                R_BSP_SoftwareDelay
 .text.bsp_irq_cfg
                0x000029a4       0x40 ./synergy/ssp/src/bsp/mcu/all/bsp_irq.o
                0x000029a4                bsp_irq_cfg
 .text.bsp_init_hardware_locks
                0x000029e4       0x68 ./synergy/ssp/src/bsp/mcu/all/bsp_locking.o
                0x000029e4                bsp_init_hardware_locks
 .text.R_BSP_RegisterProtectEnable
                0x00002a4c       0x60 ./synergy/ssp/src/bsp/mcu/all/bsp_register_protection.o
                0x00002a4c                R_BSP_RegisterProtectEnable
 .text.R_BSP_RegisterProtectDisable
                0x00002aac       0x4c ./synergy/ssp/src/bsp/mcu/all/bsp_register_protection.o
                0x00002aac                R_BSP_RegisterProtectDisable
 .text.bsp_register_protect_open
                0x00002af8       0x10 ./synergy/ssp/src/bsp/mcu/all/bsp_register_protection.o
                0x00002af8                bsp_register_protect_open
 .text._sbrk    0x00002b08       0x40 ./synergy/ssp/src/bsp/mcu/all/bsp_sbrk.o
                0x00002b08                _sbrk
 .text.Default_Handler
                0x00002b48        0x4 ./synergy/ssp/src/bsp/cmsis/Device/RENESAS/S7G2/Source/startup_S7G2.o
                0x00002b48                HardFault_Handler
                0x00002b48                UsageFault_Handler
                0x00002b48                Default_Handler
                0x00002b48                MemManage_Handler
                0x00002b48                SVC_Handler
                0x00002b48                BusFault_Handler
                0x00002b48                DebugMon_Handler
 .text.Reset_Handler
                0x00002b4c        0xc ./synergy/ssp/src/bsp/cmsis/Device/RENESAS/S7G2/Source/startup_S7G2.o
                0x00002b4c                Reset_Handler
 .text.R_BSP_WarmStart
                0x00002b58        0x4 ./synergy/ssp/src/bsp/cmsis/Device/RENESAS/S7G2/Source/system_S7G2.o
                0x00002b58                R_BSP_WarmStart
 *fill*         0x00002b5c        0x4 ff
 .text.SystemInit
                0x00002b60      0x160 ./synergy/ssp/src/bsp/cmsis/Device/RENESAS/S7G2/Source/system_S7G2.o
                0x00002b60                SystemInit
 .text.bsp_init
                0x00002cc0        0x4 ./synergy/board/s7g2_sk/bsp_init.o
                0x00002cc0                bsp_init
 .text.bsp_qspi_xip_mode
                0x00002cc4       0x80 ./synergy/board/s7g2_sk/bsp_qspi.o
 .text.bsp_qspi_init
                0x00002d44      0x138 ./synergy/board/s7g2_sk/bsp_qspi.o
                0x00002d44                bsp_qspi_init
 .text.blinky_thread_func
                0x00002e7c       0x10 ./src/synergy_gen/blinky_thread.o
 .text.blinky_thread_create
                0x00002e8c       0xa8 ./src/synergy_gen/blinky_thread.o
                0x00002e8c                blinky_thread_create
 .text.g_common_init
                0x00002f34        0x4 ./src/synergy_gen/common_data.o
                0x00002f34                g_common_init
 .text.g_hal_init
                0x00002f38        0x4 ./src/synergy_gen/hal_data.o
                0x00002f38                g_hal_init
 .text.tx_application_define_internal
                0x00002f3c        0x4 ./src/synergy_gen/main.o
                0x00002f3c                tx_application_define_user
                0x00002f3c                tx_application_define_internal
 .text.tx_startup_err_callback_internal
                0x00002f40        0x4 ./src/synergy_gen/main.o
                0x00002f40                tx_startup_err_callback_internal
                0x00002f40                tx_startup_err_callback
 .text.tx_application_define
                0x00002f44       0x4c ./src/synergy_gen/main.o
                0x00002f44                tx_application_define
 .text.tx_startup_common_init
                0x00002f90       0x64 ./src/synergy_gen/main.o
                0x00002f90                tx_startup_common_init
 .text.startup.main
                0x00002ff4        0xc ./src/synergy_gen/main.o
                0x00002ff4                main
 .text.rx_thread_func
                0x00003000       0x10 ./src/synergy_gen/rx_thread.o
 .text.rx_thread_create
                0x00003010       0x5c ./src/synergy_gen/rx_thread.o
                0x00003010                rx_thread_create
 .text.sender1_func
                0x0000306c       0x10 ./src/synergy_gen/sender1.o
 .text.sender1_create
                0x0000307c       0x5c ./src/synergy_gen/sender1.o
                0x0000307c                sender1_create
 .text.sender2_func
                0x000030d8       0x10 ./src/synergy_gen/sender2.o
 .text.sender2_create
                0x000030e8       0x5c ./src/synergy_gen/sender2.o
                0x000030e8                sender2_create
 .text.blinky_thread_entry
                0x00003144       0x20 ./src/blinky_thread_entry.o
                0x00003144                blinky_thread_entry
 .text.rx_thread_entry
                0x00003164       0x28 ./src/rx_thread_entry.o
                0x00003164                rx_thread_entry
 .text.sender1_entry
                0x0000318c       0xa0 ./src/sender1_entry.o
                0x0000318c                sender1_entry
 .text.sender2_entry
                0x0000322c       0xa0 ./src/sender2_entry.o
                0x0000322c                sender2_entry
 .text._txe_mutex_create
                0x000032cc       0xac C:\Users\gabri\Documentos\e2_studio\workplace\lab7\synergy\ssp\src\framework\el\tx\cm4_gcc\libtx.a(txe_mutex_create.o)
                0x000032cc                _txe_mutex_create
 .text._txe_mutex_get
                0x00003378       0x54 C:\Users\gabri\Documentos\e2_studio\workplace\lab7\synergy\ssp\src\framework\el\tx\cm4_gcc\libtx.a(txe_mutex_get.o)
                0x00003378                _txe_mutex_get
 .text._txe_mutex_put
                0x000033cc       0x38 C:\Users\gabri\Documentos\e2_studio\workplace\lab7\synergy\ssp\src\framework\el\tx\cm4_gcc\libtx.a(txe_mutex_put.o)
                0x000033cc                _txe_mutex_put
 .text._txe_queue_create
                0x00003404       0xd0 C:\Users\gabri\Documentos\e2_studio\workplace\lab7\synergy\ssp\src\framework\el\tx\cm4_gcc\libtx.a(txe_queue_create.o)
                0x00003404                _txe_queue_create
 .text._txe_queue_receive
                0x000034d4       0x40 C:\Users\gabri\Documentos\e2_studio\workplace\lab7\synergy\ssp\src\framework\el\tx\cm4_gcc\libtx.a(txe_queue_receive.o)
                0x000034d4                _txe_queue_receive
 .text._txe_queue_send
                0x00003514       0x40 C:\Users\gabri\Documentos\e2_studio\workplace\lab7\synergy\ssp\src\framework\el\tx\cm4_gcc\libtx.a(txe_queue_send.o)
                0x00003514                _txe_queue_send
 .text._txe_semaphore_create
                0x00003554       0xa4 C:\Users\gabri\Documentos\e2_studio\workplace\lab7\synergy\ssp\src\framework\el\tx\cm4_gcc\libtx.a(txe_semaphore_create.o)
                0x00003554                _txe_semaphore_create
 .text._txe_semaphore_get
                0x000035f8       0x2c C:\Users\gabri\Documentos\e2_studio\workplace\lab7\synergy\ssp\src\framework\el\tx\cm4_gcc\libtx.a(txe_semaphore_get.o)
                0x000035f8                _txe_semaphore_get
 .text._txe_semaphore_put
                0x00003624       0x18 C:\Users\gabri\Documentos\e2_studio\workplace\lab7\synergy\ssp\src\framework\el\tx\cm4_gcc\libtx.a(txe_semaphore_put.o)
                0x00003624                _txe_semaphore_put
 .text._txe_thread_create
                0x0000363c      0x150 C:\Users\gabri\Documentos\e2_studio\workplace\lab7\synergy\ssp\src\framework\el\tx\cm4_gcc\libtx.a(txe_thread_create.o)
                0x0000363c                _txe_thread_create
 .text._tx_initialize_high_level
                0x0000378c       0x70 C:\Users\gabri\Documentos\e2_studio\workplace\lab7\synergy\ssp\src\framework\el\tx\cm4_gcc\libtx.a(tx_initialize_high_level.o)
                0x0000378c                _tx_initialize_high_level
 .text._tx_initialize_kernel_enter
                0x000037fc       0x48 C:\Users\gabri\Documentos\e2_studio\workplace\lab7\synergy\ssp\src\framework\el\tx\cm4_gcc\libtx.a(tx_initialize_kernel_enter.o)
                0x000037fc                _tx_initialize_kernel_enter
 .text._tx_mutex_create
                0x00003844       0x60 C:\Users\gabri\Documentos\e2_studio\workplace\lab7\synergy\ssp\src\framework\el\tx\cm4_gcc\libtx.a(tx_mutex_create.o)
                0x00003844                _tx_mutex_create
 .text._tx_mutex_get
                0x000038a4      0x104 C:\Users\gabri\Documentos\e2_studio\workplace\lab7\synergy\ssp\src\framework\el\tx\cm4_gcc\libtx.a(tx_mutex_get.o)
                0x000038a4                _tx_mutex_get
 .text._tx_mutex_priority_change
                0x000039a8       0xbc C:\Users\gabri\Documentos\e2_studio\workplace\lab7\synergy\ssp\src\framework\el\tx\cm4_gcc\libtx.a(tx_mutex_priority_change.o)
                0x000039a8                _tx_mutex_priority_change
 .text._tx_mutex_put
                0x00003a64      0x214 C:\Users\gabri\Documentos\e2_studio\workplace\lab7\synergy\ssp\src\framework\el\tx\cm4_gcc\libtx.a(tx_mutex_put.o)
                0x00003a64                _tx_mutex_put
 .text._tx_queue_create
                0x00003c78       0x70 C:\Users\gabri\Documentos\e2_studio\workplace\lab7\synergy\ssp\src\framework\el\tx\cm4_gcc\libtx.a(tx_queue_create.o)
                0x00003c78                _tx_queue_create
 .text._tx_queue_receive
                0x00003ce8      0x1d8 C:\Users\gabri\Documentos\e2_studio\workplace\lab7\synergy\ssp\src\framework\el\tx\cm4_gcc\libtx.a(tx_queue_receive.o)
                0x00003ce8                _tx_queue_receive
 .text._tx_queue_send
                0x00003ec0      0x128 C:\Users\gabri\Documentos\e2_studio\workplace\lab7\synergy\ssp\src\framework\el\tx\cm4_gcc\libtx.a(tx_queue_send.o)
                0x00003ec0                _tx_queue_send
 .text._tx_semaphore_create
                0x00003fe8       0x54 C:\Users\gabri\Documentos\e2_studio\workplace\lab7\synergy\ssp\src\framework\el\tx\cm4_gcc\libtx.a(tx_semaphore_create.o)
                0x00003fe8                _tx_semaphore_create
 .text._tx_semaphore_get
                0x0000403c       0x84 C:\Users\gabri\Documentos\e2_studio\workplace\lab7\synergy\ssp\src\framework\el\tx\cm4_gcc\libtx.a(tx_semaphore_get.o)
                0x0000403c                _tx_semaphore_get
 .text._tx_semaphore_put
                0x000040c0       0x54 C:\Users\gabri\Documentos\e2_studio\workplace\lab7\synergy\ssp\src\framework\el\tx\cm4_gcc\libtx.a(tx_semaphore_put.o)
                0x000040c0                _tx_semaphore_put
 .text._tx_thread_create
                0x00004114      0x138 C:\Users\gabri\Documentos\e2_studio\workplace\lab7\synergy\ssp\src\framework\el\tx\cm4_gcc\libtx.a(tx_thread_create.o)
                0x00004114                _tx_thread_create
 .text._tx_thread_initialize
                0x0000424c       0x64 C:\Users\gabri\Documentos\e2_studio\workplace\lab7\synergy\ssp\src\framework\el\tx\cm4_gcc\libtx.a(tx_thread_initialize.o)
                0x0000424c                _tx_thread_initialize
 .text._tx_thread_shell_entry
                0x000042b0       0x48 C:\Users\gabri\Documentos\e2_studio\workplace\lab7\synergy\ssp\src\framework\el\tx\cm4_gcc\libtx.a(tx_thread_shell_entry.o)
                0x000042b0                _tx_thread_shell_entry
 .text._tx_thread_sleep
                0x000042f8       0x60 C:\Users\gabri\Documentos\e2_studio\workplace\lab7\synergy\ssp\src\framework\el\tx\cm4_gcc\libtx.a(tx_thread_sleep.o)
                0x000042f8                _tx_thread_sleep
 .text._tx_thread_system_preempt_check
                0x00004358       0x3c C:\Users\gabri\Documentos\e2_studio\workplace\lab7\synergy\ssp\src\framework\el\tx\cm4_gcc\libtx.a(tx_thread_system_preempt_check.o)
                0x00004358                _tx_thread_system_preempt_check
 .text._tx_thread_system_resume
                0x00004394       0xec C:\Users\gabri\Documentos\e2_studio\workplace\lab7\synergy\ssp\src\framework\el\tx\cm4_gcc\libtx.a(tx_thread_system_resume.o)
                0x00004394                _tx_thread_system_resume
 .text._tx_thread_system_suspend
                0x00004480      0x104 C:\Users\gabri\Documentos\e2_studio\workplace\lab7\synergy\ssp\src\framework\el\tx\cm4_gcc\libtx.a(tx_thread_system_suspend.o)
                0x00004480                _tx_thread_system_suspend
 .text._tx_thread_timeout
                0x00004584       0x40 C:\Users\gabri\Documentos\e2_studio\workplace\lab7\synergy\ssp\src\framework\el\tx\cm4_gcc\libtx.a(tx_thread_timeout.o)
                0x00004584                _tx_thread_timeout
 .text._tx_timer_initialize
                0x000045c4       0x74 C:\Users\gabri\Documentos\e2_studio\workplace\lab7\synergy\ssp\src\framework\el\tx\cm4_gcc\libtx.a(tx_timer_initialize.o)
                0x000045c4                _tx_timer_initialize
 .text._tx_timer_system_activate
                0x00004638       0x54 C:\Users\gabri\Documentos\e2_studio\workplace\lab7\synergy\ssp\src\framework\el\tx\cm4_gcc\libtx.a(tx_timer_system_activate.o)
                0x00004638                _tx_timer_system_activate
 .text._tx_timer_system_deactivate
                0x0000468c       0x2c C:\Users\gabri\Documentos\e2_studio\workplace\lab7\synergy\ssp\src\framework\el\tx\cm4_gcc\libtx.a(tx_timer_system_deactivate.o)
                0x0000468c                _tx_timer_system_deactivate
 .text._tx_initialize_low_level
                0x000046b8       0x8c C:\Users\gabri\Documentos\e2_studio\workplace\lab7\synergy\ssp\src\framework\el\tx\cm4_gcc\libtx.a(tx_initialize_low_level.o)
                0x000046b8                _tx_initialize_low_level
 .text._tx_thread_schedule
                0x00004744       0x5c C:\Users\gabri\Documentos\e2_studio\workplace\lab7\synergy\ssp\src\framework\el\tx\cm4_gcc\libtx.a(tx_thread_schedule.o)
                0x00004744                _tx_thread_schedule
 .text._tx_port_wait_thread_ready
                0x000047a0       0xa8 C:\Users\gabri\Documentos\e2_studio\workplace\lab7\synergy\ssp\src\framework\el\tx\cm4_gcc\libtx.a(tx_thread_schedule.o)
                0x000047a0                _tx_port_wait_thread_ready
 .text.PendSV_Handler
                0x00004848       0xb4 C:\Users\gabri\Documentos\e2_studio\workplace\lab7\synergy\ssp\src\framework\el\tx\cm4_gcc\libtx.a(tx_thread_schedule.o)
                0x00004848                PendSV_Handler
 .text.SysTick_Handler
                0x000048fc        0x4 C:\Users\gabri\Documentos\e2_studio\workplace\lab7\synergy\ssp\src\framework\el\tx\cm4_gcc\libtx.a(tx_thread_schedule.o)
                0x000048fc                SysTick_Handler
 .text._tx_thread_stack_build
                0x00004900       0x48 C:\Users\gabri\Documentos\e2_studio\workplace\lab7\synergy\ssp\src\framework\el\tx\cm4_gcc\libtx.a(tx_thread_stack_build.o)
                0x00004900                _tx_thread_stack_build
 .text._tx_timer_interrupt
                0x00004948       0xc0 C:\Users\gabri\Documentos\e2_studio\workplace\lab7\synergy\ssp\src\framework\el\tx\cm4_gcc\libtx.a(tx_timer_interrupt.o)
                0x00004948                _tx_timer_interrupt
 .text._tx_mutex_cleanup
                0x00004a08       0x80 C:\Users\gabri\Documentos\e2_studio\workplace\lab7\synergy\ssp\src\framework\el\tx\cm4_gcc\libtx.a(tx_mutex_cleanup.o)
                0x00004a08                _tx_mutex_cleanup
 .text._tx_mutex_thread_release
                0x00004a88       0x44 C:\Users\gabri\Documentos\e2_studio\workplace\lab7\synergy\ssp\src\framework\el\tx\cm4_gcc\libtx.a(tx_mutex_cleanup.o)
                0x00004a88                _tx_mutex_thread_release
 .text._tx_mutex_prioritize
                0x00004acc       0xa4 C:\Users\gabri\Documentos\e2_studio\workplace\lab7\synergy\ssp\src\framework\el\tx\cm4_gcc\libtx.a(tx_mutex_prioritize.o)
                0x00004acc                _tx_mutex_prioritize
 .text._tx_queue_cleanup
                0x00004b70       0x8c C:\Users\gabri\Documentos\e2_studio\workplace\lab7\synergy\ssp\src\framework\el\tx\cm4_gcc\libtx.a(tx_queue_cleanup.o)
                0x00004b70                _tx_queue_cleanup
 .text._tx_semaphore_cleanup
                0x00004bfc       0x80 C:\Users\gabri\Documentos\e2_studio\workplace\lab7\synergy\ssp\src\framework\el\tx\cm4_gcc\libtx.a(tx_semaphore_cleanup.o)
                0x00004bfc                _tx_semaphore_cleanup
 .text._tx_thread_time_slice
                0x00004c7c       0x74 C:\Users\gabri\Documentos\e2_studio\workplace\lab7\synergy\ssp\src\framework\el\tx\cm4_gcc\libtx.a(tx_thread_time_slice.o)
                0x00004c7c                _tx_thread_time_slice
 .text._tx_timer_expiration_process
                0x00004cf0      0x104 C:\Users\gabri\Documentos\e2_studio\workplace\lab7\synergy\ssp\src\framework\el\tx\cm4_gcc\libtx.a(tx_timer_expiration_process.o)
                0x00004cf0                _tx_timer_expiration_process
 .text.__errno  0x00004df4        0xc c:/renesas/synergy/e2studio_v7.5.1_ssp_v1.7.8/toolchains/gcc_arm/7.2.1_2017q4/bin/../lib/gcc/arm-none-eabi/7.2.1/../../../../arm-none-eabi/lib/thumb/v7e-m/fpv4-sp/hard\libg_nano.a(lib_a-errno.o)
                0x00004df4                __errno
 .text.memcmp   0x00004e00       0x1e c:/renesas/synergy/e2studio_v7.5.1_ssp_v1.7.8/toolchains/gcc_arm/7.2.1_2017q4/bin/../lib/gcc/arm-none-eabi/7.2.1/../../../../arm-none-eabi/lib/thumb/v7e-m/fpv4-sp/hard\libg_nano.a(lib_a-memcmp.o)
                0x00004e00                memcmp
 .text.memset   0x00004e1e       0x10 c:/renesas/synergy/e2studio_v7.5.1_ssp_v1.7.8/toolchains/gcc_arm/7.2.1_2017q4/bin/../lib/gcc/arm-none-eabi/7.2.1/../../../../arm-none-eabi/lib/thumb/v7e-m/fpv4-sp/hard\libg_nano.a(lib_a-memset.o)
                0x00004e1e                memset
 *fill*         0x00004e2e        0x2 ff
 .text.srand    0x00004e30       0x48 c:/renesas/synergy/e2studio_v7.5.1_ssp_v1.7.8/toolchains/gcc_arm/7.2.1_2017q4/bin/../lib/gcc/arm-none-eabi/7.2.1/../../../../arm-none-eabi/lib/thumb/v7e-m/fpv4-sp/hard\libg_nano.a(lib_a-rand.o)
                0x00004e30                srand
 .text.malloc   0x00004e78       0x10 c:/renesas/synergy/e2studio_v7.5.1_ssp_v1.7.8/toolchains/gcc_arm/7.2.1_2017q4/bin/../lib/gcc/arm-none-eabi/7.2.1/../../../../arm-none-eabi/lib/thumb/v7e-m/fpv4-sp/hard\libg_nano.a(lib_a-malloc.o)
                0x00004e78                malloc
 .text._malloc_r
                0x00004e88       0xb4 c:/renesas/synergy/e2studio_v7.5.1_ssp_v1.7.8/toolchains/gcc_arm/7.2.1_2017q4/bin/../lib/gcc/arm-none-eabi/7.2.1/../../../../arm-none-eabi/lib/thumb/v7e-m/fpv4-sp/hard\libg_nano.a(lib_a-nano-mallocr.o)
                0x00004e88                _malloc_r
 .text._sbrk_r  0x00004f3c       0x20 c:/renesas/synergy/e2studio_v7.5.1_ssp_v1.7.8/toolchains/gcc_arm/7.2.1_2017q4/bin/../lib/gcc/arm-none-eabi/7.2.1/../../../../arm-none-eabi/lib/thumb/v7e-m/fpv4-sp/hard\libg_nano.a(lib_a-sbrkr.o)
                0x00004f3c                _sbrk_r
 .text.__malloc_lock
                0x00004f5c        0x2 c:/renesas/synergy/e2studio_v7.5.1_ssp_v1.7.8/toolchains/gcc_arm/7.2.1_2017q4/bin/../lib/gcc/arm-none-eabi/7.2.1/../../../../arm-none-eabi/lib/thumb/v7e-m/fpv4-sp/hard\libg_nano.a(lib_a-mlock.o)
                0x00004f5c                __malloc_lock
 .text.__malloc_unlock
                0x00004f5e        0x2 c:/renesas/synergy/e2studio_v7.5.1_ssp_v1.7.8/toolchains/gcc_arm/7.2.1_2017q4/bin/../lib/gcc/arm-none-eabi/7.2.1/../../../../arm-none-eabi/lib/thumb/v7e-m/fpv4-sp/hard\libg_nano.a(lib_a-mlock.o)
                0x00004f5e                __malloc_unlock
 *(.version)
 .version       0x00004f60       0x60 ./synergy/ssp/src/bsp/mcu/all/bsp_common.o
 *(.init)
 .init          0x00004fc0        0x4 c:/renesas/synergy/e2studio_v7.5.1_ssp_v1.7.8/toolchains/gcc_arm/7.2.1_2017q4/bin/../lib/gcc/arm-none-eabi/7.2.1/thumb/v7e-m/fpv4-sp/hard/crti.o
                0x00004fc0                _init
 .init          0x00004fc4        0x8 c:/renesas/synergy/e2studio_v7.5.1_ssp_v1.7.8/toolchains/gcc_arm/7.2.1_2017q4/bin/../lib/gcc/arm-none-eabi/7.2.1/thumb/v7e-m/fpv4-sp/hard/crtn.o
 *(.fini)
 .fini          0x00004fcc        0x4 c:/renesas/synergy/e2studio_v7.5.1_ssp_v1.7.8/toolchains/gcc_arm/7.2.1_2017q4/bin/../lib/gcc/arm-none-eabi/7.2.1/thumb/v7e-m/fpv4-sp/hard/crti.o
                0x00004fcc                _fini
 .fini          0x00004fd0        0x8 c:/renesas/synergy/e2studio_v7.5.1_ssp_v1.7.8/toolchains/gcc_arm/7.2.1_2017q4/bin/../lib/gcc/arm-none-eabi/7.2.1/thumb/v7e-m/fpv4-sp/hard/crtn.o
 *crtbegin.o(.ctors)
 *crtbegin?.o(.ctors)
 *(EXCLUDE_FILE(*crtend.o *crtend?.o) .ctors)
 *(SORT_BY_NAME(.ctors.*))
 *(.ctors)
 *crtbegin.o(.dtors)
 *crtbegin?.o(.dtors)
 *(EXCLUDE_FILE(*crtend.o *crtend?.o) .dtors)
 *(SORT_BY_NAME(.dtors.*))
 *(.dtors)
 *(.rodata*)
 .rodata.g_ioport_on_ioport
                0x00004fd8       0x3c ./synergy/ssp/src/driver/r_ioport/r_ioport.o
                0x00004fd8                g_ioport_on_ioport
 .rodata.g_vbatt_pins_input
                0x00005014        0x6 ./synergy/ssp/src/driver/r_ioport/r_ioport.o
 *fill*         0x0000501a        0x2 ff
 .rodata.bit_count
                0x0000501c       0x80 ./synergy/ssp/src/driver/r_fmi/r_fmi.o
 .rodata.bit_count_mask
                0x0000509c        0x8 ./synergy/ssp/src/driver/r_fmi/r_fmi.o
 .rodata.g_fmi_on_fmi
                0x000050a4       0x18 ./synergy/ssp/src/driver/r_fmi/r_fmi.o
                0x000050a4                g_fmi_on_fmi
 .rodata.g_fmi_version
                0x000050bc        0x4 ./synergy/ssp/src/driver/r_fmi/r_fmi.o
 .rodata.g_elc_on_elc
                0x000050c0       0x1c ./synergy/ssp/src/driver/r_elc/r_elc.o
                0x000050c0                g_elc_on_elc
 .rodata.s_elc_version
                0x000050dc        0x4 ./synergy/ssp/src/driver/r_elc/r_elc.o
 .rodata.g_cgc_on_cgc
                0x000050e0       0x6c ./synergy/ssp/src/driver/r_cgc/r_cgc.o
                0x000050e0                g_cgc_on_cgc
 .rodata.g_cgc_version
                0x0000514c        0x4 ./synergy/ssp/src/driver/r_cgc/r_cgc.o
 .rodata.g_pllccr2_div_setting
                0x00005150        0x8 ./synergy/ssp/src/driver/r_cgc/r_cgc.o
 .rodata.g_pllccr2_div_value
                0x00005158        0x6 ./synergy/ssp/src/driver/r_cgc/r_cgc.o
 *fill*         0x0000515e        0x2 ff
 .rodata.g_pllccr_div_setting
                0x00005160        0x6 ./synergy/ssp/src/driver/r_cgc/r_cgc.o
 *fill*         0x00005166        0x2 ff
 .rodata.g_pllccr_div_value
                0x00005168        0x6 ./synergy/ssp/src/driver/r_cgc/r_cgc.o
 *fill*         0x0000516e        0x2 ff
 .rodata.g_cgc_feature
                0x00005170       0x2c ./synergy/ssp/src/bsp/mcu/s7g2/bsp_feature.o
 .rodata.g_fmi_data
                0x0000519c      0x400 ./synergy/ssp/src/bsp/mcu/s7g2/bsp_fmi_R7FS7G27H3A01CFC.o
                0x0000519c                g_fmi_data
 .rodata.g_bsp_module_stop
                0x0000559c       0x46 ./synergy/ssp/src/bsp/mcu/s7g2/bsp_module_stop.o
 *fill*         0x000055e2        0x2 ff
 .rodata.gp_mstp
                0x000055e4       0x10 ./synergy/ssp/src/bsp/mcu/s7g2/bsp_module_stop.o
 .rodata.gp_vector_information
                0x000055f4        0x4 ./synergy/ssp/src/bsp/mcu/all/bsp_irq.o
                0x000055f4                gp_vector_information
 .rodata.g_prcr_masks
                0x000055f8        0x6 ./synergy/ssp/src/bsp/mcu/all/bsp_register_protection.o
 *fill*         0x000055fe        0x2 ff
 .rodata.g_elc_cfg
                0x00005600        0xc ./synergy/ssp/src/bsp/cmsis/Device/RENESAS/S7G2/Source/system_S7G2.o
 .rodata.g_bsp_leds
                0x0000560c        0x8 ./synergy/board/s7g2_sk/bsp_leds.o
                0x0000560c                g_bsp_leds
 .rodata.g_bsp_prv_leds
                0x00005614        0x6 ./synergy/board/s7g2_sk/bsp_leds.o
 *fill*         0x0000561a        0x2 ff
 .rodata.blinky_thread_create.str1.4
                0x0000561c       0x26 ./src/synergy_gen/blinky_thread.o
 *fill*         0x00005642        0x2 ff
 .rodata.g_ioport
                0x00005644        0x8 ./src/synergy_gen/common_data.o
                0x00005644                g_ioport
 .rodata.tx_application_define.str1.4
                0x0000564c       0x14 ./src/synergy_gen/main.o
 .rodata.g_bsp_pin_cfg
                0x00005660        0x8 ./src/synergy_gen/pin_data.o
                0x00005660                g_bsp_pin_cfg
 .rodata.g_bsp_pin_cfg_data
                0x00005668      0x380 ./src/synergy_gen/pin_data.o
                0x00005668                g_bsp_pin_cfg_data
 .rodata.rx_thread_create.str1.4
                0x000059e8        0xa ./src/synergy_gen/rx_thread.o
 *fill*         0x000059f2        0x2 ff
 .rodata.sender1_create.str1.4
                0x000059f4        0x8 ./src/synergy_gen/sender1.o
 .rodata.sender2_create.str1.4
                0x000059fc        0x8 ./src/synergy_gen/sender2.o
 .rodata.g_vfp_offset
                0x00005a04        0x4 C:\Users\gabri\Documentos\e2_studio\workplace\lab7\synergy\ssp\src\framework\el\tx\cm4_gcc\libtx.a(tx_thread_schedule.o)
                0x00005a04                g_vfp_offset
 .rodata.__sf_fake_stderr
                0x00005a08       0x20 c:/renesas/synergy/e2studio_v7.5.1_ssp_v1.7.8/toolchains/gcc_arm/7.2.1_2017q4/bin/../lib/gcc/arm-none-eabi/7.2.1/../../../../arm-none-eabi/lib/thumb/v7e-m/fpv4-sp/hard\libc_nano.a(lib_a-findfp.o)
                0x00005a08                __sf_fake_stderr
 .rodata.__sf_fake_stdin
                0x00005a28       0x20 c:/renesas/synergy/e2studio_v7.5.1_ssp_v1.7.8/toolchains/gcc_arm/7.2.1_2017q4/bin/../lib/gcc/arm-none-eabi/7.2.1/../../../../arm-none-eabi/lib/thumb/v7e-m/fpv4-sp/hard\libc_nano.a(lib_a-findfp.o)
                0x00005a28                __sf_fake_stdin
 .rodata.__sf_fake_stdout
                0x00005a48       0x20 c:/renesas/synergy/e2studio_v7.5.1_ssp_v1.7.8/toolchains/gcc_arm/7.2.1_2017q4/bin/../lib/gcc/arm-none-eabi/7.2.1/../../../../arm-none-eabi/lib/thumb/v7e-m/fpv4-sp/hard\libc_nano.a(lib_a-findfp.o)
                0x00005a48                __sf_fake_stdout
                0x00005a68                __usb_dev_descriptor_start_fs = .
 *(.usb_device_desc_fs*)
                0x00005a68                __usb_cfg_descriptor_start_fs = .
 *(.usb_config_desc_fs*)
                0x00005a68                __usb_interface_descriptor_start_fs = .
 *(.usb_interface_desc_fs*)
                0x00005a68                __usb_descriptor_end_fs = .
                0x00005a68                __usb_dev_descriptor_start_hs = .
 *(.usb_device_desc_hs*)
                0x00005a68                __usb_cfg_descriptor_start_hs = .
 *(.usb_config_desc_hs*)
                0x00005a68                __usb_interface_descriptor_start_hs = .
 *(.usb_interface_desc_hs*)
                0x00005a68                __usb_descriptor_end_hs = .
 *(.eh_frame*)
 .eh_frame      0x00005a68        0x0 c:/renesas/synergy/e2studio_v7.5.1_ssp_v1.7.8/toolchains/gcc_arm/7.2.1_2017q4/bin/../lib/gcc/arm-none-eabi/7.2.1/thumb/v7e-m/fpv4-sp/hard/crtbegin.o
 .eh_frame      0x00005a68        0x4 c:/renesas/synergy/e2studio_v7.5.1_ssp_v1.7.8/toolchains/gcc_arm/7.2.1_2017q4/bin/../lib/gcc/arm-none-eabi/7.2.1/thumb/v7e-m/fpv4-sp/hard/crtend.o
                0x00005a6c                __ROM_End = .
                0x00000040                __Vectors_Size = (__Vectors_End - __Vectors)
                0x00000000                __Vector_Info_Size = (__Vector_Info_End - __Vector_Info_Start)
                0x000001b0                __Lock_Lookup_Size = (__Lock_Lookup_End - __Lock_Lookup_Start)

.glue_7         0x00005a6c        0x0
 .glue_7        0x00005a6c        0x0 linker stubs

.glue_7t        0x00005a6c        0x0
 .glue_7t       0x00005a6c        0x0 linker stubs

.vfp11_veneer   0x00005a6c        0x0
 .vfp11_veneer  0x00005a6c        0x0 linker stubs

.v4_bx          0x00005a6c        0x0
 .v4_bx         0x00005a6c        0x0 linker stubs

.iplt           0x00005a6c        0x0
 .iplt          0x00005a6c        0x0 c:/renesas/synergy/e2studio_v7.5.1_ssp_v1.7.8/toolchains/gcc_arm/7.2.1_2017q4/bin/../lib/gcc/arm-none-eabi/7.2.1/thumb/v7e-m/fpv4-sp/hard/crtbegin.o

.ARM.extab
 *(.ARM.extab* .gnu.linkonce.armextab.*)
                0x00005a6c                __exidx_start = .

.ARM.exidx
 *(.ARM.exidx* .gnu.linkonce.armexidx.*)
                0x00005a6c                __exidx_end = .
                0x00005a6c                __etext = .

.ssp_dtc_vector_table
                0x1ffe0000        0x0
                0x1ffe0000                . = ORIGIN (RAM)
 *(.ssp_dtc_vector_table)

.data           0x1ffe0000       0xdc load address 0x00005a6c
                0x1ffe0000                __data_start__ = .
 *(vtable)
 *(.data*)
 .data._tx_thread_system_state
                0x1ffe0000        0x4 C:\Users\gabri\Documentos\e2_studio\workplace\lab7\synergy\ssp\src\framework\el\tx\cm4_gcc\libtx.a(tx_thread_initialize.o)
                0x1ffe0000                _tx_thread_system_state
 .data._impure_ptr
                0x1ffe0004        0x4 c:/renesas/synergy/e2studio_v7.5.1_ssp_v1.7.8/toolchains/gcc_arm/7.2.1_2017q4/bin/../lib/gcc/arm-none-eabi/7.2.1/../../../../arm-none-eabi/lib/thumb/v7e-m/fpv4-sp/hard\libg_nano.a(lib_a-impure.o)
                0x1ffe0004                _impure_ptr
 .data.impure_data
                0x1ffe0008       0x60 c:/renesas/synergy/e2studio_v7.5.1_ssp_v1.7.8/toolchains/gcc_arm/7.2.1_2017q4/bin/../lib/gcc/arm-none-eabi/7.2.1/../../../../arm-none-eabi/lib/thumb/v7e-m/fpv4-sp/hard\libg_nano.a(lib_a-impure.o)
                0x1ffe0068                . = ALIGN (0x4)
                0x1ffe0068                PROVIDE (__preinit_array_start, .)
 *(.preinit_array)
                0x1ffe0068                PROVIDE (__preinit_array_end, .)
                0x1ffe0068                . = ALIGN (0x4)
                0x1ffe0068                PROVIDE (__init_array_start, .)
 *(SORT_BY_NAME(.init_array.*))
 *(.init_array)
 .init_array    0x1ffe0068        0x4 c:/renesas/synergy/e2studio_v7.5.1_ssp_v1.7.8/toolchains/gcc_arm/7.2.1_2017q4/bin/../lib/gcc/arm-none-eabi/7.2.1/thumb/v7e-m/fpv4-sp/hard/crtbegin.o
                0x1ffe006c                PROVIDE (__init_array_end, .)
                0x1ffe006c                . = ALIGN (0x4)
                [!provide]                PROVIDE (__fini_array_start, .)
 *(SORT_BY_NAME(.fini_array.*))
 *(.fini_array)
 .fini_array    0x1ffe006c        0x4 c:/renesas/synergy/e2studio_v7.5.1_ssp_v1.7.8/toolchains/gcc_arm/7.2.1_2017q4/bin/../lib/gcc/arm-none-eabi/7.2.1/thumb/v7e-m/fpv4-sp/hard/crtbegin.o
                [!provide]                PROVIDE (__fini_array_end, .)
 *(.jcr*)
                0x1ffe0070                . = ALIGN (0x4)
                0x1ffe0070                __Code_In_RAM_Start = .
 *(.code_in_ram*)
                0x1ffe0070                __Code_In_RAM_End = .
                0x1ffe0070                __Lock_Start = .
 *(SORT_BY_NAME(.hw_lock*))
 .hw_lock.ADC_0U_0U
                0x1ffe0070        0x1 ./synergy/ssp/src/bsp/mcu/s7g2/bsp_hw_locks.o
                0x1ffe0070                g_hw_lock_ADC_0U_0U
 .hw_lock.ADC_0U_1U
                0x1ffe0071        0x1 ./synergy/ssp/src/bsp/mcu/s7g2/bsp_hw_locks.o
                0x1ffe0071                g_hw_lock_ADC_0U_1U
 .hw_lock.AGT_0U_0U
                0x1ffe0072        0x1 ./synergy/ssp/src/bsp/mcu/s7g2/bsp_hw_locks.o
                0x1ffe0072                g_hw_lock_AGT_0U_0U
 .hw_lock.AGT_0U_1U
                0x1ffe0073        0x1 ./synergy/ssp/src/bsp/mcu/s7g2/bsp_hw_locks.o
                0x1ffe0073                g_hw_lock_AGT_0U_1U
 .hw_lock.BSC_0U_1U
                0x1ffe0074        0x1 ./synergy/ssp/src/bsp/mcu/s7g2/bsp_hw_locks.o
                0x1ffe0074                g_hw_lock_BSC_0U_1U
 .hw_lock.CAC_0U_0U
                0x1ffe0075        0x1 ./synergy/ssp/src/bsp/mcu/s7g2/bsp_hw_locks.o
                0x1ffe0075                g_hw_lock_CAC_0U_0U
 .hw_lock.CAN_0U_0U
                0x1ffe0076        0x1 ./synergy/ssp/src/bsp/mcu/s7g2/bsp_hw_locks.o
                0x1ffe0076                g_hw_lock_CAN_0U_0U
 .hw_lock.CAN_0U_1U
                0x1ffe0077        0x1 ./synergy/ssp/src/bsp/mcu/s7g2/bsp_hw_locks.o
                0x1ffe0077                g_hw_lock_CAN_0U_1U
 .hw_lock.COMP_HS_0U_0U
                0x1ffe0078        0x1 ./synergy/ssp/src/bsp/mcu/s7g2/bsp_hw_locks.o
                0x1ffe0078                g_hw_lock_COMP_HS_0U_0U
 .hw_lock.COMP_HS_0U_1U
                0x1ffe0079        0x1 ./synergy/ssp/src/bsp/mcu/s7g2/bsp_hw_locks.o
                0x1ffe0079                g_hw_lock_COMP_HS_0U_1U
 .hw_lock.COMP_HS_0U_2U
                0x1ffe007a        0x1 ./synergy/ssp/src/bsp/mcu/s7g2/bsp_hw_locks.o
                0x1ffe007a                g_hw_lock_COMP_HS_0U_2U
 .hw_lock.COMP_HS_0U_3U
                0x1ffe007b        0x1 ./synergy/ssp/src/bsp/mcu/s7g2/bsp_hw_locks.o
                0x1ffe007b                g_hw_lock_COMP_HS_0U_3U
 .hw_lock.COMP_HS_0U_4U
                0x1ffe007c        0x1 ./synergy/ssp/src/bsp/mcu/s7g2/bsp_hw_locks.o
                0x1ffe007c                g_hw_lock_COMP_HS_0U_4U
 .hw_lock.COMP_HS_0U_5U
                0x1ffe007d        0x1 ./synergy/ssp/src/bsp/mcu/s7g2/bsp_hw_locks.o
                0x1ffe007d                g_hw_lock_COMP_HS_0U_5U
 .hw_lock.CRC_0U_0U
                0x1ffe007e        0x1 ./synergy/ssp/src/bsp/mcu/s7g2/bsp_hw_locks.o
                0x1ffe007e                g_hw_lock_CRC_0U_0U
 .hw_lock.CTSU_0U_0U
                0x1ffe007f        0x1 ./synergy/ssp/src/bsp/mcu/s7g2/bsp_hw_locks.o
                0x1ffe007f                g_hw_lock_CTSU_0U_0U
 .hw_lock.DAAD_0U_0U
                0x1ffe0080        0x1 ./synergy/ssp/src/bsp/mcu/s7g2/bsp_hw_locks.o
                0x1ffe0080                g_hw_lock_DAAD_0U_0U
 .hw_lock.DAC_0U_0U
                0x1ffe0081        0x1 ./synergy/ssp/src/bsp/mcu/s7g2/bsp_hw_locks.o
                0x1ffe0081                g_hw_lock_DAC_0U_0U
 .hw_lock.DAC_0U_1U
                0x1ffe0082        0x1 ./synergy/ssp/src/bsp/mcu/s7g2/bsp_hw_locks.o
                0x1ffe0082                g_hw_lock_DAC_0U_1U
 .hw_lock.DMAC_0U_0U
                0x1ffe0083        0x1 ./synergy/ssp/src/bsp/mcu/s7g2/bsp_hw_locks.o
                0x1ffe0083                g_hw_lock_DMAC_0U_0U
 .hw_lock.DMAC_0U_1U
                0x1ffe0084        0x1 ./synergy/ssp/src/bsp/mcu/s7g2/bsp_hw_locks.o
                0x1ffe0084                g_hw_lock_DMAC_0U_1U
 .hw_lock.DMAC_0U_2U
                0x1ffe0085        0x1 ./synergy/ssp/src/bsp/mcu/s7g2/bsp_hw_locks.o
                0x1ffe0085                g_hw_lock_DMAC_0U_2U
 .hw_lock.DMAC_0U_3U
                0x1ffe0086        0x1 ./synergy/ssp/src/bsp/mcu/s7g2/bsp_hw_locks.o
                0x1ffe0086                g_hw_lock_DMAC_0U_3U
 .hw_lock.DMAC_0U_4U
                0x1ffe0087        0x1 ./synergy/ssp/src/bsp/mcu/s7g2/bsp_hw_locks.o
                0x1ffe0087                g_hw_lock_DMAC_0U_4U
 .hw_lock.DMAC_0U_5U
                0x1ffe0088        0x1 ./synergy/ssp/src/bsp/mcu/s7g2/bsp_hw_locks.o
                0x1ffe0088                g_hw_lock_DMAC_0U_5U
 .hw_lock.DMAC_0U_6U
                0x1ffe0089        0x1 ./synergy/ssp/src/bsp/mcu/s7g2/bsp_hw_locks.o
                0x1ffe0089                g_hw_lock_DMAC_0U_6U
 .hw_lock.DMAC_0U_7U
                0x1ffe008a        0x1 ./synergy/ssp/src/bsp/mcu/s7g2/bsp_hw_locks.o
                0x1ffe008a                g_hw_lock_DMAC_0U_7U
 .hw_lock.DOC_0U_0U
                0x1ffe008b        0x1 ./synergy/ssp/src/bsp/mcu/s7g2/bsp_hw_locks.o
                0x1ffe008b                g_hw_lock_DOC_0U_0U
 .hw_lock.DRW_0U_0U
                0x1ffe008c        0x1 ./synergy/ssp/src/bsp/mcu/s7g2/bsp_hw_locks.o
                0x1ffe008c                g_hw_lock_DRW_0U_0U
 .hw_lock.DTC_0U_0U
                0x1ffe008d        0x1 ./synergy/ssp/src/bsp/mcu/s7g2/bsp_hw_locks.o
                0x1ffe008d                g_hw_lock_DTC_0U_0U
 .hw_lock.ELC_0U_0U
                0x1ffe008e        0x1 ./synergy/ssp/src/bsp/mcu/s7g2/bsp_hw_locks.o
                0x1ffe008e                g_hw_lock_ELC_0U_0U
 .hw_lock.EPTPC_0U_0U
                0x1ffe008f        0x1 ./synergy/ssp/src/bsp/mcu/s7g2/bsp_hw_locks.o
                0x1ffe008f                g_hw_lock_EPTPC_0U_0U
 .hw_lock.ETHER_0U_0U
                0x1ffe0090        0x1 ./synergy/ssp/src/bsp/mcu/s7g2/bsp_hw_locks.o
                0x1ffe0090                g_hw_lock_ETHER_0U_0U
 .hw_lock.ETHER_0U_1U
                0x1ffe0091        0x1 ./synergy/ssp/src/bsp/mcu/s7g2/bsp_hw_locks.o
                0x1ffe0091                g_hw_lock_ETHER_0U_1U
 .hw_lock.FCU_0U_0U
                0x1ffe0092        0x1 ./synergy/ssp/src/bsp/mcu/s7g2/bsp_hw_locks.o
                0x1ffe0092                g_hw_lock_FCU_0U_0U
 .hw_lock.GLCDC_0U_0U
                0x1ffe0093        0x1 ./synergy/ssp/src/bsp/mcu/s7g2/bsp_hw_locks.o
                0x1ffe0093                g_hw_lock_GLCDC_0U_0U
 .hw_lock.GPT_0U_0U
                0x1ffe0094        0x1 ./synergy/ssp/src/bsp/mcu/s7g2/bsp_hw_locks.o
                0x1ffe0094                g_hw_lock_GPT_0U_0U
 .hw_lock.GPT_0U_10U
                0x1ffe0095        0x1 ./synergy/ssp/src/bsp/mcu/s7g2/bsp_hw_locks.o
                0x1ffe0095                g_hw_lock_GPT_0U_10U
 .hw_lock.GPT_0U_11U
                0x1ffe0096        0x1 ./synergy/ssp/src/bsp/mcu/s7g2/bsp_hw_locks.o
                0x1ffe0096                g_hw_lock_GPT_0U_11U
 .hw_lock.GPT_0U_12U
                0x1ffe0097        0x1 ./synergy/ssp/src/bsp/mcu/s7g2/bsp_hw_locks.o
                0x1ffe0097                g_hw_lock_GPT_0U_12U
 .hw_lock.GPT_0U_13U
                0x1ffe0098        0x1 ./synergy/ssp/src/bsp/mcu/s7g2/bsp_hw_locks.o
                0x1ffe0098                g_hw_lock_GPT_0U_13U
 .hw_lock.GPT_0U_1U
                0x1ffe0099        0x1 ./synergy/ssp/src/bsp/mcu/s7g2/bsp_hw_locks.o
                0x1ffe0099                g_hw_lock_GPT_0U_1U
 .hw_lock.GPT_0U_2U
                0x1ffe009a        0x1 ./synergy/ssp/src/bsp/mcu/s7g2/bsp_hw_locks.o
                0x1ffe009a                g_hw_lock_GPT_0U_2U
 .hw_lock.GPT_0U_3U
                0x1ffe009b        0x1 ./synergy/ssp/src/bsp/mcu/s7g2/bsp_hw_locks.o
                0x1ffe009b                g_hw_lock_GPT_0U_3U
 .hw_lock.GPT_0U_4U
                0x1ffe009c        0x1 ./synergy/ssp/src/bsp/mcu/s7g2/bsp_hw_locks.o
                0x1ffe009c                g_hw_lock_GPT_0U_4U
 .hw_lock.GPT_0U_5U
                0x1ffe009d        0x1 ./synergy/ssp/src/bsp/mcu/s7g2/bsp_hw_locks.o
                0x1ffe009d                g_hw_lock_GPT_0U_5U
 .hw_lock.GPT_0U_6U
                0x1ffe009e        0x1 ./synergy/ssp/src/bsp/mcu/s7g2/bsp_hw_locks.o
                0x1ffe009e                g_hw_lock_GPT_0U_6U
 .hw_lock.GPT_0U_7U
                0x1ffe009f        0x1 ./synergy/ssp/src/bsp/mcu/s7g2/bsp_hw_locks.o
                0x1ffe009f                g_hw_lock_GPT_0U_7U
 .hw_lock.GPT_0U_8U
                0x1ffe00a0        0x1 ./synergy/ssp/src/bsp/mcu/s7g2/bsp_hw_locks.o
                0x1ffe00a0                g_hw_lock_GPT_0U_8U
 .hw_lock.GPT_0U_9U
                0x1ffe00a1        0x1 ./synergy/ssp/src/bsp/mcu/s7g2/bsp_hw_locks.o
                0x1ffe00a1                g_hw_lock_GPT_0U_9U
 .hw_lock.ICU_0U_0U
                0x1ffe00a2        0x1 ./synergy/ssp/src/bsp/mcu/s7g2/bsp_hw_locks.o
                0x1ffe00a2                g_hw_lock_ICU_0U_0U
 .hw_lock.ICU_0U_10U
                0x1ffe00a3        0x1 ./synergy/ssp/src/bsp/mcu/s7g2/bsp_hw_locks.o
                0x1ffe00a3                g_hw_lock_ICU_0U_10U
 .hw_lock.ICU_0U_11U
                0x1ffe00a4        0x1 ./synergy/ssp/src/bsp/mcu/s7g2/bsp_hw_locks.o
                0x1ffe00a4                g_hw_lock_ICU_0U_11U
 .hw_lock.ICU_0U_12U
                0x1ffe00a5        0x1 ./synergy/ssp/src/bsp/mcu/s7g2/bsp_hw_locks.o
                0x1ffe00a5                g_hw_lock_ICU_0U_12U
 .hw_lock.ICU_0U_13U
                0x1ffe00a6        0x1 ./synergy/ssp/src/bsp/mcu/s7g2/bsp_hw_locks.o
                0x1ffe00a6                g_hw_lock_ICU_0U_13U
 .hw_lock.ICU_0U_14U
                0x1ffe00a7        0x1 ./synergy/ssp/src/bsp/mcu/s7g2/bsp_hw_locks.o
                0x1ffe00a7                g_hw_lock_ICU_0U_14U
 .hw_lock.ICU_0U_15U
                0x1ffe00a8        0x1 ./synergy/ssp/src/bsp/mcu/s7g2/bsp_hw_locks.o
                0x1ffe00a8                g_hw_lock_ICU_0U_15U
 .hw_lock.ICU_0U_1U
                0x1ffe00a9        0x1 ./synergy/ssp/src/bsp/mcu/s7g2/bsp_hw_locks.o
                0x1ffe00a9                g_hw_lock_ICU_0U_1U
 .hw_lock.ICU_0U_2U
                0x1ffe00aa        0x1 ./synergy/ssp/src/bsp/mcu/s7g2/bsp_hw_locks.o
                0x1ffe00aa                g_hw_lock_ICU_0U_2U
 .hw_lock.ICU_0U_3U
                0x1ffe00ab        0x1 ./synergy/ssp/src/bsp/mcu/s7g2/bsp_hw_locks.o
                0x1ffe00ab                g_hw_lock_ICU_0U_3U
 .hw_lock.ICU_0U_4U
                0x1ffe00ac        0x1 ./synergy/ssp/src/bsp/mcu/s7g2/bsp_hw_locks.o
                0x1ffe00ac                g_hw_lock_ICU_0U_4U
 .hw_lock.ICU_0U_5U
                0x1ffe00ad        0x1 ./synergy/ssp/src/bsp/mcu/s7g2/bsp_hw_locks.o
                0x1ffe00ad                g_hw_lock_ICU_0U_5U
 .hw_lock.ICU_0U_6U
                0x1ffe00ae        0x1 ./synergy/ssp/src/bsp/mcu/s7g2/bsp_hw_locks.o
                0x1ffe00ae                g_hw_lock_ICU_0U_6U
 .hw_lock.ICU_0U_7U
                0x1ffe00af        0x1 ./synergy/ssp/src/bsp/mcu/s7g2/bsp_hw_locks.o
                0x1ffe00af                g_hw_lock_ICU_0U_7U
 .hw_lock.ICU_0U_8U
                0x1ffe00b0        0x1 ./synergy/ssp/src/bsp/mcu/s7g2/bsp_hw_locks.o
                0x1ffe00b0                g_hw_lock_ICU_0U_8U
 .hw_lock.ICU_0U_9U
                0x1ffe00b1        0x1 ./synergy/ssp/src/bsp/mcu/s7g2/bsp_hw_locks.o
                0x1ffe00b1                g_hw_lock_ICU_0U_9U
 .hw_lock.IIC_0U_0U
                0x1ffe00b2        0x1 ./synergy/ssp/src/bsp/mcu/s7g2/bsp_hw_locks.o
                0x1ffe00b2                g_hw_lock_IIC_0U_0U
 .hw_lock.IIC_0U_1U
                0x1ffe00b3        0x1 ./synergy/ssp/src/bsp/mcu/s7g2/bsp_hw_locks.o
                0x1ffe00b3                g_hw_lock_IIC_0U_1U
 .hw_lock.IIC_0U_2U
                0x1ffe00b4        0x1 ./synergy/ssp/src/bsp/mcu/s7g2/bsp_hw_locks.o
                0x1ffe00b4                g_hw_lock_IIC_0U_2U
 .hw_lock.IRDA_0U_0U
                0x1ffe00b5        0x1 ./synergy/ssp/src/bsp/mcu/s7g2/bsp_hw_locks.o
                0x1ffe00b5                g_hw_lock_IRDA_0U_0U
 .hw_lock.IWDT_0U_0U
                0x1ffe00b6        0x1 ./synergy/ssp/src/bsp/mcu/s7g2/bsp_hw_locks.o
                0x1ffe00b6                g_hw_lock_IWDT_0U_0U
 .hw_lock.JPEG_0U_0U
                0x1ffe00b7        0x1 ./synergy/ssp/src/bsp/mcu/s7g2/bsp_hw_locks.o
                0x1ffe00b7                g_hw_lock_JPEG_0U_0U
 .hw_lock.KEY_0U_0U
                0x1ffe00b8        0x1 ./synergy/ssp/src/bsp/mcu/s7g2/bsp_hw_locks.o
                0x1ffe00b8                g_hw_lock_KEY_0U_0U
 .hw_lock.LPM_1U_0U
                0x1ffe00b9        0x1 ./synergy/ssp/src/bsp/mcu/s7g2/bsp_hw_locks.o
                0x1ffe00b9                g_hw_lock_LPM_1U_0U
 .hw_lock.LVD_0U_0U
                0x1ffe00ba        0x1 ./synergy/ssp/src/bsp/mcu/s7g2/bsp_hw_locks.o
                0x1ffe00ba                g_hw_lock_LVD_0U_0U
 .hw_lock.LVD_0U_1U
                0x1ffe00bb        0x1 ./synergy/ssp/src/bsp/mcu/s7g2/bsp_hw_locks.o
                0x1ffe00bb                g_hw_lock_LVD_0U_1U
 .hw_lock.MMF_0U_0U
                0x1ffe00bc        0x1 ./synergy/ssp/src/bsp/mcu/s7g2/bsp_hw_locks.o
                0x1ffe00bc                g_hw_lock_MMF_0U_0U
 .hw_lock.MPU_0U_0U
                0x1ffe00bd        0x1 ./synergy/ssp/src/bsp/mcu/s7g2/bsp_hw_locks.o
                0x1ffe00bd                g_hw_lock_MPU_0U_0U
 .hw_lock.OPS_0U_0U
                0x1ffe00be        0x1 ./synergy/ssp/src/bsp/mcu/s7g2/bsp_hw_locks.o
                0x1ffe00be                g_hw_lock_OPS_0U_0U
 .hw_lock.PDC_0U_0U
                0x1ffe00bf        0x1 ./synergy/ssp/src/bsp/mcu/s7g2/bsp_hw_locks.o
                0x1ffe00bf                g_hw_lock_PDC_0U_0U
 .hw_lock.POEG_0U_0U
                0x1ffe00c0        0x1 ./synergy/ssp/src/bsp/mcu/s7g2/bsp_hw_locks.o
                0x1ffe00c0                g_hw_lock_POEG_0U_0U
 .hw_lock.POEG_0U_1U
                0x1ffe00c1        0x1 ./synergy/ssp/src/bsp/mcu/s7g2/bsp_hw_locks.o
                0x1ffe00c1                g_hw_lock_POEG_0U_1U
 .hw_lock.POEG_0U_2U
                0x1ffe00c2        0x1 ./synergy/ssp/src/bsp/mcu/s7g2/bsp_hw_locks.o
                0x1ffe00c2                g_hw_lock_POEG_0U_2U
 .hw_lock.POEG_0U_3U
                0x1ffe00c3        0x1 ./synergy/ssp/src/bsp/mcu/s7g2/bsp_hw_locks.o
                0x1ffe00c3                g_hw_lock_POEG_0U_3U
 .hw_lock.QSPI_0U_0U
                0x1ffe00c4        0x1 ./synergy/ssp/src/bsp/mcu/s7g2/bsp_hw_locks.o
                0x1ffe00c4                g_hw_lock_QSPI_0U_0U
 .hw_lock.RTC_0U_0U
                0x1ffe00c5        0x1 ./synergy/ssp/src/bsp/mcu/s7g2/bsp_hw_locks.o
                0x1ffe00c5                g_hw_lock_RTC_0U_0U
 .hw_lock.SCE_0U_0U
                0x1ffe00c6        0x1 ./synergy/ssp/src/bsp/mcu/s7g2/bsp_hw_locks.o
                0x1ffe00c6                g_hw_lock_SCE_0U_0U
 .hw_lock.SCI_0U_0U
                0x1ffe00c7        0x1 ./synergy/ssp/src/bsp/mcu/s7g2/bsp_hw_locks.o
                0x1ffe00c7                g_hw_lock_SCI_0U_0U
 .hw_lock.SCI_0U_1U
                0x1ffe00c8        0x1 ./synergy/ssp/src/bsp/mcu/s7g2/bsp_hw_locks.o
                0x1ffe00c8                g_hw_lock_SCI_0U_1U
 .hw_lock.SCI_0U_2U
                0x1ffe00c9        0x1 ./synergy/ssp/src/bsp/mcu/s7g2/bsp_hw_locks.o
                0x1ffe00c9                g_hw_lock_SCI_0U_2U
 .hw_lock.SCI_0U_3U
                0x1ffe00ca        0x1 ./synergy/ssp/src/bsp/mcu/s7g2/bsp_hw_locks.o
                0x1ffe00ca                g_hw_lock_SCI_0U_3U
 .hw_lock.SCI_0U_4U
                0x1ffe00cb        0x1 ./synergy/ssp/src/bsp/mcu/s7g2/bsp_hw_locks.o
                0x1ffe00cb                g_hw_lock_SCI_0U_4U
 .hw_lock.SCI_0U_5U
                0x1ffe00cc        0x1 ./synergy/ssp/src/bsp/mcu/s7g2/bsp_hw_locks.o
                0x1ffe00cc                g_hw_lock_SCI_0U_5U
 .hw_lock.SCI_0U_6U
                0x1ffe00cd        0x1 ./synergy/ssp/src/bsp/mcu/s7g2/bsp_hw_locks.o
                0x1ffe00cd                g_hw_lock_SCI_0U_6U
 .hw_lock.SCI_0U_7U
                0x1ffe00ce        0x1 ./synergy/ssp/src/bsp/mcu/s7g2/bsp_hw_locks.o
                0x1ffe00ce                g_hw_lock_SCI_0U_7U
 .hw_lock.SCI_0U_8U
                0x1ffe00cf        0x1 ./synergy/ssp/src/bsp/mcu/s7g2/bsp_hw_locks.o
                0x1ffe00cf                g_hw_lock_SCI_0U_8U
 .hw_lock.SCI_0U_9U
                0x1ffe00d0        0x1 ./synergy/ssp/src/bsp/mcu/s7g2/bsp_hw_locks.o
                0x1ffe00d0                g_hw_lock_SCI_0U_9U
 .hw_lock.SDHIMMC_0U_0U
                0x1ffe00d1        0x1 ./synergy/ssp/src/bsp/mcu/s7g2/bsp_hw_locks.o
                0x1ffe00d1                g_hw_lock_SDHIMMC_0U_0U
 .hw_lock.SDHIMMC_0U_1U
                0x1ffe00d2        0x1 ./synergy/ssp/src/bsp/mcu/s7g2/bsp_hw_locks.o
                0x1ffe00d2                g_hw_lock_SDHIMMC_0U_1U
 .hw_lock.SPI_0U_0U
                0x1ffe00d3        0x1 ./synergy/ssp/src/bsp/mcu/s7g2/bsp_hw_locks.o
                0x1ffe00d3                g_hw_lock_SPI_0U_0U
 .hw_lock.SPI_0U_1U
                0x1ffe00d4        0x1 ./synergy/ssp/src/bsp/mcu/s7g2/bsp_hw_locks.o
                0x1ffe00d4                g_hw_lock_SPI_0U_1U
 .hw_lock.SRC_0U_0U
                0x1ffe00d5        0x1 ./synergy/ssp/src/bsp/mcu/s7g2/bsp_hw_locks.o
                0x1ffe00d5                g_hw_lock_SRC_0U_0U
 .hw_lock.SSI_0U_0U
                0x1ffe00d6        0x1 ./synergy/ssp/src/bsp/mcu/s7g2/bsp_hw_locks.o
                0x1ffe00d6                g_hw_lock_SSI_0U_0U
 .hw_lock.SSI_0U_1U
                0x1ffe00d7        0x1 ./synergy/ssp/src/bsp/mcu/s7g2/bsp_hw_locks.o
                0x1ffe00d7                g_hw_lock_SSI_0U_1U
 .hw_lock.TSN_0U_0U
                0x1ffe00d8        0x1 ./synergy/ssp/src/bsp/mcu/s7g2/bsp_hw_locks.o
                0x1ffe00d8                g_hw_lock_TSN_0U_0U
 .hw_lock.USB_0U_0U
                0x1ffe00d9        0x1 ./synergy/ssp/src/bsp/mcu/s7g2/bsp_hw_locks.o
                0x1ffe00d9                g_hw_lock_USB_0U_0U
 .hw_lock.USB_1U_0U
                0x1ffe00da        0x1 ./synergy/ssp/src/bsp/mcu/s7g2/bsp_hw_locks.o
                0x1ffe00da                g_hw_lock_USB_1U_0U
 .hw_lock.WDT_0U_0U
                0x1ffe00db        0x1 ./synergy/ssp/src/bsp/mcu/s7g2/bsp_hw_locks.o
                0x1ffe00db                g_hw_lock_WDT_0U_0U
                0x1ffe00dc                __Lock_End = .
                0x1ffe00dc                . = ALIGN (0x4)
                0x1ffe00dc                __data_end__ = .
                0x0000006c                __Lock_Size = (__Lock_End - __Lock_Start)

.igot.plt       0x1ffe00dc        0x0 load address 0x00005b48
 .igot.plt      0x1ffe00dc        0x0 c:/renesas/synergy/e2studio_v7.5.1_ssp_v1.7.8/toolchains/gcc_arm/7.2.1_2017q4/bin/../lib/gcc/arm-none-eabi/7.2.1/thumb/v7e-m/fpv4-sp/hard/crtbegin.o

.qspi_flash     0x60000000        0x0
                0x60000000                __qspi_flash_start__ = .
 *(.qspi_flash*)
                0x60000000                __qspi_flash_end__ = .
                0x00000000                __qspi_flash_code_size__ = (__qspi_flash_end__ - __qspi_flash_start__)
                0x00005b48                __qspi_flash_code_addr__ = (__etext + (__data_end__ - __data_start__))

.qspi_non_retentive
                0x60000000        0x0 load address 0x00005b48
                0x60000000                __qspi_non_retentive_start__ = .
 *(.qspi_non_retentive*)
                0x60000000                __qspi_non_retentive_end__ = .
                0x00000000                __qspi_non_retentive_size__ = (__qspi_non_retentive_end__ - __qspi_non_retentive_start__)
                0x04000000                __qspi_region_max_size__ = 0x4000000
                0x60000000                __qspi_region_start_address__ = __qspi_flash_start__
                0x64000000                __qspi_region_end_address__ = (__qspi_flash_start__ + __qspi_region_max_size__)

.noinit         0x1ffe00e0       0x40
                0x1ffe00e0                . = ALIGN (0x4)
                0x1ffe00e0                __noinit_start = .
 *(.noinit*)
 .noinit        0x1ffe00e0       0x14 ./synergy/ssp/src/driver/r_ioport/r_ioport.o
 .noinit        0x1ffe00f4        0x4 ./synergy/ssp/src/driver/r_fmi/r_fmi.o
 .noinit        0x1ffe00f8       0x20 ./synergy/ssp/src/driver/r_cgc/r_cgc.o
                0x1ffe00f8                gp_cgc_feature
 .noinit        0x1ffe0118        0x8 ./synergy/ssp/src/bsp/cmsis/Device/RENESAS/S7G2/Source/system_S7G2.o
                0x1ffe0120                __noinit_end = .

.bss            0x1ffe0120      0x8a8
                0x1ffe0120                . = ALIGN (0x4)
                0x1ffe0120                __bss_start__ = .
 *(.bss*)
 .bss           0x1ffe0120       0x1c c:/renesas/synergy/e2studio_v7.5.1_ssp_v1.7.8/toolchains/gcc_arm/7.2.1_2017q4/bin/../lib/gcc/arm-none-eabi/7.2.1/thumb/v7e-m/fpv4-sp/hard/crtbegin.o
 .bss.g_protect_pfswe_counter
                0x1ffe013c        0x2 ./synergy/ssp/src/driver/r_ioport/r_ioport.o
                0x1ffe013c                g_protect_pfswe_counter
 *fill*         0x1ffe013e        0x2 
 .bss.gp_elc_reg
                0x1ffe0140        0x4 ./synergy/ssp/src/driver/r_elc/r_elc.o
 .bss.g_bsp_group_irq_sources
                0x1ffe0144       0x30 ./synergy/ssp/src/bsp/mcu/s7g2/bsp_group_irq.o
 .bss.g_vector_information_size
                0x1ffe0174        0x4 ./synergy/ssp/src/bsp/mcu/all/bsp_irq.o
                0x1ffe0174                g_vector_information_size
 .bss.g_bsp_lock_lookup_size
                0x1ffe0178        0x4 ./synergy/ssp/src/bsp/mcu/all/bsp_locking.o
 .bss.gp_bsp_lock_lookup
                0x1ffe017c        0x4 ./synergy/ssp/src/bsp/mcu/all/bsp_locking.o
 .bss.gp_bsp_locks
                0x1ffe0180        0x4 ./synergy/ssp/src/bsp/mcu/all/bsp_locking.o
 .bss.g_protect_counters
                0x1ffe0184        0x6 ./synergy/ssp/src/bsp/mcu/all/bsp_register_protection.o
 *fill*         0x1ffe018a        0x2 
 .bss.current_heap_end.23818
                0x1ffe018c        0x4 ./synergy/ssp/src/bsp/mcu/all/bsp_sbrk.o
 .bss.SystemCoreClock
                0x1ffe0190        0x4 ./synergy/ssp/src/bsp/cmsis/Device/RENESAS/S7G2/Source/system_S7G2.o
                0x1ffe0190                SystemCoreClock
 .bss.device_characteristics
                0x1ffe0194        0x3 ./synergy/board/s7g2_sk/bsp_qspi.o
 *fill*         0x1ffe0197        0x1 
 .bss.flag_status2
                0x1ffe0198        0x1 ./synergy/board/s7g2_sk/bsp_qspi.o
 *fill*         0x1ffe0199        0x3 
 .bss.queue_memory_g_new_queue0
                0x1ffe019c      0x320 ./src/synergy_gen/blinky_thread.o
 .bss.g_prcr    0x1ffe04bc        0x4 C:\Users\gabri\Documentos\e2_studio\workplace\lab7\synergy\ssp\src\framework\el\tx\cm4_gcc\libtx.a(tx_thread_schedule.o)
 .bss.g_sbycr_ssby
                0x1ffe04c0        0x4 C:\Users\gabri\Documentos\e2_studio\workplace\lab7\synergy\ssp\src\framework\el\tx\cm4_gcc\libtx.a(tx_thread_schedule.o)
 .bss.__malloc_free_list
                0x1ffe04c4        0x4 c:/renesas/synergy/e2studio_v7.5.1_ssp_v1.7.8/toolchains/gcc_arm/7.2.1_2017q4/bin/../lib/gcc/arm-none-eabi/7.2.1/../../../../arm-none-eabi/lib/thumb/v7e-m/fpv4-sp/hard\libg_nano.a(lib_a-nano-mallocr.o)
                0x1ffe04c4                __malloc_free_list
 .bss.__malloc_sbrk_start
                0x1ffe04c8        0x4 c:/renesas/synergy/e2studio_v7.5.1_ssp_v1.7.8/toolchains/gcc_arm/7.2.1_2017q4/bin/../lib/gcc/arm-none-eabi/7.2.1/../../../../arm-none-eabi/lib/thumb/v7e-m/fpv4-sp/hard\libg_nano.a(lib_a-nano-mallocr.o)
                0x1ffe04c8                __malloc_sbrk_start
 *(COMMON)
 COMMON         0x1ffe04cc      0x124 ./src/synergy_gen/blinky_thread.o
                0x1ffe04cc                blinky_thread
                0x1ffe0584                g_new_queue0
                0x1ffe05bc                g_new_mutex0
 COMMON         0x1ffe05f0       0x24 ./src/synergy_gen/main.o
                0x1ffe05f0                g_ssp_common_initialized
                0x1ffe05f4                g_ssp_common_initialized_semaphore
                0x1ffe0610                g_ssp_common_thread_count
 COMMON         0x1ffe0614       0xb8 ./src/synergy_gen/rx_thread.o
                0x1ffe0614                rx_thread
 COMMON         0x1ffe06cc       0xb8 ./src/synergy_gen/sender1.o
                0x1ffe06cc                sender1
 COMMON         0x1ffe0784       0xb8 ./src/synergy_gen/sender2.o
                0x1ffe0784                sender2
 COMMON         0x1ffe083c       0x34 C:\Users\gabri\Documentos\e2_studio\workplace\lab7\synergy\ssp\src\framework\el\tx\cm4_gcc\libtx.a(tx_initialize_high_level.o)
                0x1ffe083c                _tx_event_flags_created_ptr
                0x1ffe0840                _tx_mutex_created_count
                0x1ffe0844                _tx_mutex_created_ptr
                0x1ffe0848                _tx_queue_created_count
                0x1ffe084c                _tx_semaphore_created_ptr